Sim Day 000, Time 06:00		
rlController INIT | subject=adult#010 | pop=Type2 Adult | Gb=156.2 | convFactor=6.00 | cgm_t0=155.2 mg/dL
t=0  min | Steps=1 | CGM=155.2 | ROC=+0.000 | Mean4-CGM=155.2 | Err=+45.2 | InsLock=1 | Action=16/16 | rivi_RL=150.00 | InsRate=900.00 pmol/min | 
Sim Day 000, Time 06:15		
t=15 min | Steps=2 | CGM=159.2 | ROC=+0.439 | Mean4-CGM=156.7 | Err=+49.2 | InsLock=1 | Action=14/16 | rivi_RL=130.00 | InsRate=780.00 pmol/min | Delayed_Reward=-0.01 | Cum_Reward=-0.01
Sim Day 000, Time 06:30		
t=30 min | Steps=3 | CGM=159.0 | ROC=+0.232 | Mean4-CGM=158.4 | Err=+49.0 | InsLock=1 | Action=14/16 | rivi_RL=130.00 | InsRate=780.00 pmol/min | Delayed_Reward=-0.00 | Cum_Reward=-0.01
Sim Day 000, Time 06:45		
t=45 min | Steps=4 | CGM=153.7 | ROC=-0.556 | Mean4-CGM=156.3 | Err=+43.7 | InsLock=1 | Action=14/16 | rivi_RL=130.00 | InsRate=780.00 pmol/min | Delayed_Reward=0.01 | Cum_Reward=-0.00
Sim Day 000, Time 07:00		
t=60 min | Steps=5 | CGM=143.2 | ROC=-0.389 | Mean4-CGM=148.6 | Err=+33.2 | InsLock=1 | Action=14/16 | rivi_RL=130.00 | InsRate=780.00 pmol/min | Delayed_Reward=0.01 | Cum_Reward=0.01
Sim Day 000, Time 07:15		
t=75 min | Steps=6 | CGM=131.3 | ROC=-0.185 | Mean4-CGM=137.3 | Err=+21.3 | InsLock=1 | Action=14/16 | rivi_RL=130.00 | InsRate=780.00 pmol/min | Delayed_Reward=0.00 | Cum_Reward=0.01
Sim Day 000, Time 07:30		
t=90 min | Steps=7 | CGM=122.5 | ROC=+0.072 | Mean4-CGM=126.0 | Err=+12.5 | InsLock=1 | Action=14/16 | rivi_RL=130.00 | InsRate=780.00 pmol/min | Delayed_Reward=-0.00 | Cum_Reward=0.01
Sim Day 000, Time 07:45		
t=105 min | Steps=8 | CGM=112.7 | ROC=-0.278 | Mean4-CGM=115.5 | Err=+2.7 | InsLock=1 | Action=14/16 | rivi_RL=130.00 | InsRate=780.00 pmol/min | Delayed_Reward=0.08 | Cum_Reward=0.09
Sim Day 000, Time 08:00		
t=120 min | Steps=9 | CGM=107.3 | ROC=-0.483 | Mean4-CGM=109.6 | Err=-2.7 | InsLock=1 | Action=9/16 | rivi_RL=80.00 | InsRate=480.00 pmol/min | Delayed_Reward=0.07 | Cum_Reward=0.16
Sim Day 000, Time 08:15		
t=135 min | Steps=10 | CGM=114.0 | ROC=+0.173 | Mean4-CGM=112.3 | Err=+4.0 | InsLock=1 | Action=16/16 | rivi_RL=150.00 | InsRate=900.00 pmol/min | Delayed_Reward=0.08 | Cum_Reward=0.25
Sim Day 000, Time 08:30		
t=150 min | Steps=11 | CGM=110.9 | ROC=-1.048 | Mean4-CGM=113.3 | Err=+0.9 | InsLock=1 | Action=9/16 | rivi_RL=80.00 | InsRate=480.00 pmol/min | Delayed_Reward=0.08 | Cum_Reward=0.33
Sim Day 000, Time 08:45		
t=165 min | Steps=12 | CGM=108.2 | ROC=-0.859 | Mean4-CGM=111.0 | Err=-1.8 | InsLock=1 | Action=9/16 | rivi_RL=80.00 | InsRate=480.00 pmol/min | Delayed_Reward=0.08 | Cum_Reward=0.41
Sim Day 000, Time 09:00		
t=180 min | Steps=13 | CGM=103.2 | ROC=-0.875 | Mean4-CGM=105.8 | Err=-6.8 | InsLock=1 | Action=9/16 | rivi_RL=80.00 | InsRate=480.00 pmol/min | Delayed_Reward=0.07 | Cum_Reward=0.48
Sim Day 000, Time 09:15		
t=195 min | Steps=14 | CGM=95.6 | ROC=-0.284 | Mean4-CGM=98.8 | Err=-14.4 | InsLock=0 | Action=1/16 | rivi_RL=0.00 | InsRate=0.00 pmol/min | Delayed_Reward=0.08 | Cum_Reward=0.56
Sim Day 000, Time 09:30		
t=210 min | Steps=15 | CGM=86.5 | ROC=-0.355 | Mean4-CGM=90.2 | Err=-23.5 | InsLock=0 | Action=1/16 | rivi_RL=0.00 | InsRate=0.00 pmol/min | Delayed_Reward=0.08 | Cum_Reward=0.63
Sim Day 000, Time 09:45		
t=225 min | Steps=16 | CGM=83.0 | ROC=+0.177 | Mean4-CGM=82.9 | Err=-27.0 | InsLock=0 | Action=1/16 | rivi_RL=0.00 | InsRate=0.00 pmol/min | Delayed_Reward=0.00 | Cum_Reward=0.64
Sim Day 000, Time 10:00		
t=240 min | Steps=17 | CGM=87.6 | ROC=+0.221 | Mean4-CGM=85.3 | Err=-22.4 | InsLock=0 | Action=1/16 | rivi_RL=0.00 | InsRate=0.00 pmol/min | Delayed_Reward=0.00 | Cum_Reward=0.64
Sim Day 000, Time 10:15		
t=255 min | Steps=18 | CGM=93.0 | ROC=+0.599 | Mean4-CGM=90.5 | Err=-17.0 | InsLock=0 | Action=1/16 | rivi_RL=0.00 | InsRate=0.00 pmol/min | Delayed_Reward=0.10 | Cum_Reward=0.74
Sim Day 000, Time 10:30		
t=270 min | Steps=19 | CGM=98.9 | ROC=+0.484 | Mean4-CGM=95.4 | Err=-11.1 | InsLock=0 | Action=1/16 | rivi_RL=0.00 | InsRate=0.00 pmol/min | Delayed_Reward=0.09 | Cum_Reward=0.83
Sim Day 000, Time 10:45		
t=285 min | Steps=20 | CGM=104.4 | ROC=+0.441 | Mean4-CGM=101.5 | Err=-5.6 | InsLock=1 | Action=11/16 | rivi_RL=100.00 | InsRate=600.00 pmol/min | Delayed_Reward=0.09 | Cum_Reward=0.92
Sim Day 000, Time 11:00		
t=300 min | Steps=21 | CGM=104.0 | ROC=-0.235 | Mean4-CGM=104.8 | Err=-6.0 | InsLock=1 | Action=5/16 | rivi_RL=40.00 | InsRate=240.00 pmol/min | Delayed_Reward=0.08 | Cum_Reward=1.00
Sim Day 000, Time 11:15		
t=315 min | Steps=22 | CGM=99.3 | ROC=-0.659 | Mean4-CGM=103.0 | Err=-10.7 | InsLock=0 | Action=1/16 | rivi_RL=0.00 | InsRate=0.00 pmol/min | Delayed_Reward=0.07 | Cum_Reward=1.07
Sim Day 000, Time 11:30		
t=330 min | Steps=23 | CGM=88.2 | ROC=-0.715 | Mean4-CGM=93.6 | Err=-21.8 | InsLock=0 | Action=1/16 | rivi_RL=0.00 | InsRate=0.00 pmol/min | Delayed_Reward=0.07 | Cum_Reward=1.14
Sim Day 000, Time 11:45		
t=345 min | Steps=24 | CGM=91.6 | ROC=+0.333 | Mean4-CGM=90.0 | Err=-18.4 | InsLock=0 | Action=1/16 | rivi_RL=0.00 | InsRate=0.00 pmol/min | Delayed_Reward=0.09 | Cum_Reward=1.23
Sim Day 000, Time 12:00		
t=360 min | Steps=25 | CGM=91.8 | ROC=-0.838 | Mean4-CGM=92.4 | Err=-18.2 | InsLock=0 | Action=1/16 | rivi_RL=0.00 | InsRate=0.00 pmol/min | Delayed_Reward=0.07 | Cum_Reward=1.30
Sim Day 000, Time 12:15		
t=375 min | Steps=26 | CGM=100.9 | ROC=-0.031 | Mean4-CGM=97.6 | Err=-9.1 | InsLock=1 | Action=2/16 | rivi_RL=10.00 | InsRate=60.00 pmol/min | Delayed_Reward=0.08 | Cum_Reward=1.38
Sim Day 000, Time 12:30		
t=390 min | Steps=27 | CGM=103.8 | ROC=-0.159 | Mean4-CGM=103.2 | Err=-6.2 | InsLock=1 | Action=9/16 | rivi_RL=80.00 | InsRate=480.00 pmol/min | Delayed_Reward=0.08 | Cum_Reward=1.46
Sim Day 000, Time 12:45		
t=405 min | Steps=28 | CGM=128.2 | ROC=+1.876 | Mean4-CGM=115.9 | Err=+18.2 | InsLock=1 | Action=14/16 | rivi_RL=130.00 | InsRate=780.00 pmol/min | Delayed_Reward=0.08 | Cum_Reward=1.54
Sim Day 000, Time 13:00		
t=420 min | Steps=29 | CGM=154.9 | ROC=+1.197 | Mean4-CGM=142.8 | Err=+44.9 | InsLock=1 | Action=14/16 | rivi_RL=130.00 | InsRate=780.00 pmol/min | Delayed_Reward=-0.02 | Cum_Reward=1.52
Sim Day 000, Time 13:15		
t=435 min | Steps=30 | CGM=174.8 | ROC=+0.844 | Mean4-CGM=166.2 | Err=+64.8 | InsLock=1 | Action=14/16 | rivi_RL=130.00 | InsRate=780.00 pmol/min | Delayed_Reward=-0.02 | Cum_Reward=1.50
Sim Day 000, Time 13:30		
t=450 min | Steps=31 | CGM=175.9 | ROC=-0.817 | Mean4-CGM=177.5 | Err=+65.9 | InsLock=1 | Action=14/16 | rivi_RL=130.00 | InsRate=780.00 pmol/min | Delayed_Reward=0.02 | Cum_Reward=1.52
Sim Day 000, Time 13:45		
t=465 min | Steps=32 | CGM=173.1 | ROC=-0.858 | Mean4-CGM=176.8 | Err=+63.1 | InsLock=1 | Action=14/16 | rivi_RL=130.00 | InsRate=780.00 pmol/min | Delayed_Reward=0.02 | Cum_Reward=1.53
Sim Day 000, Time 14:00		
t=480 min | Steps=33 | CGM=163.8 | ROC=-0.708 | Mean4-CGM=169.4 | Err=+53.8 | InsLock=1 | Action=14/16 | rivi_RL=130.00 | InsRate=780.00 pmol/min | Delayed_Reward=0.01 | Cum_Reward=1.55
Sim Day 000, Time 14:15		
t=495 min | Steps=34 | CGM=151.0 | ROC=-0.635 | Mean4-CGM=157.6 | Err=+41.0 | InsLock=1 | Action=14/16 | rivi_RL=130.00 | InsRate=780.00 pmol/min | Delayed_Reward=0.01 | Cum_Reward=1.56
Sim Day 000, Time 14:30		
t=510 min | Steps=35 | CGM=133.9 | ROC=-1.942 | Mean4-CGM=143.6 | Err=+23.9 | InsLock=1 | Action=14/16 | rivi_RL=130.00 | InsRate=780.00 pmol/min | Delayed_Reward=0.04 | Cum_Reward=1.60
Sim Day 000, Time 14:45		
t=525 min | Steps=36 | CGM=117.6 | ROC=-0.949 | Mean4-CGM=125.0 | Err=+7.6 | InsLock=1 | Action=14/16 | rivi_RL=130.00 | InsRate=780.00 pmol/min | Delayed_Reward=0.02 | Cum_Reward=1.62
Sim Day 000, Time 15:00		
t=540 min | Steps=37 | CGM=103.0 | ROC=-1.258 | Mean4-CGM=110.4 | Err=-7.0 | InsLock=1 | Action=9/16 | rivi_RL=80.00 | InsRate=480.00 pmol/min | Delayed_Reward=0.08 | Cum_Reward=1.71
Sim Day 000, Time 15:15		
t=555 min | Steps=38 | CGM=89.1 | ROC=-0.293 | Mean4-CGM=94.5 | Err=-20.9 | InsLock=0 | Action=1/16 | rivi_RL=0.00 | InsRate=0.00 pmol/min | Delayed_Reward=0.08 | Cum_Reward=1.78
Sim Day 000, Time 15:30		
t=570 min | Steps=39 | CGM=74.5 | ROC=-0.697 | Mean4-CGM=81.8 | Err=-35.5 | InsLock=0 | Action=1/16 | rivi_RL=0.00 | InsRate=0.00 pmol/min | Delayed_Reward=-0.01 | Cum_Reward=1.77
Sim Day 000, Time 15:45		
t=585 min | Steps=40 | CGM=64.0 | ROC=-0.243 | Mean4-CGM=68.2 | Err=-46.0 | InsLock=0 | Action=1/16 | rivi_RL=0.00 | InsRate=0.00 pmol/min | Delayed_Reward=-0.17 | Cum_Reward=1.60
Sim Day 000, Time 16:00		
t=600 min | Steps=41 | CGM=66.5 | ROC=-0.310 | Mean4-CGM=65.4 | Err=-43.5 | InsLock=0 | Action=1/16 | rivi_RL=0.00 | InsRate=0.00 pmol/min | Delayed_Reward=-0.17 | Cum_Reward=1.42
Sim Day 000, Time 16:15		
t=615 min | Steps=42 | CGM=76.5 | ROC=+0.445 | Mean4-CGM=71.8 | Err=-33.5 | InsLock=0 | Action=1/16 | rivi_RL=0.00 | InsRate=0.00 pmol/min | Delayed_Reward=-0.16 | Cum_Reward=1.27
Sim Day 000, Time 16:30		
t=630 min | Steps=43 | CGM=81.0 | ROC=+0.059 | Mean4-CGM=78.8 | Err=-29.0 | InsLock=0 | Action=1/16 | rivi_RL=0.00 | InsRate=0.00 pmol/min | Delayed_Reward=0.00 | Cum_Reward=1.27
Sim Day 000, Time 16:45		
t=645 min | Steps=44 | CGM=87.6 | ROC=+0.451 | Mean4-CGM=84.5 | Err=-22.4 | InsLock=0 | Action=1/16 | rivi_RL=0.00 | InsRate=0.00 pmol/min | Delayed_Reward=0.01 | Cum_Reward=1.28
Sim Day 000, Time 17:00		
t=660 min | Steps=45 | CGM=96.8 | ROC=+0.943 | Mean4-CGM=91.4 | Err=-13.2 | InsLock=0 | Action=1/16 | rivi_RL=0.00 | InsRate=0.00 pmol/min | Delayed_Reward=0.10 | Cum_Reward=1.38
Sim Day 000, Time 17:15		
t=675 min | Steps=46 | CGM=98.7 | ROC=+0.339 | Mean4-CGM=96.4 | Err=-11.3 | InsLock=0 | Action=1/16 | rivi_RL=0.00 | InsRate=0.00 pmol/min | Delayed_Reward=0.09 | Cum_Reward=1.47
Sim Day 000, Time 17:30		
t=690 min | Steps=47 | CGM=105.1 | ROC=+0.838 | Mean4-CGM=101.1 | Err=-4.9 | InsLock=1 | Action=11/16 | rivi_RL=100.00 | InsRate=600.00 pmol/min | Delayed_Reward=0.10 | Cum_Reward=1.57
Sim Day 000, Time 17:45		
t=705 min | Steps=48 | CGM=102.6 | ROC=-0.652 | Mean4-CGM=104.4 | Err=-7.4 | InsLock=1 | Action=3/16 | rivi_RL=20.00 | InsRate=120.00 pmol/min | Delayed_Reward=0.07 | Cum_Reward=1.64
Sim Day 000, Time 18:00		
t=720 min | Steps=49 | CGM=100.3 | ROC=-1.485 | Mean4-CGM=103.8 | Err=-9.7 | InsLock=1 | Action=3/16 | rivi_RL=20.00 | InsRate=120.00 pmol/min | Delayed_Reward=0.05 | Cum_Reward=1.69
Sim Day 000, Time 18:15		
t=735 min | Steps=50 | CGM=93.7 | ROC=+0.156 | Mean4-CGM=95.5 | Err=-16.3 | InsLock=0 | Action=1/16 | rivi_RL=0.00 | InsRate=0.00 pmol/min | Delayed_Reward=0.09 | Cum_Reward=1.78
Sim Day 000, Time 18:30		
t=750 min | Steps=51 | CGM=87.9 | ROC=+0.925 | Mean4-CGM=88.4 | Err=-22.1 | InsLock=0 | Action=1/16 | rivi_RL=0.00 | InsRate=0.00 pmol/min | Delayed_Reward=0.02 | Cum_Reward=1.80
Sim Day 000, Time 18:45		
t=765 min | Steps=52 | CGM=101.8 | ROC=+1.535 | Mean4-CGM=92.4 | Err=-8.2 | InsLock=1 | Action=14/16 | rivi_RL=130.00 | InsRate=780.00 pmol/min | Delayed_Reward=0.12 | Cum_Reward=1.91
Sim Day 000, Time 19:00		
t=780 min | Steps=53 | CGM=133.6 | ROC=+2.710 | Mean4-CGM=116.9 | Err=+23.6 | InsLock=1 | Action=14/16 | rivi_RL=130.00 | InsRate=780.00 pmol/min | Delayed_Reward=0.08 | Cum_Reward=2.00
Sim Day 000, Time 19:15		
t=795 min | Steps=54 | CGM=147.1 | ROC=+1.312 | Mean4-CGM=138.7 | Err=+37.1 | InsLock=1 | Action=14/16 | rivi_RL=130.00 | InsRate=780.00 pmol/min | Delayed_Reward=-0.03 | Cum_Reward=1.97
Sim Day 000, Time 19:30		
t=810 min | Steps=55 | CGM=154.9 | ROC=+0.186 | Mean4-CGM=150.9 | Err=+44.9 | InsLock=1 | Action=14/16 | rivi_RL=130.00 | InsRate=780.00 pmol/min | Delayed_Reward=-0.00 | Cum_Reward=1.97
Sim Day 000, Time 19:45		
t=825 min | Steps=56 | CGM=150.4 | ROC=-1.160 | Mean4-CGM=154.2 | Err=+40.4 | InsLock=1 | Action=14/16 | rivi_RL=130.00 | InsRate=780.00 pmol/min | Delayed_Reward=0.02 | Cum_Reward=1.99
Sim Day 000, Time 20:00		
t=840 min | Steps=57 | CGM=146.7 | ROC=+0.175 | Mean4-CGM=147.5 | Err=+36.7 | InsLock=1 | Action=14/16 | rivi_RL=130.00 | InsRate=780.00 pmol/min | Delayed_Reward=-0.00 | Cum_Reward=1.99
Sim Day 000, Time 20:15		
t=855 min | Steps=58 | CGM=135.2 | ROC=-1.306 | Mean4-CGM=141.8 | Err=+25.2 | InsLock=1 | Action=14/16 | rivi_RL=130.00 | InsRate=780.00 pmol/min | Delayed_Reward=0.03 | Cum_Reward=2.01
Sim Day 000, Time 20:30		
t=870 min | Steps=59 | CGM=122.7 | ROC=-0.974 | Mean4-CGM=129.7 | Err=+12.7 | InsLock=1 | Action=14/16 | rivi_RL=130.00 | InsRate=780.00 pmol/min | Delayed_Reward=0.02 | Cum_Reward=2.03
Sim Day 000, Time 20:45		
t=885 min | Steps=60 | CGM=107.0 | ROC=-0.784 | Mean4-CGM=114.2 | Err=-3.0 | InsLock=1 | Action=9/16 | rivi_RL=80.00 | InsRate=480.00 pmol/min | Delayed_Reward=0.08 | Cum_Reward=2.12
Sim Day 000, Time 21:00		
t=900 min | Steps=61 | CGM=92.4 | ROC=-0.810 | Mean4-CGM=99.9 | Err=-17.6 | InsLock=0 | Action=1/16 | rivi_RL=0.00 | InsRate=0.00 pmol/min | Delayed_Reward=0.07 | Cum_Reward=2.18
Sim Day 000, Time 21:15		
t=915 min | Steps=62 | CGM=78.4 | ROC=-0.800 | Mean4-CGM=86.0 | Err=-31.6 | InsLock=0 | Action=1/16 | rivi_RL=0.00 | InsRate=0.00 pmol/min | Delayed_Reward=-0.02 | Cum_Reward=2.17
Sim Day 000, Time 21:30		
t=930 min | Steps=63 | CGM=70.9 | ROC=-0.471 | Mean4-CGM=74.3 | Err=-39.1 | InsLock=0 | Action=1/16 | rivi_RL=0.00 | InsRate=0.00 pmol/min | Delayed_Reward=-0.18 | Cum_Reward=1.99
Sim Day 000, Time 21:45		
t=945 min | Steps=64 | CGM=76.9 | ROC=-0.359 | Mean4-CGM=75.0 | Err=-33.1 | InsLock=0 | Action=1/16 | rivi_RL=0.00 | InsRate=0.00 pmol/min | Delayed_Reward=-0.01 | Cum_Reward=1.98
Sim Day 000, Time 22:00		
t=960 min | Steps=65 | CGM=85.5 | ROC=+0.186 | Mean4-CGM=82.6 | Err=-24.5 | InsLock=0 | Action=1/16 | rivi_RL=0.00 | InsRate=0.00 pmol/min | Delayed_Reward=0.00 | Cum_Reward=1.99
Sim Day 000, Time 22:15		
t=975 min | Steps=66 | CGM=88.9 | ROC=-0.293 | Mean4-CGM=88.3 | Err=-21.1 | InsLock=0 | Action=1/16 | rivi_RL=0.00 | InsRate=0.00 pmol/min | Delayed_Reward=-0.01 | Cum_Reward=1.98
Sim Day 000, Time 22:30		
t=990 min | Steps=67 | CGM=96.9 | ROC=+1.009 | Mean4-CGM=92.2 | Err=-13.1 | InsLock=0 | Action=1/16 | rivi_RL=0.00 | InsRate=0.00 pmol/min | Delayed_Reward=0.10 | Cum_Reward=2.09
Sim Day 000, Time 22:45		
t=1005 min | Steps=68 | CGM=100.2 | ROC=-0.471 | Mean4-CGM=99.4 | Err=-9.8 | InsLock=1 | Action=2/16 | rivi_RL=10.00 | InsRate=60.00 pmol/min | Delayed_Reward=0.07 | Cum_Reward=2.16
Sim Day 000, Time 23:00		
t=1020 min | Steps=69 | CGM=107.1 | ROC=+0.666 | Mean4-CGM=103.9 | Err=-2.9 | InsLock=1 | Action=9/16 | rivi_RL=80.00 | InsRate=480.00 pmol/min | Delayed_Reward=0.10 | Cum_Reward=2.26
Sim Day 000, Time 23:15		
t=1035 min | Steps=70 | CGM=109.9 | ROC=+0.555 | Mean4-CGM=107.8 | Err=-0.1 | InsLock=1 | Action=9/16 | rivi_RL=80.00 | InsRate=480.00 pmol/min | Delayed_Reward=0.09 | Cum_Reward=2.35
Sim Day 000, Time 23:30		
t=1050 min | Steps=71 | CGM=110.5 | ROC=+0.250 | Mean4-CGM=109.7 | Err=+0.5 | InsLock=1 | Action=9/16 | rivi_RL=80.00 | InsRate=480.00 pmol/min | Delayed_Reward=0.09 | Cum_Reward=2.44
Sim Day 000, Time 23:45		
t=1065 min | Steps=72 | CGM=98.5 | ROC=-0.875 | Mean4-CGM=103.4 | Err=-11.5 | InsLock=0 | Action=1/16 | rivi_RL=0.00 | InsRate=0.00 pmol/min | Delayed_Reward=0.07 | Cum_Reward=2.51
Sim Day 000, Time 00:00		
t=1080 min | Steps=73 | CGM=89.5 | ROC=-1.382 | Mean4-CGM=95.4 | Err=-20.5 | InsLock=0 | Action=1/16 | rivi_RL=0.00 | InsRate=0.00 pmol/min | Delayed_Reward=0.05 | Cum_Reward=2.56
Sim Day 000, Time 00:15		
t=1095 min | Steps=74 | CGM=87.7 | ROC=+0.892 | Mean4-CGM=86.9 | Err=-22.3 | InsLock=0 | Action=1/16 | rivi_RL=0.00 | InsRate=0.00 pmol/min | Delayed_Reward=0.02 | Cum_Reward=2.58
Sim Day 000, Time 00:30		
t=1110 min | Steps=75 | CGM=90.1 | ROC=-0.262 | Mean4-CGM=89.6 | Err=-19.9 | InsLock=0 | Action=1/16 | rivi_RL=0.00 | InsRate=0.00 pmol/min | Delayed_Reward=-0.01 | Cum_Reward=2.57
Sim Day 000, Time 00:45		
t=1125 min | Steps=76 | CGM=101.7 | ROC=+1.035 | Mean4-CGM=95.0 | Err=-8.3 | InsLock=1 | Action=11/16 | rivi_RL=100.00 | InsRate=600.00 pmol/min | Delayed_Reward=0.10 | Cum_Reward=2.68
Sim Day 000, Time 01:00		
t=1140 min | Steps=77 | CGM=103.9 | ROC=-0.502 | Mean4-CGM=104.2 | Err=-6.1 | InsLock=1 | Action=5/16 | rivi_RL=40.00 | InsRate=240.00 pmol/min | Delayed_Reward=0.07 | Cum_Reward=2.75
Sim Day 000, Time 01:15		
t=1155 min | Steps=78 | CGM=103.6 | ROC=+0.204 | Mean4-CGM=103.2 | Err=-6.4 | InsLock=1 | Action=9/16 | rivi_RL=80.00 | InsRate=480.00 pmol/min | Delayed_Reward=0.09 | Cum_Reward=2.84
Sim Day 000, Time 01:30		
t=1170 min | Steps=79 | CGM=100.2 | ROC=+0.238 | Mean4-CGM=100.8 | Err=-9.8 | InsLock=1 | Action=9/16 | rivi_RL=80.00 | InsRate=480.00 pmol/min | Delayed_Reward=0.09 | Cum_Reward=2.93
Sim Day 000, Time 01:45		
t=1185 min | Steps=80 | CGM=94.6 | ROC=+0.806 | Mean4-CGM=95.4 | Err=-15.4 | InsLock=0 | Action=1/16 | rivi_RL=0.00 | InsRate=0.00 pmol/min | Delayed_Reward=0.10 | Cum_Reward=3.03
Sim Day 000, Time 02:00		
t=1200 min | Steps=81 | CGM=83.5 | ROC=-0.795 | Mean4-CGM=89.2 | Err=-26.5 | InsLock=0 | Action=1/16 | rivi_RL=0.00 | InsRate=0.00 pmol/min | Delayed_Reward=-0.02 | Cum_Reward=3.01
Sim Day 000, Time 02:15		
t=1215 min | Steps=82 | CGM=83.0 | ROC=-0.359 | Mean4-CGM=84.8 | Err=-27.0 | InsLock=0 | Action=1/16 | rivi_RL=0.00 | InsRate=0.00 pmol/min | Delayed_Reward=-0.01 | Cum_Reward=3.00
Sim Day 000, Time 02:30		
t=1230 min | Steps=83 | CGM=89.9 | ROC=+0.415 | Mean4-CGM=87.1 | Err=-20.1 | InsLock=0 | Action=1/16 | rivi_RL=0.00 | InsRate=0.00 pmol/min | Delayed_Reward=0.01 | Cum_Reward=3.01
Sim Day 000, Time 02:45		
t=1245 min | Steps=84 | CGM=97.1 | ROC=+0.849 | Mean4-CGM=93.6 | Err=-12.9 | InsLock=0 | Action=1/16 | rivi_RL=0.00 | InsRate=0.00 pmol/min | Delayed_Reward=0.10 | Cum_Reward=3.11
Sim Day 000, Time 03:00		
t=1260 min | Steps=85 | CGM=103.7 | ROC=-0.106 | Mean4-CGM=101.4 | Err=-6.3 | InsLock=1 | Action=2/16 | rivi_RL=10.00 | InsRate=60.00 pmol/min | Delayed_Reward=0.08 | Cum_Reward=3.19
Sim Day 000, Time 03:15		
t=1275 min | Steps=86 | CGM=110.8 | ROC=-0.095 | Mean4-CGM=107.6 | Err=+0.8 | InsLock=1 | Action=9/16 | rivi_RL=80.00 | InsRate=480.00 pmol/min | Delayed_Reward=0.08 | Cum_Reward=3.27
Sim Day 000, Time 03:30		
t=1290 min | Steps=87 | CGM=116.6 | ROC=+0.449 | Mean4-CGM=113.2 | Err=+6.6 | InsLock=1 | Action=14/16 | rivi_RL=130.00 | InsRate=780.00 pmol/min | Delayed_Reward=0.08 | Cum_Reward=3.36
Sim Day 000, Time 03:45		
t=1305 min | Steps=88 | CGM=118.4 | ROC=+0.250 | Mean4-CGM=117.1 | Err=+8.4 | InsLock=1 | Action=14/16 | rivi_RL=130.00 | InsRate=780.00 pmol/min | Delayed_Reward=0.08 | Cum_Reward=3.44
Sim Day 000, Time 04:00		
t=1320 min | Steps=89 | CGM=112.0 | ROC=-0.016 | Mean4-CGM=115.1 | Err=+2.0 | InsLock=1 | Action=14/16 | rivi_RL=130.00 | InsRate=780.00 pmol/min | Delayed_Reward=0.08 | Cum_Reward=3.52
Sim Day 000, Time 04:15		
t=1335 min | Steps=90 | CGM=103.9 | ROC=-0.680 | Mean4-CGM=108.8 | Err=-6.1 | InsLock=1 | Action=9/16 | rivi_RL=80.00 | InsRate=480.00 pmol/min | Delayed_Reward=0.07 | Cum_Reward=3.59
Sim Day 000, Time 04:30		
t=1350 min | Steps=91 | CGM=97.6 | ROC=-0.030 | Mean4-CGM=100.1 | Err=-12.4 | InsLock=0 | Action=1/16 | rivi_RL=0.00 | InsRate=0.00 pmol/min | Delayed_Reward=0.08 | Cum_Reward=3.68
Sim Day 000, Time 04:45		
t=1365 min | Steps=92 | CGM=88.6 | ROC=+0.203 | Mean4-CGM=92.8 | Err=-21.4 | InsLock=0 | Action=1/16 | rivi_RL=0.00 | InsRate=0.00 pmol/min | Delayed_Reward=0.09 | Cum_Reward=3.76
Sim Day 000, Time 05:00		
t=1380 min | Steps=93 | CGM=86.7 | ROC=-0.086 | Mean4-CGM=87.0 | Err=-23.3 | InsLock=0 | Action=1/16 | rivi_RL=0.00 | InsRate=0.00 pmol/min | Delayed_Reward=-0.00 | Cum_Reward=3.76
Sim Day 000, Time 05:15		
t=1395 min | Steps=94 | CGM=93.9 | ROC=+1.166 | Mean4-CGM=88.8 | Err=-16.1 | InsLock=0 | Action=1/16 | rivi_RL=0.00 | InsRate=0.00 pmol/min | Delayed_Reward=0.02 | Cum_Reward=3.79
Sim Day 000, Time 05:30		
t=1410 min | Steps=95 | CGM=98.4 | ROC=+1.099 | Mean4-CGM=95.4 | Err=-11.6 | InsLock=0 | Action=1/16 | rivi_RL=0.00 | InsRate=0.00 pmol/min | Delayed_Reward=0.11 | Cum_Reward=3.89
Sim Day 000, Time 05:45		
t=1425 min | Steps=96 | CGM=103.1 | ROC=-0.134 | Mean4-CGM=100.7 | Err=-6.9 | InsLock=1 | Action=2/16 | rivi_RL=10.00 | InsRate=60.00 pmol/min | Delayed_Reward=0.08 | Cum_Reward=3.97
Sim Day 001, Time 06:00		
t=1440 min | Steps=97 | CGM=107.8 | ROC=-0.400 | Mean4-CGM=106.7 | Err=-2.2 | InsLock=1 | Action=9/16 | rivi_RL=80.00 | InsRate=480.00 pmol/min | Delayed_Reward=0.08 | Cum_Reward=4.05

24h-RESUME | subject=adult#010 | Total_Steps=97 |  Total_Reward=4.05 |  Average_Reward=0.042
