Sim Day 000, Time 06:00		
rlController INIT | subject=adult#average | pop=Type2 Adult | Gb=153.8 | convFactor=6.00 | cgm_t0=152.8 mg/dL
t=0  min | Steps=1 | CGM=152.8 | ROC=+0.000 | Mean4-CGM=152.8 | Err=+42.8 | InsLock=1 | Action=14/16 | rivi_RL=130.00 | InsRate=780.00 pmol/min | 
Sim Day 000, Time 06:15		
t=15 min | Steps=2 | CGM=155.7 | ROC=+0.320 | Mean4-CGM=153.9 | Err=+45.7 | InsLock=1 | Action=14/16 | rivi_RL=130.00 | InsRate=780.00 pmol/min | Delayed_Reward=-0.01 | Cum_Reward=-0.01
Sim Day 000, Time 06:30		
t=30 min | Steps=3 | CGM=152.6 | ROC=+0.011 | Mean4-CGM=153.6 | Err=+42.6 | InsLock=1 | Action=14/16 | rivi_RL=130.00 | InsRate=780.00 pmol/min | Delayed_Reward=-0.00 | Cum_Reward=-0.01
Sim Day 000, Time 06:45		
t=45 min | Steps=4 | CGM=143.9 | ROC=-0.782 | Mean4-CGM=148.2 | Err=+33.9 | InsLock=1 | Action=14/16 | rivi_RL=130.00 | InsRate=780.00 pmol/min | Delayed_Reward=0.02 | Cum_Reward=0.01
Sim Day 000, Time 07:00		
t=60 min | Steps=5 | CGM=130.6 | ROC=-0.546 | Mean4-CGM=137.3 | Err=+20.6 | InsLock=1 | Action=14/16 | rivi_RL=130.00 | InsRate=780.00 pmol/min | Delayed_Reward=0.01 | Cum_Reward=0.02
Sim Day 000, Time 07:15		
t=75 min | Steps=6 | CGM=120.1 | ROC=+0.252 | Mean4-CGM=124.7 | Err=+10.1 | InsLock=1 | Action=14/16 | rivi_RL=130.00 | InsRate=780.00 pmol/min | Delayed_Reward=-0.01 | Cum_Reward=0.02
Sim Day 000, Time 07:30		
t=90 min | Steps=7 | CGM=140.5 | ROC=+2.473 | Mean4-CGM=128.1 | Err=+30.5 | InsLock=1 | Action=14/16 | rivi_RL=130.00 | InsRate=780.00 pmol/min | Delayed_Reward=-0.05 | Cum_Reward=-0.04
Sim Day 000, Time 07:45		
t=105 min | Steps=8 | CGM=154.3 | ROC=+0.650 | Mean4-CGM=146.8 | Err=+44.3 | InsLock=1 | Action=16/16 | rivi_RL=150.00 | InsRate=900.00 pmol/min | Delayed_Reward=-0.01 | Cum_Reward=-0.05
Sim Day 000, Time 08:00		
t=120 min | Steps=9 | CGM=145.6 | ROC=-1.101 | Mean4-CGM=150.6 | Err=+35.6 | InsLock=1 | Action=14/16 | rivi_RL=130.00 | InsRate=780.00 pmol/min | Delayed_Reward=0.02 | Cum_Reward=-0.03
Sim Day 000, Time 08:15		
t=135 min | Steps=10 | CGM=140.4 | ROC=-0.615 | Mean4-CGM=144.6 | Err=+30.4 | InsLock=1 | Action=14/16 | rivi_RL=130.00 | InsRate=780.00 pmol/min | Delayed_Reward=0.01 | Cum_Reward=-0.01
Sim Day 000, Time 08:30		
t=150 min | Steps=11 | CGM=127.5 | ROC=-1.618 | Mean4-CGM=134.6 | Err=+17.5 | InsLock=1 | Action=14/16 | rivi_RL=130.00 | InsRate=780.00 pmol/min | Delayed_Reward=0.03 | Cum_Reward=0.02
Sim Day 000, Time 08:45		
t=165 min | Steps=12 | CGM=118.8 | ROC=-1.182 | Mean4-CGM=124.4 | Err=+8.8 | InsLock=1 | Action=9/16 | rivi_RL=80.00 | InsRate=480.00 pmol/min | Delayed_Reward=0.02 | Cum_Reward=0.04
Sim Day 000, Time 09:00		
t=180 min | Steps=13 | CGM=110.5 | ROC=-1.051 | Mean4-CGM=114.6 | Err=+0.5 | InsLock=1 | Action=9/16 | rivi_RL=80.00 | InsRate=480.00 pmol/min | Delayed_Reward=0.08 | Cum_Reward=0.13
Sim Day 000, Time 09:15		
t=195 min | Steps=14 | CGM=101.9 | ROC=-0.289 | Mean4-CGM=105.4 | Err=-8.1 | InsLock=1 | Action=9/16 | rivi_RL=80.00 | InsRate=480.00 pmol/min | Delayed_Reward=0.08 | Cum_Reward=0.21
Sim Day 000, Time 09:30		
t=210 min | Steps=15 | CGM=94.0 | ROC=-0.251 | Mean4-CGM=97.1 | Err=-16.0 | InsLock=0 | Action=1/16 | rivi_RL=0.00 | InsRate=0.00 pmol/min | Delayed_Reward=0.08 | Cum_Reward=0.28
Sim Day 000, Time 09:45		
t=225 min | Steps=16 | CGM=87.4 | ROC=-0.232 | Mean4-CGM=89.4 | Err=-22.6 | InsLock=0 | Action=1/16 | rivi_RL=0.00 | InsRate=0.00 pmol/min | Delayed_Reward=-0.00 | Cum_Reward=0.28
Sim Day 000, Time 10:00		
t=240 min | Steps=17 | CGM=90.7 | ROC=+0.272 | Mean4-CGM=88.7 | Err=-19.3 | InsLock=0 | Action=1/16 | rivi_RL=0.00 | InsRate=0.00 pmol/min | Delayed_Reward=0.01 | Cum_Reward=0.28
Sim Day 000, Time 10:15		
t=255 min | Steps=18 | CGM=97.6 | ROC=+0.709 | Mean4-CGM=94.4 | Err=-12.4 | InsLock=0 | Action=1/16 | rivi_RL=0.00 | InsRate=0.00 pmol/min | Delayed_Reward=0.10 | Cum_Reward=0.38
Sim Day 000, Time 10:30		
t=270 min | Steps=19 | CGM=104.5 | ROC=+0.529 | Mean4-CGM=100.6 | Err=-5.5 | InsLock=1 | Action=11/16 | rivi_RL=100.00 | InsRate=600.00 pmol/min | Delayed_Reward=0.09 | Cum_Reward=0.48
Sim Day 000, Time 10:45		
t=285 min | Steps=20 | CGM=109.0 | ROC=+0.248 | Mean4-CGM=106.9 | Err=-1.0 | InsLock=1 | Action=9/16 | rivi_RL=80.00 | InsRate=480.00 pmol/min | Delayed_Reward=0.09 | Cum_Reward=0.57
Sim Day 000, Time 11:00		
t=300 min | Steps=21 | CGM=101.4 | ROC=-0.750 | Mean4-CGM=106.0 | Err=-8.6 | InsLock=1 | Action=5/16 | rivi_RL=40.00 | InsRate=240.00 pmol/min | Delayed_Reward=0.07 | Cum_Reward=0.63
Sim Day 000, Time 11:15		
t=315 min | Steps=22 | CGM=92.7 | ROC=-0.801 | Mean4-CGM=98.1 | Err=-17.3 | InsLock=0 | Action=1/16 | rivi_RL=0.00 | InsRate=0.00 pmol/min | Delayed_Reward=0.07 | Cum_Reward=0.70
Sim Day 000, Time 11:30		
t=330 min | Steps=23 | CGM=83.2 | ROC=-0.429 | Mean4-CGM=87.4 | Err=-26.8 | InsLock=0 | Action=1/16 | rivi_RL=0.00 | InsRate=0.00 pmol/min | Delayed_Reward=-0.01 | Cum_Reward=0.69
Sim Day 000, Time 11:45		
t=345 min | Steps=24 | CGM=90.2 | ROC=+0.438 | Mean4-CGM=87.2 | Err=-19.8 | InsLock=0 | Action=1/16 | rivi_RL=0.00 | InsRate=0.00 pmol/min | Delayed_Reward=0.01 | Cum_Reward=0.70
Sim Day 000, Time 12:00		
t=360 min | Steps=25 | CGM=91.4 | ROC=-0.785 | Mean4-CGM=91.5 | Err=-18.6 | InsLock=0 | Action=1/16 | rivi_RL=0.00 | InsRate=0.00 pmol/min | Delayed_Reward=0.07 | Cum_Reward=0.77
Sim Day 000, Time 12:15		
t=375 min | Steps=26 | CGM=104.8 | ROC=+0.677 | Mean4-CGM=98.4 | Err=-5.2 | InsLock=1 | Action=11/16 | rivi_RL=100.00 | InsRate=600.00 pmol/min | Delayed_Reward=0.10 | Cum_Reward=0.86
Sim Day 000, Time 12:30		
t=390 min | Steps=27 | CGM=146.7 | ROC=+2.814 | Mean4-CGM=125.2 | Err=+36.7 | InsLock=1 | Action=14/16 | rivi_RL=130.00 | InsRate=780.00 pmol/min | Delayed_Reward=-0.06 | Cum_Reward=0.81
Sim Day 000, Time 12:45		
t=405 min | Steps=28 | CGM=182.7 | ROC=+1.388 | Mean4-CGM=167.8 | Err=+72.7 | InsLock=1 | Action=14/16 | rivi_RL=130.00 | InsRate=780.00 pmol/min | Delayed_Reward=-0.03 | Cum_Reward=0.78
Sim Day 000, Time 13:00		
t=420 min | Steps=29 | CGM=182.3 | ROC=-0.934 | Mean4-CGM=184.7 | Err=+72.3 | InsLock=1 | Action=14/16 | rivi_RL=130.00 | InsRate=780.00 pmol/min | Delayed_Reward=0.02 | Cum_Reward=0.80
Sim Day 000, Time 13:15		
t=435 min | Steps=30 | CGM=172.3 | ROC=-0.975 | Mean4-CGM=178.2 | Err=+62.3 | InsLock=1 | Action=14/16 | rivi_RL=130.00 | InsRate=780.00 pmol/min | Delayed_Reward=0.02 | Cum_Reward=0.82
Sim Day 000, Time 13:30		
t=450 min | Steps=31 | CGM=153.0 | ROC=-1.958 | Mean4-CGM=164.2 | Err=+43.0 | InsLock=1 | Action=14/16 | rivi_RL=130.00 | InsRate=780.00 pmol/min | Delayed_Reward=0.04 | Cum_Reward=0.86
Sim Day 000, Time 13:45		
t=465 min | Steps=32 | CGM=138.5 | ROC=-1.472 | Mean4-CGM=147.6 | Err=+28.5 | InsLock=1 | Action=14/16 | rivi_RL=130.00 | InsRate=780.00 pmol/min | Delayed_Reward=0.03 | Cum_Reward=0.89
Sim Day 000, Time 14:00		
t=480 min | Steps=33 | CGM=123.7 | ROC=-0.968 | Mean4-CGM=131.8 | Err=+13.7 | InsLock=1 | Action=14/16 | rivi_RL=130.00 | InsRate=780.00 pmol/min | Delayed_Reward=0.02 | Cum_Reward=0.91
Sim Day 000, Time 14:15		
t=495 min | Steps=34 | CGM=109.7 | ROC=-0.633 | Mean4-CGM=116.7 | Err=-0.3 | InsLock=1 | Action=9/16 | rivi_RL=80.00 | InsRate=480.00 pmol/min | Delayed_Reward=0.08 | Cum_Reward=0.99
Sim Day 000, Time 14:30		
t=510 min | Steps=35 | CGM=94.9 | ROC=-1.714 | Mean4-CGM=103.3 | Err=-15.1 | InsLock=0 | Action=1/16 | rivi_RL=0.00 | InsRate=0.00 pmol/min | Delayed_Reward=0.05 | Cum_Reward=1.04
Sim Day 000, Time 14:45		
t=525 min | Steps=36 | CGM=85.1 | ROC=-0.364 | Mean4-CGM=88.9 | Err=-24.9 | InsLock=0 | Action=1/16 | rivi_RL=0.00 | InsRate=0.00 pmol/min | Delayed_Reward=-0.01 | Cum_Reward=1.03
Sim Day 000, Time 15:00		
t=540 min | Steps=37 | CGM=89.0 | ROC=+0.205 | Mean4-CGM=86.5 | Err=-21.0 | InsLock=0 | Action=1/16 | rivi_RL=0.00 | InsRate=0.00 pmol/min | Delayed_Reward=0.00 | Cum_Reward=1.04
Sim Day 000, Time 15:15		
t=555 min | Steps=38 | CGM=97.9 | ROC=+1.204 | Mean4-CGM=92.0 | Err=-12.1 | InsLock=0 | Action=1/16 | rivi_RL=0.00 | InsRate=0.00 pmol/min | Delayed_Reward=0.11 | Cum_Reward=1.14
Sim Day 000, Time 15:30		
t=570 min | Steps=39 | CGM=103.2 | ROC=+0.534 | Mean4-CGM=100.7 | Err=-6.8 | InsLock=1 | Action=11/16 | rivi_RL=100.00 | InsRate=600.00 pmol/min | Delayed_Reward=0.09 | Cum_Reward=1.24
Sim Day 000, Time 15:45		
t=585 min | Steps=40 | CGM=104.0 | ROC=+0.032 | Mean4-CGM=103.6 | Err=-6.0 | InsLock=1 | Action=9/16 | rivi_RL=80.00 | InsRate=480.00 pmol/min | Delayed_Reward=0.08 | Cum_Reward=1.32
Sim Day 000, Time 16:00		
t=600 min | Steps=41 | CGM=97.5 | ROC=-1.168 | Mean4-CGM=101.6 | Err=-12.5 | InsLock=0 | Action=1/16 | rivi_RL=0.00 | InsRate=0.00 pmol/min | Delayed_Reward=0.06 | Cum_Reward=1.38
Sim Day 000, Time 16:15		
t=615 min | Steps=42 | CGM=92.4 | ROC=-0.530 | Mean4-CGM=95.2 | Err=-17.6 | InsLock=0 | Action=1/16 | rivi_RL=0.00 | InsRate=0.00 pmol/min | Delayed_Reward=0.07 | Cum_Reward=1.45
Sim Day 000, Time 16:30		
t=630 min | Steps=43 | CGM=90.9 | ROC=-0.133 | Mean4-CGM=91.1 | Err=-19.1 | InsLock=0 | Action=1/16 | rivi_RL=0.00 | InsRate=0.00 pmol/min | Delayed_Reward=0.08 | Cum_Reward=1.53
Sim Day 000, Time 16:45		
t=645 min | Steps=44 | CGM=96.1 | ROC=+0.400 | Mean4-CGM=93.5 | Err=-13.9 | InsLock=0 | Action=1/16 | rivi_RL=0.00 | InsRate=0.00 pmol/min | Delayed_Reward=0.09 | Cum_Reward=1.63
Sim Day 000, Time 17:00		
t=660 min | Steps=45 | CGM=105.1 | ROC=+0.939 | Mean4-CGM=99.7 | Err=-4.9 | InsLock=1 | Action=11/16 | rivi_RL=100.00 | InsRate=600.00 pmol/min | Delayed_Reward=0.10 | Cum_Reward=1.73
Sim Day 000, Time 17:15		
t=675 min | Steps=46 | CGM=105.7 | ROC=+0.146 | Mean4-CGM=104.3 | Err=-4.3 | InsLock=1 | Action=9/16 | rivi_RL=80.00 | InsRate=480.00 pmol/min | Delayed_Reward=0.09 | Cum_Reward=1.82
Sim Day 000, Time 17:30		
t=690 min | Steps=47 | CGM=104.1 | ROC=+0.149 | Mean4-CGM=104.5 | Err=-5.9 | InsLock=1 | Action=9/16 | rivi_RL=80.00 | InsRate=480.00 pmol/min | Delayed_Reward=0.09 | Cum_Reward=1.90
Sim Day 000, Time 17:45		
t=705 min | Steps=48 | CGM=90.8 | ROC=-1.272 | Mean4-CGM=97.7 | Err=-19.2 | InsLock=0 | Action=1/16 | rivi_RL=0.00 | InsRate=0.00 pmol/min | Delayed_Reward=0.06 | Cum_Reward=1.96
Sim Day 000, Time 18:00		
t=720 min | Steps=49 | CGM=85.7 | ROC=-1.423 | Mean4-CGM=90.0 | Err=-24.3 | InsLock=0 | Action=1/16 | rivi_RL=0.00 | InsRate=0.00 pmol/min | Delayed_Reward=-0.03 | Cum_Reward=1.93
Sim Day 000, Time 18:15		
t=735 min | Steps=50 | CGM=90.1 | ROC=+1.083 | Mean4-CGM=85.8 | Err=-19.9 | InsLock=0 | Action=1/16 | rivi_RL=0.00 | InsRate=0.00 pmol/min | Delayed_Reward=0.02 | Cum_Reward=1.95
Sim Day 000, Time 18:30		
t=750 min | Steps=51 | CGM=95.4 | ROC=+1.362 | Mean4-CGM=91.0 | Err=-14.6 | InsLock=0 | Action=1/16 | rivi_RL=0.00 | InsRate=0.00 pmol/min | Delayed_Reward=0.11 | Cum_Reward=2.06
Sim Day 000, Time 18:45		
t=765 min | Steps=52 | CGM=98.7 | ROC=+0.358 | Mean4-CGM=95.8 | Err=-11.3 | InsLock=0 | Action=1/16 | rivi_RL=0.00 | InsRate=0.00 pmol/min | Delayed_Reward=0.09 | Cum_Reward=2.15
Sim Day 000, Time 19:00		
t=780 min | Steps=53 | CGM=110.1 | ROC=+1.406 | Mean4-CGM=103.5 | Err=+0.1 | InsLock=1 | Action=14/16 | rivi_RL=130.00 | InsRate=780.00 pmol/min | Delayed_Reward=0.11 | Cum_Reward=2.27
Sim Day 000, Time 19:15		
t=795 min | Steps=54 | CGM=112.4 | ROC=+1.091 | Mean4-CGM=108.5 | Err=+2.4 | InsLock=1 | Action=11/16 | rivi_RL=100.00 | InsRate=600.00 pmol/min | Delayed_Reward=0.11 | Cum_Reward=2.37
Sim Day 000, Time 19:30		
t=810 min | Steps=55 | CGM=146.8 | ROC=+2.563 | Mean4-CGM=127.7 | Err=+36.8 | InsLock=1 | Action=14/16 | rivi_RL=130.00 | InsRate=780.00 pmol/min | Delayed_Reward=-0.05 | Cum_Reward=2.32
Sim Day 000, Time 19:45		
t=825 min | Steps=56 | CGM=166.2 | ROC=-0.107 | Mean4-CGM=159.4 | Err=+56.2 | InsLock=1 | Action=14/16 | rivi_RL=130.00 | InsRate=780.00 pmol/min | Delayed_Reward=0.00 | Cum_Reward=2.32
Sim Day 000, Time 20:00		
t=840 min | Steps=57 | CGM=167.4 | ROC=+0.266 | Mean4-CGM=166.4 | Err=+57.4 | InsLock=1 | Action=14/16 | rivi_RL=130.00 | InsRate=780.00 pmol/min | Delayed_Reward=-0.01 | Cum_Reward=2.32
Sim Day 000, Time 20:15		
t=855 min | Steps=58 | CGM=155.3 | ROC=-1.365 | Mean4-CGM=162.3 | Err=+45.3 | InsLock=1 | Action=14/16 | rivi_RL=130.00 | InsRate=780.00 pmol/min | Delayed_Reward=0.03 | Cum_Reward=2.34
Sim Day 000, Time 20:30		
t=870 min | Steps=59 | CGM=142.2 | ROC=-0.998 | Mean4-CGM=149.4 | Err=+32.2 | InsLock=1 | Action=14/16 | rivi_RL=130.00 | InsRate=780.00 pmol/min | Delayed_Reward=0.02 | Cum_Reward=2.37
Sim Day 000, Time 20:45		
t=885 min | Steps=60 | CGM=126.8 | ROC=-0.739 | Mean4-CGM=133.8 | Err=+16.8 | InsLock=1 | Action=14/16 | rivi_RL=130.00 | InsRate=780.00 pmol/min | Delayed_Reward=0.02 | Cum_Reward=2.38
Sim Day 000, Time 21:00		
t=900 min | Steps=61 | CGM=113.6 | ROC=-0.699 | Mean4-CGM=120.4 | Err=+3.6 | InsLock=1 | Action=9/16 | rivi_RL=80.00 | InsRate=480.00 pmol/min | Delayed_Reward=0.01 | Cum_Reward=2.40
Sim Day 000, Time 21:15		
t=915 min | Steps=62 | CGM=101.4 | ROC=-0.679 | Mean4-CGM=108.1 | Err=-8.6 | InsLock=1 | Action=9/16 | rivi_RL=80.00 | InsRate=480.00 pmol/min | Delayed_Reward=0.07 | Cum_Reward=2.46
Sim Day 000, Time 21:30		
t=930 min | Steps=63 | CGM=90.7 | ROC=-1.011 | Mean4-CGM=96.5 | Err=-19.3 | InsLock=0 | Action=1/16 | rivi_RL=0.00 | InsRate=0.00 pmol/min | Delayed_Reward=0.06 | Cum_Reward=2.53
Sim Day 000, Time 21:45		
t=945 min | Steps=64 | CGM=85.2 | ROC=-1.061 | Mean4-CGM=89.0 | Err=-24.8 | InsLock=0 | Action=1/16 | rivi_RL=0.00 | InsRate=0.00 pmol/min | Delayed_Reward=-0.02 | Cum_Reward=2.50
Sim Day 000, Time 22:00		
t=960 min | Steps=65 | CGM=91.3 | ROC=+0.193 | Mean4-CGM=89.1 | Err=-18.7 | InsLock=0 | Action=1/16 | rivi_RL=0.00 | InsRate=0.00 pmol/min | Delayed_Reward=0.00 | Cum_Reward=2.51
Sim Day 000, Time 22:15		
t=975 min | Steps=66 | CGM=96.0 | ROC=-0.192 | Mean4-CGM=94.8 | Err=-14.0 | InsLock=0 | Action=1/16 | rivi_RL=0.00 | InsRate=0.00 pmol/min | Delayed_Reward=0.08 | Cum_Reward=2.59
Sim Day 000, Time 22:30		
t=990 min | Steps=67 | CGM=104.5 | ROC=+1.005 | Mean4-CGM=99.7 | Err=-5.5 | InsLock=1 | Action=11/16 | rivi_RL=100.00 | InsRate=600.00 pmol/min | Delayed_Reward=0.10 | Cum_Reward=2.69
Sim Day 000, Time 22:45		
t=1005 min | Steps=68 | CGM=106.1 | ROC=-0.695 | Mean4-CGM=106.4 | Err=-3.9 | InsLock=1 | Action=5/16 | rivi_RL=40.00 | InsRate=240.00 pmol/min | Delayed_Reward=0.07 | Cum_Reward=2.76
Sim Day 000, Time 23:00		
t=1020 min | Steps=69 | CGM=104.8 | ROC=-0.011 | Mean4-CGM=106.1 | Err=-5.2 | InsLock=1 | Action=9/16 | rivi_RL=80.00 | InsRate=480.00 pmol/min | Delayed_Reward=0.08 | Cum_Reward=2.84
Sim Day 000, Time 23:15		
t=1035 min | Steps=70 | CGM=97.6 | ROC=-0.021 | Mean4-CGM=100.3 | Err=-12.4 | InsLock=0 | Action=1/16 | rivi_RL=0.00 | InsRate=0.00 pmol/min | Delayed_Reward=0.08 | Cum_Reward=2.93
Sim Day 000, Time 23:30		
t=1050 min | Steps=71 | CGM=94.8 | ROC=+0.248 | Mean4-CGM=95.2 | Err=-15.2 | InsLock=0 | Action=1/16 | rivi_RL=0.00 | InsRate=0.00 pmol/min | Delayed_Reward=0.09 | Cum_Reward=3.02
Sim Day 000, Time 23:45		
t=1065 min | Steps=72 | CGM=92.8 | ROC=+0.000 | Mean4-CGM=92.1 | Err=-17.2 | InsLock=0 | Action=1/16 | rivi_RL=0.00 | InsRate=0.00 pmol/min | Delayed_Reward=0.08 | Cum_Reward=3.10
Sim Day 000, Time 00:00		
t=1080 min | Steps=73 | CGM=98.1 | ROC=-0.425 | Mean4-CGM=96.8 | Err=-11.9 | InsLock=0 | Action=1/16 | rivi_RL=0.00 | InsRate=0.00 pmol/min | Delayed_Reward=0.07 | Cum_Reward=3.17
Sim Day 000, Time 00:15		
t=1095 min | Steps=74 | CGM=104.3 | ROC=+1.123 | Mean4-CGM=100.3 | Err=-5.7 | InsLock=1 | Action=11/16 | rivi_RL=100.00 | InsRate=600.00 pmol/min | Delayed_Reward=0.11 | Cum_Reward=3.28
Sim Day 000, Time 00:30		
t=1110 min | Steps=75 | CGM=105.9 | ROC=-0.451 | Mean4-CGM=106.1 | Err=-4.1 | InsLock=1 | Action=9/16 | rivi_RL=80.00 | InsRate=480.00 pmol/min | Delayed_Reward=0.07 | Cum_Reward=3.35
Sim Day 000, Time 00:45		
t=1125 min | Steps=76 | CGM=109.5 | ROC=+0.360 | Mean4-CGM=107.2 | Err=-0.5 | InsLock=1 | Action=9/16 | rivi_RL=80.00 | InsRate=480.00 pmol/min | Delayed_Reward=0.09 | Cum_Reward=3.44
Sim Day 000, Time 01:00		
t=1140 min | Steps=77 | CGM=100.9 | ROC=-1.166 | Mean4-CGM=106.4 | Err=-9.1 | InsLock=1 | Action=4/16 | rivi_RL=30.00 | InsRate=180.00 pmol/min | Delayed_Reward=0.06 | Cum_Reward=3.50
Sim Day 000, Time 01:15		
t=1155 min | Steps=78 | CGM=95.1 | ROC=-0.009 | Mean4-CGM=97.1 | Err=-14.9 | InsLock=0 | Action=1/16 | rivi_RL=0.00 | InsRate=0.00 pmol/min | Delayed_Reward=0.08 | Cum_Reward=3.59
Sim Day 000, Time 01:30		
t=1170 min | Steps=79 | CGM=93.4 | ROC=+0.606 | Mean4-CGM=92.5 | Err=-16.6 | InsLock=0 | Action=1/16 | rivi_RL=0.00 | InsRate=0.00 pmol/min | Delayed_Reward=0.10 | Cum_Reward=3.68
Sim Day 000, Time 01:45		
t=1185 min | Steps=80 | CGM=98.7 | ROC=+1.605 | Mean4-CGM=93.9 | Err=-11.3 | InsLock=0 | Action=1/16 | rivi_RL=0.00 | InsRate=0.00 pmol/min | Delayed_Reward=0.12 | Cum_Reward=3.80
Sim Day 000, Time 02:00		
t=1200 min | Steps=81 | CGM=100.1 | ROC=+0.018 | Mean4-CGM=99.6 | Err=-9.9 | InsLock=1 | Action=2/16 | rivi_RL=10.00 | InsRate=60.00 pmol/min | Delayed_Reward=0.08 | Cum_Reward=3.88
Sim Day 000, Time 02:15		
t=1215 min | Steps=82 | CGM=105.5 | ROC=-0.240 | Mean4-CGM=105.0 | Err=-4.5 | InsLock=1 | Action=9/16 | rivi_RL=80.00 | InsRate=480.00 pmol/min | Delayed_Reward=0.08 | Cum_Reward=3.96
Sim Day 000, Time 02:30		
t=1230 min | Steps=83 | CGM=110.8 | ROC=+0.209 | Mean4-CGM=109.1 | Err=+0.8 | InsLock=1 | Action=9/16 | rivi_RL=80.00 | InsRate=480.00 pmol/min | Delayed_Reward=0.09 | Cum_Reward=4.05
Sim Day 000, Time 02:45		
t=1245 min | Steps=84 | CGM=110.9 | ROC=+0.264 | Mean4-CGM=111.3 | Err=+0.9 | InsLock=1 | Action=14/16 | rivi_RL=130.00 | InsRate=780.00 pmol/min | Delayed_Reward=0.08 | Cum_Reward=4.13
Sim Day 000, Time 03:00		
t=1260 min | Steps=85 | CGM=106.7 | ROC=-0.881 | Mean4-CGM=110.0 | Err=-3.3 | InsLock=1 | Action=9/16 | rivi_RL=80.00 | InsRate=480.00 pmol/min | Delayed_Reward=0.08 | Cum_Reward=4.22
Sim Day 000, Time 03:15		
t=1275 min | Steps=86 | CGM=101.0 | ROC=-0.970 | Mean4-CGM=104.3 | Err=-9.0 | InsLock=1 | Action=4/16 | rivi_RL=30.00 | InsRate=180.00 pmol/min | Delayed_Reward=0.06 | Cum_Reward=4.28
Sim Day 000, Time 03:30		
t=1290 min | Steps=87 | CGM=95.2 | ROC=-0.229 | Mean4-CGM=97.4 | Err=-14.8 | InsLock=0 | Action=1/16 | rivi_RL=0.00 | InsRate=0.00 pmol/min | Delayed_Reward=0.08 | Cum_Reward=4.36
Sim Day 000, Time 03:45		
t=1305 min | Steps=88 | CGM=93.6 | ROC=+0.374 | Mean4-CGM=93.2 | Err=-16.4 | InsLock=0 | Action=1/16 | rivi_RL=0.00 | InsRate=0.00 pmol/min | Delayed_Reward=0.09 | Cum_Reward=4.45
Sim Day 000, Time 04:00		
t=1320 min | Steps=89 | CGM=97.0 | ROC=+0.775 | Mean4-CGM=94.8 | Err=-13.0 | InsLock=0 | Action=1/16 | rivi_RL=0.00 | InsRate=0.00 pmol/min | Delayed_Reward=0.10 | Cum_Reward=4.55
Sim Day 000, Time 04:15		
t=1335 min | Steps=90 | CGM=102.7 | ROC=+0.287 | Mean4-CGM=100.6 | Err=-7.3 | InsLock=1 | Action=11/16 | rivi_RL=100.00 | InsRate=600.00 pmol/min | Delayed_Reward=0.09 | Cum_Reward=4.64
Sim Day 000, Time 04:30		
t=1350 min | Steps=91 | CGM=110.4 | ROC=+0.831 | Mean4-CGM=106.1 | Err=+0.4 | InsLock=1 | Action=11/16 | rivi_RL=100.00 | InsRate=600.00 pmol/min | Delayed_Reward=0.10 | Cum_Reward=4.74
Sim Day 000, Time 04:45		
t=1365 min | Steps=92 | CGM=109.6 | ROC=+0.582 | Mean4-CGM=110.2 | Err=-0.4 | InsLock=1 | Action=14/16 | rivi_RL=130.00 | InsRate=780.00 pmol/min | Delayed_Reward=0.08 | Cum_Reward=4.82
Sim Day 000, Time 05:00		
t=1380 min | Steps=93 | CGM=104.8 | ROC=-0.637 | Mean4-CGM=107.6 | Err=-5.2 | InsLock=1 | Action=9/16 | rivi_RL=80.00 | InsRate=480.00 pmol/min | Delayed_Reward=0.07 | Cum_Reward=4.89
Sim Day 000, Time 05:15		
t=1395 min | Steps=94 | CGM=99.6 | ROC=+0.284 | Mean4-CGM=100.9 | Err=-10.4 | InsLock=0 | Action=1/16 | rivi_RL=0.00 | InsRate=0.00 pmol/min | Delayed_Reward=0.09 | Cum_Reward=4.98
Sim Day 000, Time 05:30		
t=1410 min | Steps=95 | CGM=91.8 | ROC=+0.378 | Mean4-CGM=94.7 | Err=-18.2 | InsLock=0 | Action=1/16 | rivi_RL=0.00 | InsRate=0.00 pmol/min | Delayed_Reward=0.09 | Cum_Reward=5.07
Sim Day 000, Time 05:45		
t=1425 min | Steps=96 | CGM=93.4 | ROC=-0.173 | Mean4-CGM=92.1 | Err=-16.6 | InsLock=0 | Action=1/16 | rivi_RL=0.00 | InsRate=0.00 pmol/min | Delayed_Reward=0.08 | Cum_Reward=5.15
Sim Day 001, Time 06:00		
t=1440 min | Steps=97 | CGM=98.6 | ROC=-0.339 | Mean4-CGM=97.3 | Err=-11.4 | InsLock=0 | Action=1/16 | rivi_RL=0.00 | InsRate=0.00 pmol/min | Delayed_Reward=0.08 | Cum_Reward=5.23

24h-RESUME | subject=adult#average | Total_Steps=97 |  Total_Reward=5.23 |  Average_Reward=0.054
