Sim Day 000, Time 06:00		
rlController INIT | subject=adult#002 | pop=Type2 Adult | Gb=159.6 | convFactor=6.00 | cgm_t0=158.6 mg/dL
t=0  min | Steps=1 | CGM=158.6 | ROC=+0.000 | Mean4-CGM=158.6 | Err=+48.6 | InsLock=1 | Action=16/16 | rivi_RL=150.00 | InsRate=900.00 pmol/min | 
Sim Day 000, Time 06:15		
t=15 min | Steps=2 | CGM=162.5 | ROC=+0.446 | Mean4-CGM=160.0 | Err=+52.5 | InsLock=1 | Action=14/16 | rivi_RL=130.00 | InsRate=780.00 pmol/min | Delayed_Reward=-0.01 | Cum_Reward=-0.01
Sim Day 000, Time 06:30		
t=30 min | Steps=3 | CGM=165.1 | ROC=+0.615 | Mean4-CGM=162.8 | Err=+55.1 | InsLock=1 | Action=14/16 | rivi_RL=130.00 | InsRate=780.00 pmol/min | Delayed_Reward=-0.01 | Cum_Reward=-0.02
Sim Day 000, Time 06:45		
t=45 min | Steps=4 | CGM=185.0 | ROC=+1.786 | Mean4-CGM=173.3 | Err=+75.0 | InsLock=1 | Action=14/16 | rivi_RL=130.00 | InsRate=780.00 pmol/min | Delayed_Reward=-0.04 | Cum_Reward=-0.06
Sim Day 000, Time 07:00		
t=60 min | Steps=5 | CGM=212.3 | ROC=+1.928 | Mean4-CGM=199.2 | Err=+102.3 | InsLock=1 | Action=14/16 | rivi_RL=130.00 | InsRate=780.00 pmol/min | Delayed_Reward=-0.04 | Cum_Reward=-0.10
Sim Day 000, Time 07:15		
t=75 min | Steps=6 | CGM=223.1 | ROC=+0.928 | Mean4-CGM=218.8 | Err=+113.1 | InsLock=1 | Action=14/16 | rivi_RL=130.00 | InsRate=780.00 pmol/min | Delayed_Reward=-0.02 | Cum_Reward=-0.12
Sim Day 000, Time 07:30		
t=90 min | Steps=7 | CGM=222.3 | ROC=+0.383 | Mean4-CGM=222.4 | Err=+112.3 | InsLock=1 | Action=14/16 | rivi_RL=130.00 | InsRate=780.00 pmol/min | Delayed_Reward=-0.01 | Cum_Reward=-0.13
Sim Day 000, Time 07:45		
t=105 min | Steps=8 | CGM=212.3 | ROC=-0.517 | Mean4-CGM=215.6 | Err=+102.3 | InsLock=1 | Action=14/16 | rivi_RL=130.00 | InsRate=780.00 pmol/min | Delayed_Reward=0.01 | Cum_Reward=-0.12
Sim Day 000, Time 08:00		
t=120 min | Steps=9 | CGM=194.1 | ROC=-1.566 | Mean4-CGM=203.4 | Err=+84.1 | InsLock=1 | Action=14/16 | rivi_RL=130.00 | InsRate=780.00 pmol/min | Delayed_Reward=0.03 | Cum_Reward=-0.08
Sim Day 000, Time 08:15		
t=135 min | Steps=10 | CGM=183.6 | ROC=-0.939 | Mean4-CGM=190.4 | Err=+73.6 | InsLock=1 | Action=14/16 | rivi_RL=130.00 | InsRate=780.00 pmol/min | Delayed_Reward=0.02 | Cum_Reward=-0.06
Sim Day 000, Time 08:30		
t=150 min | Steps=11 | CGM=166.1 | ROC=-1.928 | Mean4-CGM=175.5 | Err=+56.1 | InsLock=1 | Action=14/16 | rivi_RL=130.00 | InsRate=780.00 pmol/min | Delayed_Reward=0.04 | Cum_Reward=-0.02
Sim Day 000, Time 08:45		
t=165 min | Steps=12 | CGM=152.8 | ROC=-1.485 | Mean4-CGM=160.7 | Err=+42.8 | InsLock=1 | Action=14/16 | rivi_RL=130.00 | InsRate=780.00 pmol/min | Delayed_Reward=0.03 | Cum_Reward=0.01
Sim Day 000, Time 09:00		
t=180 min | Steps=13 | CGM=139.9 | ROC=-1.363 | Mean4-CGM=146.4 | Err=+29.9 | InsLock=1 | Action=14/16 | rivi_RL=130.00 | InsRate=780.00 pmol/min | Delayed_Reward=0.03 | Cum_Reward=0.04
Sim Day 000, Time 09:15		
t=195 min | Steps=14 | CGM=126.0 | ROC=-0.672 | Mean4-CGM=132.2 | Err=+16.0 | InsLock=1 | Action=14/16 | rivi_RL=130.00 | InsRate=780.00 pmol/min | Delayed_Reward=0.01 | Cum_Reward=0.05
Sim Day 000, Time 09:30		
t=210 min | Steps=15 | CGM=111.9 | ROC=-0.668 | Mean4-CGM=118.1 | Err=+1.9 | InsLock=1 | Action=9/16 | rivi_RL=80.00 | InsRate=480.00 pmol/min | Delayed_Reward=0.08 | Cum_Reward=0.13
Sim Day 000, Time 09:45		
t=225 min | Steps=16 | CGM=98.4 | ROC=-0.766 | Mean4-CGM=104.0 | Err=-11.6 | InsLock=0 | Action=1/16 | rivi_RL=0.00 | InsRate=0.00 pmol/min | Delayed_Reward=0.07 | Cum_Reward=0.20
Sim Day 000, Time 10:00		
t=240 min | Steps=17 | CGM=87.3 | ROC=-0.786 | Mean4-CGM=92.8 | Err=-22.7 | InsLock=0 | Action=1/16 | rivi_RL=0.00 | InsRate=0.00 pmol/min | Delayed_Reward=0.07 | Cum_Reward=0.27
Sim Day 000, Time 10:15		
t=255 min | Steps=18 | CGM=82.6 | ROC=+0.233 | Mean4-CGM=84.5 | Err=-27.4 | InsLock=0 | Action=1/16 | rivi_RL=0.00 | InsRate=0.00 pmol/min | Delayed_Reward=0.00 | Cum_Reward=0.27
Sim Day 000, Time 10:30		
t=270 min | Steps=19 | CGM=89.7 | ROC=+0.635 | Mean4-CGM=85.5 | Err=-20.3 | InsLock=0 | Action=1/16 | rivi_RL=0.00 | InsRate=0.00 pmol/min | Delayed_Reward=0.01 | Cum_Reward=0.29
Sim Day 000, Time 10:45		
t=285 min | Steps=20 | CGM=97.7 | ROC=+0.615 | Mean4-CGM=93.6 | Err=-12.3 | InsLock=0 | Action=1/16 | rivi_RL=0.00 | InsRate=0.00 pmol/min | Delayed_Reward=0.10 | Cum_Reward=0.38
Sim Day 000, Time 11:00		
t=300 min | Steps=21 | CGM=101.2 | ROC=+0.142 | Mean4-CGM=99.9 | Err=-8.8 | InsLock=1 | Action=2/16 | rivi_RL=10.00 | InsRate=60.00 pmol/min | Delayed_Reward=0.09 | Cum_Reward=0.47
Sim Day 000, Time 11:15		
t=315 min | Steps=22 | CGM=107.6 | ROC=+0.226 | Mean4-CGM=105.3 | Err=-2.4 | InsLock=1 | Action=9/16 | rivi_RL=80.00 | InsRate=480.00 pmol/min | Delayed_Reward=0.09 | Cum_Reward=0.56
Sim Day 000, Time 11:30		
t=330 min | Steps=23 | CGM=109.8 | ROC=+0.038 | Mean4-CGM=108.8 | Err=-0.2 | InsLock=1 | Action=9/16 | rivi_RL=80.00 | InsRate=480.00 pmol/min | Delayed_Reward=0.08 | Cum_Reward=0.64
Sim Day 000, Time 11:45		
t=345 min | Steps=24 | CGM=111.5 | ROC=-0.169 | Mean4-CGM=111.8 | Err=+1.5 | InsLock=1 | Action=9/16 | rivi_RL=80.00 | InsRate=480.00 pmol/min | Delayed_Reward=0.08 | Cum_Reward=0.72
Sim Day 000, Time 12:00		
t=360 min | Steps=25 | CGM=100.4 | ROC=-1.665 | Mean4-CGM=106.8 | Err=-9.6 | InsLock=1 | Action=1/16 | rivi_RL=0.00 | InsRate=0.00 pmol/min | Delayed_Reward=0.05 | Cum_Reward=0.77
Sim Day 000, Time 12:15		
t=375 min | Steps=26 | CGM=96.6 | ROC=-0.881 | Mean4-CGM=99.7 | Err=-13.4 | InsLock=0 | Action=1/16 | rivi_RL=0.00 | InsRate=0.00 pmol/min | Delayed_Reward=0.06 | Cum_Reward=0.84
Sim Day 000, Time 12:30		
t=390 min | Steps=27 | CGM=90.3 | ROC=-0.618 | Mean4-CGM=93.8 | Err=-19.7 | InsLock=0 | Action=1/16 | rivi_RL=0.00 | InsRate=0.00 pmol/min | Delayed_Reward=0.07 | Cum_Reward=0.91
Sim Day 000, Time 12:45		
t=405 min | Steps=28 | CGM=99.4 | ROC=+0.487 | Mean4-CGM=95.7 | Err=-10.6 | InsLock=0 | Action=1/16 | rivi_RL=0.00 | InsRate=0.00 pmol/min | Delayed_Reward=0.09 | Cum_Reward=1.00
Sim Day 000, Time 13:00		
t=420 min | Steps=29 | CGM=104.4 | ROC=-0.113 | Mean4-CGM=102.9 | Err=-5.6 | InsLock=1 | Action=11/16 | rivi_RL=100.00 | InsRate=600.00 pmol/min | Delayed_Reward=0.08 | Cum_Reward=1.08
Sim Day 000, Time 13:15		
t=435 min | Steps=30 | CGM=123.9 | ROC=+1.851 | Mean4-CGM=113.0 | Err=+13.9 | InsLock=1 | Action=14/16 | rivi_RL=130.00 | InsRate=780.00 pmol/min | Delayed_Reward=0.08 | Cum_Reward=1.17
Sim Day 000, Time 13:30		
t=450 min | Steps=31 | CGM=165.7 | ROC=+2.312 | Mean4-CGM=145.7 | Err=+55.7 | InsLock=1 | Action=14/16 | rivi_RL=130.00 | InsRate=780.00 pmol/min | Delayed_Reward=-0.05 | Cum_Reward=1.12
Sim Day 000, Time 13:45		
t=465 min | Steps=32 | CGM=202.3 | ROC=+1.358 | Mean4-CGM=187.3 | Err=+92.3 | InsLock=1 | Action=14/16 | rivi_RL=130.00 | InsRate=780.00 pmol/min | Delayed_Reward=-0.03 | Cum_Reward=1.09
Sim Day 000, Time 14:00		
t=480 min | Steps=33 | CGM=213.7 | ROC=+0.299 | Mean4-CGM=209.9 | Err=+103.7 | InsLock=1 | Action=14/16 | rivi_RL=130.00 | InsRate=780.00 pmol/min | Delayed_Reward=-0.01 | Cum_Reward=1.08
Sim Day 000, Time 14:15		
t=495 min | Steps=34 | CGM=209.0 | ROC=-0.249 | Mean4-CGM=211.9 | Err=+99.0 | InsLock=1 | Action=14/16 | rivi_RL=130.00 | InsRate=780.00 pmol/min | Delayed_Reward=0.01 | Cum_Reward=1.09
Sim Day 000, Time 14:30		
t=510 min | Steps=35 | CGM=195.4 | ROC=-1.762 | Mean4-CGM=203.5 | Err=+85.4 | InsLock=1 | Action=14/16 | rivi_RL=130.00 | InsRate=780.00 pmol/min | Delayed_Reward=0.04 | Cum_Reward=1.12
Sim Day 000, Time 14:45		
t=525 min | Steps=36 | CGM=181.0 | ROC=-0.849 | Mean4-CGM=187.5 | Err=+71.0 | InsLock=1 | Action=14/16 | rivi_RL=130.00 | InsRate=780.00 pmol/min | Delayed_Reward=0.02 | Cum_Reward=1.14
Sim Day 000, Time 15:00		
t=540 min | Steps=37 | CGM=166.9 | ROC=-1.255 | Mean4-CGM=174.1 | Err=+56.9 | InsLock=1 | Action=14/16 | rivi_RL=130.00 | InsRate=780.00 pmol/min | Delayed_Reward=0.03 | Cum_Reward=1.17
Sim Day 000, Time 15:15		
t=555 min | Steps=38 | CGM=152.0 | ROC=-0.392 | Mean4-CGM=158.0 | Err=+42.0 | InsLock=1 | Action=14/16 | rivi_RL=130.00 | InsRate=780.00 pmol/min | Delayed_Reward=0.01 | Cum_Reward=1.18
Sim Day 000, Time 15:30		
t=570 min | Steps=39 | CGM=134.8 | ROC=-0.925 | Mean4-CGM=143.5 | Err=+24.8 | InsLock=1 | Action=14/16 | rivi_RL=130.00 | InsRate=780.00 pmol/min | Delayed_Reward=0.02 | Cum_Reward=1.20
Sim Day 000, Time 15:45		
t=585 min | Steps=40 | CGM=116.3 | ROC=-1.092 | Mean4-CGM=125.1 | Err=+6.3 | InsLock=1 | Action=9/16 | rivi_RL=80.00 | InsRate=480.00 pmol/min | Delayed_Reward=0.02 | Cum_Reward=1.22
Sim Day 000, Time 16:00		
t=600 min | Steps=41 | CGM=99.7 | ROC=-1.634 | Mean4-CGM=108.4 | Err=-10.3 | InsLock=0 | Action=1/16 | rivi_RL=0.00 | InsRate=0.00 pmol/min | Delayed_Reward=0.05 | Cum_Reward=1.27
Sim Day 000, Time 16:15		
t=615 min | Steps=42 | CGM=90.5 | ROC=-0.797 | Mean4-CGM=95.4 | Err=-19.5 | InsLock=0 | Action=1/16 | rivi_RL=0.00 | InsRate=0.00 pmol/min | Delayed_Reward=0.07 | Cum_Reward=1.33
Sim Day 000, Time 16:30		
t=630 min | Steps=43 | CGM=80.9 | ROC=-0.589 | Mean4-CGM=85.1 | Err=-29.1 | InsLock=0 | Action=1/16 | rivi_RL=0.00 | InsRate=0.00 pmol/min | Delayed_Reward=-0.01 | Cum_Reward=1.32
Sim Day 000, Time 16:45		
t=645 min | Steps=44 | CGM=87.4 | ROC=+0.598 | Mean4-CGM=83.8 | Err=-22.6 | InsLock=0 | Action=1/16 | rivi_RL=0.00 | InsRate=0.00 pmol/min | Delayed_Reward=0.01 | Cum_Reward=1.33
Sim Day 000, Time 17:00		
t=660 min | Steps=45 | CGM=98.9 | ROC=+1.098 | Mean4-CGM=92.3 | Err=-11.1 | InsLock=0 | Action=1/16 | rivi_RL=0.00 | InsRate=0.00 pmol/min | Delayed_Reward=0.11 | Cum_Reward=1.44
Sim Day 000, Time 17:15		
t=675 min | Steps=46 | CGM=102.9 | ROC=+0.469 | Mean4-CGM=99.6 | Err=-7.1 | InsLock=1 | Action=11/16 | rivi_RL=100.00 | InsRate=600.00 pmol/min | Delayed_Reward=0.09 | Cum_Reward=1.53
Sim Day 000, Time 17:30		
t=690 min | Steps=47 | CGM=109.9 | ROC=+0.774 | Mean4-CGM=105.8 | Err=-0.1 | InsLock=1 | Action=11/16 | rivi_RL=100.00 | InsRate=600.00 pmol/min | Delayed_Reward=0.10 | Cum_Reward=1.63
Sim Day 000, Time 17:45		
t=705 min | Steps=48 | CGM=103.0 | ROC=-0.972 | Mean4-CGM=107.1 | Err=-7.0 | InsLock=1 | Action=3/16 | rivi_RL=20.00 | InsRate=120.00 pmol/min | Delayed_Reward=0.06 | Cum_Reward=1.70
Sim Day 000, Time 18:00		
t=720 min | Steps=49 | CGM=99.0 | ROC=-1.493 | Mean4-CGM=103.1 | Err=-11.0 | InsLock=0 | Action=1/16 | rivi_RL=0.00 | InsRate=0.00 pmol/min | Delayed_Reward=0.05 | Cum_Reward=1.75
Sim Day 000, Time 18:15		
t=735 min | Steps=50 | CGM=94.5 | ROC=+0.397 | Mean4-CGM=95.0 | Err=-15.5 | InsLock=0 | Action=1/16 | rivi_RL=0.00 | InsRate=0.00 pmol/min | Delayed_Reward=0.09 | Cum_Reward=1.84
Sim Day 000, Time 18:30		
t=750 min | Steps=51 | CGM=98.5 | ROC=+1.629 | Mean4-CGM=93.8 | Err=-11.5 | InsLock=0 | Action=1/16 | rivi_RL=0.00 | InsRate=0.00 pmol/min | Delayed_Reward=0.12 | Cum_Reward=1.96
Sim Day 000, Time 18:45		
t=765 min | Steps=52 | CGM=128.1 | ROC=+2.862 | Mean4-CGM=110.1 | Err=+18.1 | InsLock=1 | Action=14/16 | rivi_RL=130.00 | InsRate=780.00 pmol/min | Delayed_Reward=0.08 | Cum_Reward=2.04
Sim Day 000, Time 19:00		
t=780 min | Steps=53 | CGM=178.9 | ROC=+3.752 | Mean4-CGM=153.2 | Err=+68.9 | InsLock=1 | Action=14/16 | rivi_RL=130.00 | InsRate=780.00 pmol/min | Delayed_Reward=-0.08 | Cum_Reward=1.96
Sim Day 000, Time 19:15		
t=795 min | Steps=54 | CGM=199.4 | ROC=+1.535 | Mean4-CGM=188.2 | Err=+89.4 | InsLock=1 | Action=14/16 | rivi_RL=130.00 | InsRate=780.00 pmol/min | Delayed_Reward=-0.03 | Cum_Reward=1.93
Sim Day 000, Time 19:30		
t=810 min | Steps=55 | CGM=206.2 | ROC=+0.010 | Mean4-CGM=203.0 | Err=+96.2 | InsLock=1 | Action=14/16 | rivi_RL=130.00 | InsRate=780.00 pmol/min | Delayed_Reward=-0.00 | Cum_Reward=1.93
Sim Day 000, Time 19:45		
t=825 min | Steps=56 | CGM=198.0 | ROC=-1.413 | Mean4-CGM=203.7 | Err=+88.0 | InsLock=1 | Action=14/16 | rivi_RL=130.00 | InsRate=780.00 pmol/min | Delayed_Reward=0.03 | Cum_Reward=1.96
Sim Day 000, Time 20:00		
t=840 min | Steps=57 | CGM=190.7 | ROC=-0.056 | Mean4-CGM=193.3 | Err=+80.7 | InsLock=1 | Action=14/16 | rivi_RL=130.00 | InsRate=780.00 pmol/min | Delayed_Reward=0.00 | Cum_Reward=1.96
Sim Day 000, Time 20:15		
t=855 min | Steps=58 | CGM=176.1 | ROC=-1.501 | Mean4-CGM=184.2 | Err=+66.1 | InsLock=1 | Action=14/16 | rivi_RL=130.00 | InsRate=780.00 pmol/min | Delayed_Reward=0.03 | Cum_Reward=1.99
Sim Day 000, Time 20:30		
t=870 min | Steps=59 | CGM=161.2 | ROC=-1.123 | Mean4-CGM=169.3 | Err=+51.2 | InsLock=1 | Action=14/16 | rivi_RL=130.00 | InsRate=780.00 pmol/min | Delayed_Reward=0.02 | Cum_Reward=2.02
Sim Day 000, Time 20:45		
t=885 min | Steps=60 | CGM=143.7 | ROC=-0.879 | Mean4-CGM=151.8 | Err=+33.7 | InsLock=1 | Action=14/16 | rivi_RL=130.00 | InsRate=780.00 pmol/min | Delayed_Reward=0.02 | Cum_Reward=2.03
Sim Day 000, Time 21:00		
t=900 min | Steps=61 | CGM=128.2 | ROC=-0.856 | Mean4-CGM=136.1 | Err=+18.2 | InsLock=1 | Action=14/16 | rivi_RL=130.00 | InsRate=780.00 pmol/min | Delayed_Reward=0.02 | Cum_Reward=2.05
Sim Day 000, Time 21:15		
t=915 min | Steps=62 | CGM=113.4 | ROC=-0.868 | Mean4-CGM=121.5 | Err=+3.4 | InsLock=1 | Action=9/16 | rivi_RL=80.00 | InsRate=480.00 pmol/min | Delayed_Reward=0.02 | Cum_Reward=2.07
Sim Day 000, Time 21:30		
t=930 min | Steps=63 | CGM=99.1 | ROC=-1.275 | Mean4-CGM=106.7 | Err=-10.9 | InsLock=0 | Action=1/16 | rivi_RL=0.00 | InsRate=0.00 pmol/min | Delayed_Reward=0.06 | Cum_Reward=2.13
Sim Day 000, Time 21:45		
t=945 min | Steps=64 | CGM=88.9 | ROC=-1.444 | Mean4-CGM=95.2 | Err=-21.1 | InsLock=0 | Action=1/16 | rivi_RL=0.00 | InsRate=0.00 pmol/min | Delayed_Reward=0.05 | Cum_Reward=2.18
Sim Day 000, Time 22:00		
t=960 min | Steps=65 | CGM=85.4 | ROC=-0.328 | Mean4-CGM=87.8 | Err=-24.6 | InsLock=0 | Action=1/16 | rivi_RL=0.00 | InsRate=0.00 pmol/min | Delayed_Reward=-0.01 | Cum_Reward=2.17
Sim Day 000, Time 22:15		
t=975 min | Steps=66 | CGM=89.4 | ROC=-0.144 | Mean4-CGM=88.2 | Err=-20.6 | InsLock=0 | Action=1/16 | rivi_RL=0.00 | InsRate=0.00 pmol/min | Delayed_Reward=-0.00 | Cum_Reward=2.17
Sim Day 000, Time 22:30		
t=990 min | Steps=67 | CGM=99.0 | ROC=+1.097 | Mean4-CGM=93.6 | Err=-11.0 | InsLock=0 | Action=1/16 | rivi_RL=0.00 | InsRate=0.00 pmol/min | Delayed_Reward=0.11 | Cum_Reward=2.28
Sim Day 000, Time 22:45		
t=1005 min | Steps=68 | CGM=103.4 | ROC=-0.401 | Mean4-CGM=102.1 | Err=-6.6 | InsLock=1 | Action=2/16 | rivi_RL=10.00 | InsRate=60.00 pmol/min | Delayed_Reward=0.07 | Cum_Reward=2.35
Sim Day 000, Time 23:00		
t=1020 min | Steps=69 | CGM=111.4 | ROC=+0.731 | Mean4-CGM=107.7 | Err=+1.4 | InsLock=1 | Action=11/16 | rivi_RL=100.00 | InsRate=600.00 pmol/min | Delayed_Reward=0.10 | Cum_Reward=2.45
Sim Day 000, Time 23:15		
t=1035 min | Steps=70 | CGM=115.3 | ROC=+0.653 | Mean4-CGM=112.6 | Err=+5.3 | InsLock=1 | Action=14/16 | rivi_RL=130.00 | InsRate=780.00 pmol/min | Delayed_Reward=0.08 | Cum_Reward=2.53
Sim Day 000, Time 23:30		
t=1050 min | Steps=71 | CGM=117.9 | ROC=+0.388 | Mean4-CGM=116.1 | Err=+7.9 | InsLock=1 | Action=14/16 | rivi_RL=130.00 | InsRate=780.00 pmol/min | Delayed_Reward=0.08 | Cum_Reward=2.62
Sim Day 000, Time 23:45		
t=1065 min | Steps=72 | CGM=107.6 | ROC=-0.777 | Mean4-CGM=111.7 | Err=-2.4 | InsLock=1 | Action=9/16 | rivi_RL=80.00 | InsRate=480.00 pmol/min | Delayed_Reward=0.08 | Cum_Reward=2.70
Sim Day 000, Time 00:00		
t=1080 min | Steps=73 | CGM=99.3 | ROC=-1.370 | Mean4-CGM=104.9 | Err=-10.7 | InsLock=0 | Action=1/16 | rivi_RL=0.00 | InsRate=0.00 pmol/min | Delayed_Reward=0.05 | Cum_Reward=2.75
Sim Day 000, Time 00:15		
t=1095 min | Steps=74 | CGM=91.6 | ROC=+0.225 | Mean4-CGM=94.5 | Err=-18.4 | InsLock=0 | Action=1/16 | rivi_RL=0.00 | InsRate=0.00 pmol/min | Delayed_Reward=0.09 | Cum_Reward=2.84
Sim Day 000, Time 00:30		
t=1110 min | Steps=75 | CGM=85.1 | ROC=-0.612 | Mean4-CGM=88.6 | Err=-24.9 | InsLock=0 | Action=1/16 | rivi_RL=0.00 | InsRate=0.00 pmol/min | Delayed_Reward=-0.01 | Cum_Reward=2.83
Sim Day 000, Time 00:45		
t=1125 min | Steps=76 | CGM=97.2 | ROC=+1.124 | Mean4-CGM=90.1 | Err=-12.8 | InsLock=0 | Action=1/16 | rivi_RL=0.00 | InsRate=0.00 pmol/min | Delayed_Reward=0.11 | Cum_Reward=2.94
Sim Day 000, Time 01:00		
t=1140 min | Steps=77 | CGM=102.0 | ROC=-0.230 | Mean4-CGM=100.8 | Err=-8.0 | InsLock=1 | Action=2/16 | rivi_RL=10.00 | InsRate=60.00 pmol/min | Delayed_Reward=0.08 | Cum_Reward=3.02
Sim Day 000, Time 01:15		
t=1155 min | Steps=78 | CGM=110.0 | ROC=+0.866 | Mean4-CGM=105.1 | Err=-0.0 | InsLock=1 | Action=11/16 | rivi_RL=100.00 | InsRate=600.00 pmol/min | Delayed_Reward=0.10 | Cum_Reward=3.12
Sim Day 000, Time 01:30		
t=1170 min | Steps=79 | CGM=117.0 | ROC=+0.885 | Mean4-CGM=112.4 | Err=+7.0 | InsLock=1 | Action=14/16 | rivi_RL=130.00 | InsRate=780.00 pmol/min | Delayed_Reward=0.08 | Cum_Reward=3.20
Sim Day 000, Time 01:45		
t=1185 min | Steps=80 | CGM=117.8 | ROC=+1.125 | Mean4-CGM=115.6 | Err=+7.8 | InsLock=1 | Action=14/16 | rivi_RL=130.00 | InsRate=780.00 pmol/min | Delayed_Reward=0.08 | Cum_Reward=3.28
Sim Day 000, Time 02:00		
t=1200 min | Steps=81 | CGM=108.7 | ROC=-0.750 | Mean4-CGM=113.6 | Err=-1.3 | InsLock=1 | Action=9/16 | rivi_RL=80.00 | InsRate=480.00 pmol/min | Delayed_Reward=0.08 | Cum_Reward=3.37
Sim Day 000, Time 02:15		
t=1215 min | Steps=82 | CGM=101.6 | ROC=-1.093 | Mean4-CGM=107.4 | Err=-8.4 | InsLock=1 | Action=9/16 | rivi_RL=80.00 | InsRate=480.00 pmol/min | Delayed_Reward=0.06 | Cum_Reward=3.43
Sim Day 000, Time 02:30		
t=1230 min | Steps=83 | CGM=95.1 | ROC=-0.485 | Mean4-CGM=99.1 | Err=-14.9 | InsLock=0 | Action=1/16 | rivi_RL=0.00 | InsRate=0.00 pmol/min | Delayed_Reward=0.07 | Cum_Reward=3.50
Sim Day 000, Time 02:45		
t=1245 min | Steps=84 | CGM=89.3 | ROC=+0.005 | Mean4-CGM=92.3 | Err=-20.7 | InsLock=0 | Action=1/16 | rivi_RL=0.00 | InsRate=0.00 pmol/min | Delayed_Reward=0.08 | Cum_Reward=3.58
Sim Day 000, Time 03:00		
t=1260 min | Steps=85 | CGM=88.4 | ROC=-0.301 | Mean4-CGM=89.2 | Err=-21.6 | InsLock=0 | Action=1/16 | rivi_RL=0.00 | InsRate=0.00 pmol/min | Delayed_Reward=-0.01 | Cum_Reward=3.58
Sim Day 000, Time 03:15		
t=1275 min | Steps=86 | CGM=96.8 | ROC=+0.027 | Mean4-CGM=92.9 | Err=-13.2 | InsLock=0 | Action=1/16 | rivi_RL=0.00 | InsRate=0.00 pmol/min | Delayed_Reward=0.08 | Cum_Reward=3.66
Sim Day 000, Time 03:30		
t=1290 min | Steps=87 | CGM=105.4 | ROC=+0.690 | Mean4-CGM=100.5 | Err=-4.6 | InsLock=1 | Action=11/16 | rivi_RL=100.00 | InsRate=600.00 pmol/min | Delayed_Reward=0.10 | Cum_Reward=3.76
Sim Day 000, Time 03:45		
t=1305 min | Steps=88 | CGM=113.0 | ROC=+0.679 | Mean4-CGM=108.7 | Err=+3.0 | InsLock=1 | Action=11/16 | rivi_RL=100.00 | InsRate=600.00 pmol/min | Delayed_Reward=0.10 | Cum_Reward=3.86
Sim Day 000, Time 04:00		
t=1320 min | Steps=89 | CGM=112.6 | ROC=+0.353 | Mean4-CGM=112.8 | Err=+2.6 | InsLock=1 | Action=14/16 | rivi_RL=130.00 | InsRate=780.00 pmol/min | Delayed_Reward=0.08 | Cum_Reward=3.94
Sim Day 000, Time 04:15		
t=1335 min | Steps=90 | CGM=109.2 | ROC=-0.387 | Mean4-CGM=111.8 | Err=-0.8 | InsLock=1 | Action=9/16 | rivi_RL=80.00 | InsRate=480.00 pmol/min | Delayed_Reward=0.08 | Cum_Reward=4.02
Sim Day 000, Time 04:30		
t=1350 min | Steps=91 | CGM=106.7 | ROC=+0.199 | Mean4-CGM=107.3 | Err=-3.3 | InsLock=1 | Action=9/16 | rivi_RL=80.00 | InsRate=480.00 pmol/min | Delayed_Reward=0.09 | Cum_Reward=4.11
Sim Day 000, Time 04:45		
t=1365 min | Steps=92 | CGM=100.3 | ROC=+0.344 | Mean4-CGM=103.2 | Err=-9.7 | InsLock=1 | Action=9/16 | rivi_RL=80.00 | InsRate=480.00 pmol/min | Delayed_Reward=0.09 | Cum_Reward=4.20
Sim Day 000, Time 05:00		
t=1380 min | Steps=93 | CGM=94.8 | ROC=-0.602 | Mean4-CGM=97.6 | Err=-15.2 | InsLock=0 | Action=1/16 | rivi_RL=0.00 | InsRate=0.00 pmol/min | Delayed_Reward=0.07 | Cum_Reward=4.27
Sim Day 000, Time 05:15		
t=1395 min | Steps=94 | CGM=91.8 | ROC=+0.471 | Mean4-CGM=91.9 | Err=-18.2 | InsLock=0 | Action=1/16 | rivi_RL=0.00 | InsRate=0.00 pmol/min | Delayed_Reward=0.09 | Cum_Reward=4.37
Sim Day 000, Time 05:30		
t=1410 min | Steps=95 | CGM=90.7 | ROC=+1.003 | Mean4-CGM=89.8 | Err=-19.3 | InsLock=0 | Action=1/16 | rivi_RL=0.00 | InsRate=0.00 pmol/min | Delayed_Reward=0.02 | Cum_Reward=4.39
Sim Day 000, Time 05:45		
t=1425 min | Steps=96 | CGM=96.9 | ROC=-0.021 | Mean4-CGM=93.7 | Err=-13.1 | InsLock=0 | Action=1/16 | rivi_RL=0.00 | InsRate=0.00 pmol/min | Delayed_Reward=0.08 | Cum_Reward=4.47
Sim Day 001, Time 06:00		
t=1440 min | Steps=97 | CGM=103.5 | ROC=-0.271 | Mean4-CGM=101.5 | Err=-6.5 | InsLock=1 | Action=2/16 | rivi_RL=10.00 | InsRate=60.00 pmol/min | Delayed_Reward=0.08 | Cum_Reward=4.55

24h-RESUME | subject=adult#002 | Total_Steps=97 |  Total_Reward=4.55 |  Average_Reward=0.047
