Sim Day 000, Time 06:00		
rlController INIT | subject=adult#004 | pop=Type2 Adult | Gb=198.2 | convFactor=6.00 | cgm_t0=197.3 mg/dL
t=0  min | Steps=1 | CGM=197.3 | ROC=+0.000 | Mean4-CGM=197.3 | Err=+87.3 | InsLock=1 | Action=16/16 | rivi_RL=150.00 | InsRate=900.00 pmol/min | 
Sim Day 000, Time 06:15		
t=15 min | Steps=2 | CGM=202.3 | ROC=+0.536 | Mean4-CGM=199.2 | Err=+92.3 | InsLock=1 | Action=14/16 | rivi_RL=130.00 | InsRate=780.00 pmol/min | Delayed_Reward=-0.01 | Cum_Reward=-0.01
Sim Day 000, Time 06:30		
t=30 min | Steps=3 | CGM=203.5 | ROC=+0.322 | Mean4-CGM=202.3 | Err=+93.5 | InsLock=1 | Action=14/16 | rivi_RL=130.00 | InsRate=780.00 pmol/min | Delayed_Reward=-0.01 | Cum_Reward=-0.02
Sim Day 000, Time 06:45		
t=45 min | Steps=4 | CGM=199.6 | ROC=-0.457 | Mean4-CGM=201.5 | Err=+89.6 | InsLock=1 | Action=14/16 | rivi_RL=130.00 | InsRate=780.00 pmol/min | Delayed_Reward=0.01 | Cum_Reward=-0.01
Sim Day 000, Time 07:00		
t=60 min | Steps=5 | CGM=190.8 | ROC=-0.271 | Mean4-CGM=195.3 | Err=+80.8 | InsLock=1 | Action=14/16 | rivi_RL=130.00 | InsRate=780.00 pmol/min | Delayed_Reward=0.01 | Cum_Reward=-0.00
Sim Day 000, Time 07:15		
t=75 min | Steps=6 | CGM=180.7 | ROC=-0.071 | Mean4-CGM=185.8 | Err=+70.7 | InsLock=1 | Action=14/16 | rivi_RL=130.00 | InsRate=780.00 pmol/min | Delayed_Reward=0.00 | Cum_Reward=-0.00
Sim Day 000, Time 07:30		
t=90 min | Steps=7 | CGM=173.5 | ROC=+0.178 | Mean4-CGM=176.1 | Err=+63.5 | InsLock=1 | Action=14/16 | rivi_RL=130.00 | InsRate=780.00 pmol/min | Delayed_Reward=-0.00 | Cum_Reward=-0.00
Sim Day 000, Time 07:45		
t=105 min | Steps=8 | CGM=163.9 | ROC=-0.398 | Mean4-CGM=166.8 | Err=+53.9 | InsLock=1 | Action=14/16 | rivi_RL=130.00 | InsRate=780.00 pmol/min | Delayed_Reward=0.01 | Cum_Reward=0.00
Sim Day 000, Time 08:00		
t=120 min | Steps=9 | CGM=158.1 | ROC=-0.260 | Mean4-CGM=160.0 | Err=+48.1 | InsLock=1 | Action=14/16 | rivi_RL=130.00 | InsRate=780.00 pmol/min | Delayed_Reward=0.01 | Cum_Reward=0.01
Sim Day 000, Time 08:15		
t=135 min | Steps=10 | CGM=172.8 | ROC=+0.766 | Mean4-CGM=166.9 | Err=+62.8 | InsLock=1 | Action=14/16 | rivi_RL=130.00 | InsRate=780.00 pmol/min | Delayed_Reward=-0.02 | Cum_Reward=-0.01
Sim Day 000, Time 08:30		
t=150 min | Steps=11 | CGM=177.5 | ROC=-0.582 | Mean4-CGM=176.1 | Err=+67.5 | InsLock=1 | Action=14/16 | rivi_RL=130.00 | InsRate=780.00 pmol/min | Delayed_Reward=0.01 | Cum_Reward=0.00
Sim Day 000, Time 08:45		
t=165 min | Steps=12 | CGM=180.6 | ROC=-0.513 | Mean4-CGM=180.5 | Err=+70.6 | InsLock=1 | Action=14/16 | rivi_RL=130.00 | InsRate=780.00 pmol/min | Delayed_Reward=0.01 | Cum_Reward=0.02
Sim Day 000, Time 09:00		
t=180 min | Steps=13 | CGM=179.9 | ROC=-0.610 | Mean4-CGM=180.4 | Err=+69.9 | InsLock=1 | Action=14/16 | rivi_RL=130.00 | InsRate=780.00 pmol/min | Delayed_Reward=0.01 | Cum_Reward=0.03
Sim Day 000, Time 09:15		
t=195 min | Steps=14 | CGM=175.8 | ROC=-0.059 | Mean4-CGM=177.2 | Err=+65.8 | InsLock=1 | Action=14/16 | rivi_RL=130.00 | InsRate=780.00 pmol/min | Delayed_Reward=0.00 | Cum_Reward=0.03
Sim Day 000, Time 09:30		
t=210 min | Steps=15 | CGM=169.6 | ROC=-0.187 | Mean4-CGM=172.0 | Err=+59.6 | InsLock=1 | Action=14/16 | rivi_RL=130.00 | InsRate=780.00 pmol/min | Delayed_Reward=0.00 | Cum_Reward=0.03
Sim Day 000, Time 09:45		
t=225 min | Steps=16 | CGM=161.9 | ROC=-0.430 | Mean4-CGM=164.8 | Err=+51.9 | InsLock=1 | Action=14/16 | rivi_RL=130.00 | InsRate=780.00 pmol/min | Delayed_Reward=0.01 | Cum_Reward=0.04
Sim Day 000, Time 10:00		
t=240 min | Steps=17 | CGM=153.7 | ROC=-0.677 | Mean4-CGM=158.0 | Err=+43.7 | InsLock=1 | Action=14/16 | rivi_RL=130.00 | InsRate=780.00 pmol/min | Delayed_Reward=0.01 | Cum_Reward=0.06
Sim Day 000, Time 10:15		
t=255 min | Steps=18 | CGM=145.0 | ROC=-0.358 | Mean4-CGM=149.6 | Err=+35.0 | InsLock=1 | Action=14/16 | rivi_RL=130.00 | InsRate=780.00 pmol/min | Delayed_Reward=0.01 | Cum_Reward=0.06
Sim Day 000, Time 10:30		
t=270 min | Steps=19 | CGM=136.5 | ROC=-0.477 | Mean4-CGM=140.2 | Err=+26.5 | InsLock=1 | Action=14/16 | rivi_RL=130.00 | InsRate=780.00 pmol/min | Delayed_Reward=0.01 | Cum_Reward=0.07
Sim Day 000, Time 10:45		
t=285 min | Steps=20 | CGM=127.6 | ROC=-0.509 | Mean4-CGM=131.9 | Err=+17.6 | InsLock=1 | Action=14/16 | rivi_RL=130.00 | InsRate=780.00 pmol/min | Delayed_Reward=0.01 | Cum_Reward=0.08
Sim Day 000, Time 11:00		
t=300 min | Steps=21 | CGM=114.6 | ROC=-0.951 | Mean4-CGM=121.5 | Err=+4.6 | InsLock=1 | Action=9/16 | rivi_RL=80.00 | InsRate=480.00 pmol/min | Delayed_Reward=0.02 | Cum_Reward=0.10
Sim Day 000, Time 11:15		
t=315 min | Steps=22 | CGM=105.0 | ROC=-0.810 | Mean4-CGM=110.7 | Err=-5.0 | InsLock=1 | Action=9/16 | rivi_RL=80.00 | InsRate=480.00 pmol/min | Delayed_Reward=0.08 | Cum_Reward=0.19
Sim Day 000, Time 11:30		
t=330 min | Steps=23 | CGM=93.8 | ROC=-0.730 | Mean4-CGM=99.3 | Err=-16.2 | InsLock=0 | Action=1/16 | rivi_RL=0.00 | InsRate=0.00 pmol/min | Delayed_Reward=0.07 | Cum_Reward=0.26
Sim Day 000, Time 11:45		
t=345 min | Steps=24 | CGM=89.7 | ROC=-0.352 | Mean4-CGM=92.4 | Err=-20.3 | InsLock=0 | Action=1/16 | rivi_RL=0.00 | InsRate=0.00 pmol/min | Delayed_Reward=0.08 | Cum_Reward=0.33
Sim Day 000, Time 12:00		
t=360 min | Steps=25 | CGM=90.7 | ROC=-0.439 | Mean4-CGM=89.9 | Err=-19.3 | InsLock=0 | Action=1/16 | rivi_RL=0.00 | InsRate=0.00 pmol/min | Delayed_Reward=-0.01 | Cum_Reward=0.32
Sim Day 000, Time 12:15		
t=375 min | Steps=26 | CGM=105.7 | ROC=+0.369 | Mean4-CGM=99.4 | Err=-4.3 | InsLock=1 | Action=11/16 | rivi_RL=100.00 | InsRate=600.00 pmol/min | Delayed_Reward=0.09 | Cum_Reward=0.41
Sim Day 000, Time 12:30		
t=390 min | Steps=27 | CGM=119.8 | ROC=+0.879 | Mean4-CGM=112.9 | Err=+9.8 | InsLock=1 | Action=14/16 | rivi_RL=130.00 | InsRate=780.00 pmol/min | Delayed_Reward=0.08 | Cum_Reward=0.50
Sim Day 000, Time 12:45		
t=405 min | Steps=28 | CGM=153.2 | ROC=+2.061 | Mean4-CGM=137.4 | Err=+43.2 | InsLock=1 | Action=14/16 | rivi_RL=130.00 | InsRate=780.00 pmol/min | Delayed_Reward=-0.04 | Cum_Reward=0.45
Sim Day 000, Time 13:00		
t=420 min | Steps=29 | CGM=174.9 | ROC=+0.722 | Mean4-CGM=165.7 | Err=+64.9 | InsLock=1 | Action=14/16 | rivi_RL=130.00 | InsRate=780.00 pmol/min | Delayed_Reward=-0.02 | Cum_Reward=0.44
Sim Day 000, Time 13:15		
t=435 min | Steps=30 | CGM=188.5 | ROC=+0.502 | Mean4-CGM=182.8 | Err=+78.5 | InsLock=1 | Action=14/16 | rivi_RL=130.00 | InsRate=780.00 pmol/min | Delayed_Reward=-0.01 | Cum_Reward=0.43
Sim Day 000, Time 13:30		
t=450 min | Steps=31 | CGM=187.6 | ROC=-0.840 | Mean4-CGM=189.9 | Err=+77.6 | InsLock=1 | Action=14/16 | rivi_RL=130.00 | InsRate=780.00 pmol/min | Delayed_Reward=0.02 | Cum_Reward=0.45
Sim Day 000, Time 13:45		
t=465 min | Steps=32 | CGM=187.3 | ROC=-0.611 | Mean4-CGM=189.5 | Err=+77.3 | InsLock=1 | Action=14/16 | rivi_RL=130.00 | InsRate=780.00 pmol/min | Delayed_Reward=0.01 | Cum_Reward=0.46
Sim Day 000, Time 14:00		
t=480 min | Steps=33 | CGM=183.5 | ROC=-0.294 | Mean4-CGM=186.2 | Err=+73.5 | InsLock=1 | Action=14/16 | rivi_RL=130.00 | InsRate=780.00 pmol/min | Delayed_Reward=0.01 | Cum_Reward=0.46
Sim Day 000, Time 14:15		
t=495 min | Steps=34 | CGM=177.8 | ROC=-0.137 | Mean4-CGM=180.7 | Err=+67.8 | InsLock=1 | Action=14/16 | rivi_RL=130.00 | InsRate=780.00 pmol/min | Delayed_Reward=0.00 | Cum_Reward=0.47
Sim Day 000, Time 14:30		
t=510 min | Steps=35 | CGM=168.6 | ROC=-1.407 | Mean4-CGM=174.3 | Err=+58.6 | InsLock=1 | Action=14/16 | rivi_RL=130.00 | InsRate=780.00 pmol/min | Delayed_Reward=0.03 | Cum_Reward=0.50
Sim Day 000, Time 14:45		
t=525 min | Steps=36 | CGM=160.4 | ROC=-0.411 | Mean4-CGM=163.7 | Err=+50.4 | InsLock=1 | Action=14/16 | rivi_RL=130.00 | InsRate=780.00 pmol/min | Delayed_Reward=0.01 | Cum_Reward=0.51
Sim Day 000, Time 15:00		
t=540 min | Steps=37 | CGM=153.1 | ROC=-0.795 | Mean4-CGM=156.9 | Err=+43.1 | InsLock=1 | Action=14/16 | rivi_RL=130.00 | InsRate=780.00 pmol/min | Delayed_Reward=0.02 | Cum_Reward=0.52
Sim Day 000, Time 15:15		
t=555 min | Steps=38 | CGM=145.1 | ROC=+0.058 | Mean4-CGM=147.7 | Err=+35.1 | InsLock=1 | Action=14/16 | rivi_RL=130.00 | InsRate=780.00 pmol/min | Delayed_Reward=-0.00 | Cum_Reward=0.52
Sim Day 000, Time 15:30		
t=570 min | Steps=39 | CGM=134.2 | ROC=-0.511 | Mean4-CGM=139.8 | Err=+24.2 | InsLock=1 | Action=14/16 | rivi_RL=130.00 | InsRate=780.00 pmol/min | Delayed_Reward=0.01 | Cum_Reward=0.53
Sim Day 000, Time 15:45		
t=585 min | Steps=40 | CGM=121.5 | ROC=-0.726 | Mean4-CGM=127.5 | Err=+11.5 | InsLock=1 | Action=14/16 | rivi_RL=130.00 | InsRate=780.00 pmol/min | Delayed_Reward=0.02 | Cum_Reward=0.55
Sim Day 000, Time 16:00		
t=600 min | Steps=41 | CGM=109.8 | ROC=-1.336 | Mean4-CGM=116.1 | Err=-0.2 | InsLock=1 | Action=9/16 | rivi_RL=80.00 | InsRate=480.00 pmol/min | Delayed_Reward=0.08 | Cum_Reward=0.63
Sim Day 000, Time 16:15		
t=615 min | Steps=42 | CGM=104.0 | ROC=-0.614 | Mean4-CGM=107.2 | Err=-6.0 | InsLock=1 | Action=9/16 | rivi_RL=80.00 | InsRate=480.00 pmol/min | Delayed_Reward=0.07 | Cum_Reward=0.70
Sim Day 000, Time 16:30		
t=630 min | Steps=43 | CGM=93.2 | ROC=-0.928 | Mean4-CGM=98.6 | Err=-16.8 | InsLock=0 | Action=1/16 | rivi_RL=0.00 | InsRate=0.00 pmol/min | Delayed_Reward=0.06 | Cum_Reward=0.76
Sim Day 000, Time 16:45		
t=645 min | Steps=44 | CGM=86.7 | ROC=-0.338 | Mean4-CGM=89.9 | Err=-23.3 | InsLock=0 | Action=1/16 | rivi_RL=0.00 | InsRate=0.00 pmol/min | Delayed_Reward=-0.01 | Cum_Reward=0.76
Sim Day 000, Time 17:00		
t=660 min | Steps=45 | CGM=97.2 | ROC=+1.405 | Mean4-CGM=90.1 | Err=-12.8 | InsLock=0 | Action=1/16 | rivi_RL=0.00 | InsRate=0.00 pmol/min | Delayed_Reward=0.11 | Cum_Reward=0.87
Sim Day 000, Time 17:15		
t=675 min | Steps=46 | CGM=106.0 | ROC=+0.787 | Mean4-CGM=100.3 | Err=-4.0 | InsLock=1 | Action=11/16 | rivi_RL=100.00 | InsRate=600.00 pmol/min | Delayed_Reward=0.10 | Cum_Reward=0.97
Sim Day 000, Time 17:30		
t=690 min | Steps=47 | CGM=117.4 | ROC=+1.023 | Mean4-CGM=111.2 | Err=+7.4 | InsLock=1 | Action=14/16 | rivi_RL=130.00 | InsRate=780.00 pmol/min | Delayed_Reward=0.08 | Cum_Reward=1.05
Sim Day 000, Time 17:45		
t=705 min | Steps=48 | CGM=112.7 | ROC=-0.858 | Mean4-CGM=115.8 | Err=+2.7 | InsLock=1 | Action=9/16 | rivi_RL=80.00 | InsRate=480.00 pmol/min | Delayed_Reward=0.08 | Cum_Reward=1.14
Sim Day 000, Time 18:00		
t=720 min | Steps=49 | CGM=110.2 | ROC=-1.393 | Mean4-CGM=113.5 | Err=+0.2 | InsLock=1 | Action=9/16 | rivi_RL=80.00 | InsRate=480.00 pmol/min | Delayed_Reward=0.08 | Cum_Reward=1.22
Sim Day 000, Time 18:15		
t=735 min | Steps=50 | CGM=106.3 | ROC=+0.346 | Mean4-CGM=106.7 | Err=-3.7 | InsLock=1 | Action=9/16 | rivi_RL=80.00 | InsRate=480.00 pmol/min | Delayed_Reward=0.09 | Cum_Reward=1.31
Sim Day 000, Time 18:30		
t=750 min | Steps=51 | CGM=99.8 | ROC=+0.563 | Mean4-CGM=101.3 | Err=-10.2 | InsLock=0 | Action=1/16 | rivi_RL=0.00 | InsRate=0.00 pmol/min | Delayed_Reward=0.10 | Cum_Reward=1.41
Sim Day 000, Time 18:45		
t=765 min | Steps=52 | CGM=92.3 | ROC=-0.233 | Mean4-CGM=94.6 | Err=-17.7 | InsLock=0 | Action=1/16 | rivi_RL=0.00 | InsRate=0.00 pmol/min | Delayed_Reward=0.08 | Cum_Reward=1.48
Sim Day 000, Time 19:00		
t=780 min | Steps=53 | CGM=106.6 | ROC=+1.796 | Mean4-CGM=97.9 | Err=-3.4 | InsLock=1 | Action=14/16 | rivi_RL=130.00 | InsRate=780.00 pmol/min | Delayed_Reward=0.12 | Cum_Reward=1.60
Sim Day 000, Time 19:15		
t=795 min | Steps=54 | CGM=110.1 | ROC=+0.743 | Mean4-CGM=106.5 | Err=+0.1 | InsLock=1 | Action=11/16 | rivi_RL=100.00 | InsRate=600.00 pmol/min | Delayed_Reward=0.10 | Cum_Reward=1.70
Sim Day 000, Time 19:30		
t=810 min | Steps=55 | CGM=110.4 | ROC=-0.263 | Mean4-CGM=110.0 | Err=+0.4 | InsLock=1 | Action=9/16 | rivi_RL=80.00 | InsRate=480.00 pmol/min | Delayed_Reward=0.08 | Cum_Reward=1.79
Sim Day 000, Time 19:45		
t=825 min | Steps=56 | CGM=109.2 | ROC=-0.397 | Mean4-CGM=110.0 | Err=-0.8 | InsLock=1 | Action=9/16 | rivi_RL=80.00 | InsRate=480.00 pmol/min | Delayed_Reward=0.08 | Cum_Reward=1.87
Sim Day 000, Time 20:00		
t=840 min | Steps=57 | CGM=127.6 | ROC=+1.828 | Mean4-CGM=116.8 | Err=+17.6 | InsLock=1 | Action=16/16 | rivi_RL=150.00 | InsRate=900.00 pmol/min | Delayed_Reward=0.08 | Cum_Reward=1.95
Sim Day 000, Time 20:15		
t=855 min | Steps=58 | CGM=140.4 | ROC=+0.247 | Mean4-CGM=135.1 | Err=+30.4 | InsLock=1 | Action=16/16 | rivi_RL=150.00 | InsRate=900.00 pmol/min | Delayed_Reward=-0.01 | Cum_Reward=1.95
Sim Day 000, Time 20:30		
t=870 min | Steps=59 | CGM=147.9 | ROC=+0.229 | Mean4-CGM=145.2 | Err=+37.9 | InsLock=1 | Action=14/16 | rivi_RL=130.00 | InsRate=780.00 pmol/min | Delayed_Reward=-0.00 | Cum_Reward=1.94
Sim Day 000, Time 20:45		
t=885 min | Steps=60 | CGM=146.8 | ROC=+0.102 | Mean4-CGM=146.9 | Err=+36.8 | InsLock=1 | Action=14/16 | rivi_RL=130.00 | InsRate=780.00 pmol/min | Delayed_Reward=-0.00 | Cum_Reward=1.94
Sim Day 000, Time 21:00		
t=900 min | Steps=61 | CGM=144.0 | ROC=-0.070 | Mean4-CGM=145.7 | Err=+34.0 | InsLock=1 | Action=14/16 | rivi_RL=130.00 | InsRate=780.00 pmol/min | Delayed_Reward=0.00 | Cum_Reward=1.94
Sim Day 000, Time 21:15		
t=915 min | Steps=62 | CGM=139.6 | ROC=-0.211 | Mean4-CGM=142.5 | Err=+29.6 | InsLock=1 | Action=14/16 | rivi_RL=130.00 | InsRate=780.00 pmol/min | Delayed_Reward=0.00 | Cum_Reward=1.95
Sim Day 000, Time 21:30		
t=930 min | Steps=63 | CGM=133.8 | ROC=-0.756 | Mean4-CGM=137.3 | Err=+23.8 | InsLock=1 | Action=14/16 | rivi_RL=130.00 | InsRate=780.00 pmol/min | Delayed_Reward=0.02 | Cum_Reward=1.96
Sim Day 000, Time 21:45		
t=945 min | Steps=64 | CGM=129.6 | ROC=-1.121 | Mean4-CGM=133.0 | Err=+19.6 | InsLock=1 | Action=14/16 | rivi_RL=130.00 | InsRate=780.00 pmol/min | Delayed_Reward=0.02 | Cum_Reward=1.99
Sim Day 000, Time 22:00		
t=960 min | Steps=65 | CGM=125.7 | ROC=-0.656 | Mean4-CGM=129.0 | Err=+15.7 | InsLock=1 | Action=16/16 | rivi_RL=150.00 | InsRate=900.00 pmol/min | Delayed_Reward=0.01 | Cum_Reward=2.00
Sim Day 000, Time 22:15		
t=975 min | Steps=66 | CGM=116.4 | ROC=-1.151 | Mean4-CGM=122.2 | Err=+6.4 | InsLock=1 | Action=9/16 | rivi_RL=80.00 | InsRate=480.00 pmol/min | Delayed_Reward=0.02 | Cum_Reward=2.02
Sim Day 000, Time 22:30		
t=990 min | Steps=67 | CGM=111.4 | ROC=+0.141 | Mean4-CGM=113.2 | Err=+1.4 | InsLock=1 | Action=16/16 | rivi_RL=150.00 | InsRate=900.00 pmol/min | Delayed_Reward=0.08 | Cum_Reward=2.11
Sim Day 000, Time 22:45		
t=1005 min | Steps=68 | CGM=102.3 | ROC=-1.265 | Mean4-CGM=107.7 | Err=-7.7 | InsLock=1 | Action=9/16 | rivi_RL=80.00 | InsRate=480.00 pmol/min | Delayed_Reward=0.06 | Cum_Reward=2.16
Sim Day 000, Time 23:00		
t=1020 min | Steps=69 | CGM=97.8 | ROC=-0.085 | Mean4-CGM=100.3 | Err=-12.2 | InsLock=0 | Action=1/16 | rivi_RL=0.00 | InsRate=0.00 pmol/min | Delayed_Reward=0.08 | Cum_Reward=2.25
Sim Day 000, Time 23:15		
t=1035 min | Steps=70 | CGM=91.7 | ROC=+0.139 | Mean4-CGM=93.7 | Err=-18.3 | InsLock=0 | Action=1/16 | rivi_RL=0.00 | InsRate=0.00 pmol/min | Delayed_Reward=0.09 | Cum_Reward=2.33
Sim Day 000, Time 23:30		
t=1050 min | Steps=71 | CGM=102.2 | ROC=+1.357 | Mean4-CGM=95.2 | Err=-7.8 | InsLock=1 | Action=14/16 | rivi_RL=130.00 | InsRate=780.00 pmol/min | Delayed_Reward=0.11 | Cum_Reward=2.44
Sim Day 000, Time 23:45		
t=1065 min | Steps=72 | CGM=106.6 | ROC=+0.093 | Mean4-CGM=103.6 | Err=-3.4 | InsLock=1 | Action=9/16 | rivi_RL=80.00 | InsRate=480.00 pmol/min | Delayed_Reward=0.09 | Cum_Reward=2.53
Sim Day 000, Time 00:00		
t=1080 min | Steps=73 | CGM=106.6 | ROC=-0.956 | Mean4-CGM=108.4 | Err=-3.4 | InsLock=1 | Action=9/16 | rivi_RL=80.00 | InsRate=480.00 pmol/min | Delayed_Reward=0.06 | Cum_Reward=2.59
Sim Day 000, Time 00:15		
t=1095 min | Steps=74 | CGM=103.8 | ROC=+0.537 | Mean4-CGM=104.2 | Err=-6.2 | InsLock=1 | Action=9/16 | rivi_RL=80.00 | InsRate=480.00 pmol/min | Delayed_Reward=0.09 | Cum_Reward=2.69
Sim Day 000, Time 00:30		
t=1110 min | Steps=75 | CGM=98.4 | ROC=-0.802 | Mean4-CGM=101.9 | Err=-11.6 | InsLock=0 | Action=1/16 | rivi_RL=0.00 | InsRate=0.00 pmol/min | Delayed_Reward=0.07 | Cum_Reward=2.75
Sim Day 000, Time 00:45		
t=1125 min | Steps=76 | CGM=102.4 | ROC=+0.626 | Mean4-CGM=99.4 | Err=-7.6 | InsLock=1 | Action=14/16 | rivi_RL=130.00 | InsRate=780.00 pmol/min | Delayed_Reward=0.10 | Cum_Reward=2.85
Sim Day 000, Time 01:00		
t=1140 min | Steps=77 | CGM=108.9 | ROC=+0.009 | Mean4-CGM=106.4 | Err=-1.1 | InsLock=1 | Action=9/16 | rivi_RL=80.00 | InsRate=480.00 pmol/min | Delayed_Reward=0.08 | Cum_Reward=2.93
Sim Day 000, Time 01:15		
t=1155 min | Steps=78 | CGM=115.2 | ROC=+0.542 | Mean4-CGM=111.8 | Err=+5.2 | InsLock=1 | Action=14/16 | rivi_RL=130.00 | InsRate=780.00 pmol/min | Delayed_Reward=0.08 | Cum_Reward=3.02
Sim Day 000, Time 01:30		
t=1170 min | Steps=79 | CGM=114.2 | ROC=+0.337 | Mean4-CGM=113.7 | Err=+4.2 | InsLock=1 | Action=14/16 | rivi_RL=130.00 | InsRate=780.00 pmol/min | Delayed_Reward=0.08 | Cum_Reward=3.10
Sim Day 000, Time 01:45		
t=1185 min | Steps=80 | CGM=109.5 | ROC=+0.865 | Mean4-CGM=109.9 | Err=-0.5 | InsLock=1 | Action=14/16 | rivi_RL=130.00 | InsRate=780.00 pmol/min | Delayed_Reward=0.10 | Cum_Reward=3.20
Sim Day 000, Time 02:00		
t=1200 min | Steps=81 | CGM=99.0 | ROC=-0.785 | Mean4-CGM=104.5 | Err=-11.0 | InsLock=0 | Action=1/16 | rivi_RL=0.00 | InsRate=0.00 pmol/min | Delayed_Reward=0.07 | Cum_Reward=3.27
Sim Day 000, Time 02:15		
t=1215 min | Steps=82 | CGM=92.8 | ROC=-0.979 | Mean4-CGM=98.1 | Err=-17.2 | InsLock=0 | Action=1/16 | rivi_RL=0.00 | InsRate=0.00 pmol/min | Delayed_Reward=0.06 | Cum_Reward=3.33
Sim Day 000, Time 02:30		
t=1230 min | Steps=83 | CGM=98.0 | ROC=+0.669 | Mean4-CGM=95.1 | Err=-12.0 | InsLock=0 | Action=1/16 | rivi_RL=0.00 | InsRate=0.00 pmol/min | Delayed_Reward=0.10 | Cum_Reward=3.43
Sim Day 000, Time 02:45		
t=1245 min | Steps=84 | CGM=109.5 | ROC=+1.117 | Mean4-CGM=103.9 | Err=-0.5 | InsLock=1 | Action=14/16 | rivi_RL=130.00 | InsRate=780.00 pmol/min | Delayed_Reward=0.11 | Cum_Reward=3.54
Sim Day 000, Time 03:00		
t=1260 min | Steps=85 | CGM=118.7 | ROC=-0.049 | Mean4-CGM=115.4 | Err=+8.7 | InsLock=1 | Action=11/16 | rivi_RL=100.00 | InsRate=600.00 pmol/min | Delayed_Reward=0.08 | Cum_Reward=3.62
Sim Day 000, Time 03:15		
t=1275 min | Steps=86 | CGM=121.1 | ROC=-0.570 | Mean4-CGM=120.7 | Err=+11.1 | InsLock=1 | Action=14/16 | rivi_RL=130.00 | InsRate=780.00 pmol/min | Delayed_Reward=0.01 | Cum_Reward=3.63
Sim Day 000, Time 03:30		
t=1290 min | Steps=87 | CGM=118.5 | ROC=-0.091 | Mean4-CGM=119.4 | Err=+8.5 | InsLock=1 | Action=14/16 | rivi_RL=130.00 | InsRate=780.00 pmol/min | Delayed_Reward=0.08 | Cum_Reward=3.71
Sim Day 000, Time 03:45		
t=1305 min | Steps=88 | CGM=115.0 | ROC=-0.001 | Mean4-CGM=116.2 | Err=+5.0 | InsLock=1 | Action=14/16 | rivi_RL=130.00 | InsRate=780.00 pmol/min | Delayed_Reward=0.08 | Cum_Reward=3.80
Sim Day 000, Time 04:00		
t=1320 min | Steps=89 | CGM=107.7 | ROC=-0.002 | Mean4-CGM=111.0 | Err=-2.3 | InsLock=1 | Action=9/16 | rivi_RL=80.00 | InsRate=480.00 pmol/min | Delayed_Reward=0.08 | Cum_Reward=3.88
Sim Day 000, Time 04:15		
t=1335 min | Steps=90 | CGM=101.3 | ROC=-0.513 | Mean4-CGM=105.2 | Err=-8.7 | InsLock=1 | Action=9/16 | rivi_RL=80.00 | InsRate=480.00 pmol/min | Delayed_Reward=0.07 | Cum_Reward=3.95
Sim Day 000, Time 04:30		
t=1350 min | Steps=91 | CGM=98.7 | ROC=+0.242 | Mean4-CGM=99.3 | Err=-11.3 | InsLock=0 | Action=1/16 | rivi_RL=0.00 | InsRate=0.00 pmol/min | Delayed_Reward=0.09 | Cum_Reward=4.04
Sim Day 000, Time 04:45		
t=1365 min | Steps=92 | CGM=94.6 | ROC=+0.620 | Mean4-CGM=96.2 | Err=-15.4 | InsLock=0 | Action=1/16 | rivi_RL=0.00 | InsRate=0.00 pmol/min | Delayed_Reward=0.10 | Cum_Reward=4.14
Sim Day 000, Time 05:00		
t=1380 min | Steps=93 | CGM=103.6 | ROC=+0.539 | Mean4-CGM=98.7 | Err=-6.4 | InsLock=1 | Action=11/16 | rivi_RL=100.00 | InsRate=600.00 pmol/min | Delayed_Reward=0.09 | Cum_Reward=4.23
Sim Day 000, Time 05:15		
t=1395 min | Steps=94 | CGM=114.7 | ROC=+1.249 | Mean4-CGM=108.1 | Err=+4.7 | InsLock=1 | Action=14/16 | rivi_RL=130.00 | InsRate=780.00 pmol/min | Delayed_Reward=0.11 | Cum_Reward=4.34
Sim Day 000, Time 05:30		
t=1410 min | Steps=95 | CGM=115.0 | ROC=+0.667 | Mean4-CGM=114.5 | Err=+5.0 | InsLock=1 | Action=14/16 | rivi_RL=130.00 | InsRate=780.00 pmol/min | Delayed_Reward=0.08 | Cum_Reward=4.43
Sim Day 000, Time 05:45		
t=1425 min | Steps=96 | CGM=111.0 | ROC=-0.757 | Mean4-CGM=113.0 | Err=+1.0 | InsLock=1 | Action=9/16 | rivi_RL=80.00 | InsRate=480.00 pmol/min | Delayed_Reward=0.08 | Cum_Reward=4.51
Sim Day 001, Time 06:00		
t=1440 min | Steps=97 | CGM=106.1 | ROC=-1.031 | Mean4-CGM=109.9 | Err=-3.9 | InsLock=1 | Action=9/16 | rivi_RL=80.00 | InsRate=480.00 pmol/min | Delayed_Reward=0.06 | Cum_Reward=4.57

24h-RESUME | subject=adult#004 | Total_Steps=97 |  Total_Reward=4.57 |  Average_Reward=0.047
