Sim Day 000, Time 06:00		
rlController INIT | subject=adult#001 | pop=Type2 Adult | Gb=139.1 | convFactor=6.00 | cgm_t0=138.1 mg/dL
t=0  min | Steps=1 | CGM=138.1 | ROC=+0.000 | Mean4-CGM=138.1 | Err=+28.1 | InsLock=1 | Action=14/16 | rivi_RL=130.00 | InsRate=780.00 pmol/min | 
Sim Day 000, Time 06:15		
t=15 min | Steps=2 | CGM=142.0 | ROC=+0.438 | Mean4-CGM=139.6 | Err=+32.0 | InsLock=1 | Action=14/16 | rivi_RL=130.00 | InsRate=780.00 pmol/min | Delayed_Reward=-0.01 | Cum_Reward=-0.01
Sim Day 000, Time 06:30		
t=30 min | Steps=3 | CGM=143.3 | ROC=+0.397 | Mean4-CGM=141.9 | Err=+33.3 | InsLock=1 | Action=14/16 | rivi_RL=130.00 | InsRate=780.00 pmol/min | Delayed_Reward=-0.01 | Cum_Reward=-0.02
Sim Day 000, Time 06:45		
t=45 min | Steps=4 | CGM=142.1 | ROC=-0.244 | Mean4-CGM=142.6 | Err=+32.1 | InsLock=1 | Action=14/16 | rivi_RL=130.00 | InsRate=780.00 pmol/min | Delayed_Reward=0.01 | Cum_Reward=-0.01
Sim Day 000, Time 07:00		
t=60 min | Steps=5 | CGM=137.1 | ROC=-0.002 | Mean4-CGM=139.6 | Err=+27.1 | InsLock=1 | Action=14/16 | rivi_RL=130.00 | InsRate=780.00 pmol/min | Delayed_Reward=0.00 | Cum_Reward=-0.01
Sim Day 000, Time 07:15		
t=75 min | Steps=6 | CGM=131.4 | ROC=+0.237 | Mean4-CGM=134.2 | Err=+21.4 | InsLock=1 | Action=14/16 | rivi_RL=130.00 | InsRate=780.00 pmol/min | Delayed_Reward=-0.00 | Cum_Reward=-0.02
Sim Day 000, Time 07:30		
t=90 min | Steps=7 | CGM=129.1 | ROC=+0.515 | Mean4-CGM=129.3 | Err=+19.1 | InsLock=1 | Action=14/16 | rivi_RL=130.00 | InsRate=780.00 pmol/min | Delayed_Reward=-0.01 | Cum_Reward=-0.03
Sim Day 000, Time 07:45		
t=105 min | Steps=8 | CGM=124.7 | ROC=-0.056 | Mean4-CGM=125.1 | Err=+14.7 | InsLock=1 | Action=14/16 | rivi_RL=130.00 | InsRate=780.00 pmol/min | Delayed_Reward=0.00 | Cum_Reward=-0.03
Sim Day 000, Time 08:00		
t=120 min | Steps=9 | CGM=115.5 | ROC=-0.861 | Mean4-CGM=120.1 | Err=+5.5 | InsLock=1 | Action=9/16 | rivi_RL=80.00 | InsRate=480.00 pmol/min | Delayed_Reward=0.02 | Cum_Reward=-0.01
Sim Day 000, Time 08:15		
t=135 min | Steps=10 | CGM=126.8 | ROC=+0.864 | Mean4-CGM=121.8 | Err=+16.8 | InsLock=1 | Action=16/16 | rivi_RL=150.00 | InsRate=900.00 pmol/min | Delayed_Reward=-0.02 | Cum_Reward=-0.03
Sim Day 000, Time 08:30		
t=150 min | Steps=11 | CGM=136.1 | ROC=-0.253 | Mean4-CGM=132.4 | Err=+26.1 | InsLock=1 | Action=16/16 | rivi_RL=150.00 | InsRate=900.00 pmol/min | Delayed_Reward=0.01 | Cum_Reward=-0.02
Sim Day 000, Time 08:45		
t=165 min | Steps=12 | CGM=144.7 | ROC=-0.135 | Mean4-CGM=141.9 | Err=+34.7 | InsLock=1 | Action=16/16 | rivi_RL=150.00 | InsRate=900.00 pmol/min | Delayed_Reward=0.00 | Cum_Reward=-0.02
Sim Day 000, Time 09:00		
t=180 min | Steps=13 | CGM=148.7 | ROC=-0.343 | Mean4-CGM=147.0 | Err=+38.7 | InsLock=1 | Action=16/16 | rivi_RL=150.00 | InsRate=900.00 pmol/min | Delayed_Reward=0.01 | Cum_Reward=-0.01
Sim Day 000, Time 09:15		
t=195 min | Steps=14 | CGM=147.1 | ROC=+0.067 | Mean4-CGM=147.4 | Err=+37.1 | InsLock=1 | Action=14/16 | rivi_RL=130.00 | InsRate=780.00 pmol/min | Delayed_Reward=-0.00 | Cum_Reward=-0.01
Sim Day 000, Time 09:30		
t=210 min | Steps=15 | CGM=142.3 | ROC=-0.112 | Mean4-CGM=144.0 | Err=+32.3 | InsLock=1 | Action=14/16 | rivi_RL=130.00 | InsRate=780.00 pmol/min | Delayed_Reward=0.00 | Cum_Reward=-0.01
Sim Day 000, Time 09:45		
t=225 min | Steps=16 | CGM=135.7 | ROC=-0.355 | Mean4-CGM=138.0 | Err=+25.7 | InsLock=1 | Action=14/16 | rivi_RL=130.00 | InsRate=780.00 pmol/min | Delayed_Reward=0.01 | Cum_Reward=-0.00
Sim Day 000, Time 10:00		
t=240 min | Steps=17 | CGM=128.8 | ROC=-0.586 | Mean4-CGM=132.3 | Err=+18.8 | InsLock=1 | Action=14/16 | rivi_RL=130.00 | InsRate=780.00 pmol/min | Delayed_Reward=0.01 | Cum_Reward=0.01
Sim Day 000, Time 10:15		
t=255 min | Steps=18 | CGM=121.6 | ROC=-0.238 | Mean4-CGM=125.4 | Err=+11.6 | InsLock=1 | Action=14/16 | rivi_RL=130.00 | InsRate=780.00 pmol/min | Delayed_Reward=0.00 | Cum_Reward=0.01
Sim Day 000, Time 10:30		
t=270 min | Steps=19 | CGM=115.4 | ROC=-0.312 | Mean4-CGM=118.0 | Err=+5.4 | InsLock=1 | Action=14/16 | rivi_RL=130.00 | InsRate=780.00 pmol/min | Delayed_Reward=0.08 | Cum_Reward=0.10
Sim Day 000, Time 10:45		
t=285 min | Steps=20 | CGM=109.2 | ROC=-0.331 | Mean4-CGM=112.2 | Err=-0.8 | InsLock=1 | Action=9/16 | rivi_RL=80.00 | InsRate=480.00 pmol/min | Delayed_Reward=0.08 | Cum_Reward=0.18
Sim Day 000, Time 11:00		
t=300 min | Steps=21 | CGM=98.7 | ROC=-0.773 | Mean4-CGM=104.4 | Err=-11.3 | InsLock=0 | Action=1/16 | rivi_RL=0.00 | InsRate=0.00 pmol/min | Delayed_Reward=0.07 | Cum_Reward=0.25
Sim Day 000, Time 11:15		
t=315 min | Steps=22 | CGM=92.5 | ROC=-0.549 | Mean4-CGM=96.5 | Err=-17.5 | InsLock=0 | Action=1/16 | rivi_RL=0.00 | InsRate=0.00 pmol/min | Delayed_Reward=0.07 | Cum_Reward=0.32
Sim Day 000, Time 11:30		
t=330 min | Steps=23 | CGM=94.3 | ROC=+0.622 | Mean4-CGM=92.1 | Err=-15.7 | InsLock=0 | Action=1/16 | rivi_RL=0.00 | InsRate=0.00 pmol/min | Delayed_Reward=0.10 | Cum_Reward=0.42
Sim Day 000, Time 11:45		
t=345 min | Steps=24 | CGM=120.9 | ROC=+1.714 | Mean4-CGM=108.0 | Err=+10.9 | InsLock=1 | Action=14/16 | rivi_RL=130.00 | InsRate=780.00 pmol/min | Delayed_Reward=0.12 | Cum_Reward=0.54
Sim Day 000, Time 12:00		
t=360 min | Steps=25 | CGM=133.7 | ROC=-0.237 | Mean4-CGM=128.5 | Err=+23.7 | InsLock=1 | Action=14/16 | rivi_RL=130.00 | InsRate=780.00 pmol/min | Delayed_Reward=0.00 | Cum_Reward=0.54
Sim Day 000, Time 12:15		
t=375 min | Steps=26 | CGM=146.8 | ROC=+0.087 | Mean4-CGM=141.8 | Err=+36.8 | InsLock=1 | Action=14/16 | rivi_RL=130.00 | InsRate=780.00 pmol/min | Delayed_Reward=-0.00 | Cum_Reward=0.54
Sim Day 000, Time 12:30		
t=390 min | Steps=27 | CGM=146.0 | ROC=-0.684 | Mean4-CGM=147.8 | Err=+36.0 | InsLock=1 | Action=14/16 | rivi_RL=130.00 | InsRate=780.00 pmol/min | Delayed_Reward=0.01 | Cum_Reward=0.55
Sim Day 000, Time 12:45		
t=405 min | Steps=28 | CGM=146.5 | ROC=-0.194 | Mean4-CGM=147.5 | Err=+36.5 | InsLock=1 | Action=14/16 | rivi_RL=130.00 | InsRate=780.00 pmol/min | Delayed_Reward=0.00 | Cum_Reward=0.56
Sim Day 000, Time 13:00		
t=420 min | Steps=29 | CGM=139.8 | ROC=-0.950 | Mean4-CGM=144.3 | Err=+29.8 | InsLock=1 | Action=14/16 | rivi_RL=130.00 | InsRate=780.00 pmol/min | Delayed_Reward=0.02 | Cum_Reward=0.58
Sim Day 000, Time 13:15		
t=435 min | Steps=30 | CGM=134.8 | ROC=-0.542 | Mean4-CGM=137.9 | Err=+24.8 | InsLock=1 | Action=14/16 | rivi_RL=130.00 | InsRate=780.00 pmol/min | Delayed_Reward=0.01 | Cum_Reward=0.59
Sim Day 000, Time 13:30		
t=450 min | Steps=31 | CGM=123.0 | ROC=-1.427 | Mean4-CGM=130.4 | Err=+13.0 | InsLock=1 | Action=9/16 | rivi_RL=80.00 | InsRate=480.00 pmol/min | Delayed_Reward=0.03 | Cum_Reward=0.62
Sim Day 000, Time 13:45		
t=465 min | Steps=32 | CGM=116.8 | ROC=-0.913 | Mean4-CGM=121.8 | Err=+6.8 | InsLock=1 | Action=9/16 | rivi_RL=80.00 | InsRate=480.00 pmol/min | Delayed_Reward=0.02 | Cum_Reward=0.64
Sim Day 000, Time 14:00		
t=480 min | Steps=33 | CGM=110.7 | ROC=-0.384 | Mean4-CGM=114.4 | Err=+0.7 | InsLock=1 | Action=9/16 | rivi_RL=80.00 | InsRate=480.00 pmol/min | Delayed_Reward=0.08 | Cum_Reward=0.72
Sim Day 000, Time 14:15		
t=495 min | Steps=34 | CGM=104.9 | ROC=-0.110 | Mean4-CGM=107.8 | Err=-5.1 | InsLock=1 | Action=9/16 | rivi_RL=80.00 | InsRate=480.00 pmol/min | Delayed_Reward=0.08 | Cum_Reward=0.80
Sim Day 000, Time 14:30		
t=510 min | Steps=35 | CGM=96.9 | ROC=-1.302 | Mean4-CGM=102.0 | Err=-13.1 | InsLock=0 | Action=1/16 | rivi_RL=0.00 | InsRate=0.00 pmol/min | Delayed_Reward=0.06 | Cum_Reward=0.86
Sim Day 000, Time 14:45		
t=525 min | Steps=36 | CGM=91.6 | ROC=-0.143 | Mean4-CGM=93.3 | Err=-18.4 | InsLock=0 | Action=1/16 | rivi_RL=0.00 | InsRate=0.00 pmol/min | Delayed_Reward=0.08 | Cum_Reward=0.94
Sim Day 000, Time 15:00		
t=540 min | Steps=37 | CGM=94.7 | ROC=+0.036 | Mean4-CGM=92.9 | Err=-15.3 | InsLock=0 | Action=1/16 | rivi_RL=0.00 | InsRate=0.00 pmol/min | Delayed_Reward=0.08 | Cum_Reward=1.02
Sim Day 000, Time 15:15		
t=555 min | Steps=38 | CGM=99.9 | ROC=+0.959 | Mean4-CGM=95.8 | Err=-10.1 | InsLock=0 | Action=1/16 | rivi_RL=0.00 | InsRate=0.00 pmol/min | Delayed_Reward=0.10 | Cum_Reward=1.12
Sim Day 000, Time 15:30		
t=570 min | Steps=39 | CGM=102.5 | ROC=+0.387 | Mean4-CGM=101.4 | Err=-7.5 | InsLock=1 | Action=11/16 | rivi_RL=100.00 | InsRate=600.00 pmol/min | Delayed_Reward=0.09 | Cum_Reward=1.22
Sim Day 000, Time 15:45		
t=585 min | Steps=40 | CGM=101.9 | ROC=-0.018 | Mean4-CGM=102.1 | Err=-8.1 | InsLock=1 | Action=9/16 | rivi_RL=80.00 | InsRate=480.00 pmol/min | Delayed_Reward=0.08 | Cum_Reward=1.30
Sim Day 000, Time 16:00		
t=600 min | Steps=41 | CGM=96.9 | ROC=-0.997 | Mean4-CGM=100.1 | Err=-13.1 | InsLock=0 | Action=1/16 | rivi_RL=0.00 | InsRate=0.00 pmol/min | Delayed_Reward=0.06 | Cum_Reward=1.36
Sim Day 000, Time 16:15		
t=615 min | Steps=42 | CGM=95.6 | ROC=-0.260 | Mean4-CGM=96.5 | Err=-14.4 | InsLock=0 | Action=1/16 | rivi_RL=0.00 | InsRate=0.00 pmol/min | Delayed_Reward=0.08 | Cum_Reward=1.44
Sim Day 000, Time 16:30		
t=630 min | Steps=43 | CGM=95.1 | ROC=-0.178 | Mean4-CGM=95.1 | Err=-14.9 | InsLock=0 | Action=1/16 | rivi_RL=0.00 | InsRate=0.00 pmol/min | Delayed_Reward=0.08 | Cum_Reward=1.52
Sim Day 000, Time 16:45		
t=645 min | Steps=44 | CGM=98.9 | ROC=+0.291 | Mean4-CGM=97.1 | Err=-11.1 | InsLock=0 | Action=1/16 | rivi_RL=0.00 | InsRate=0.00 pmol/min | Delayed_Reward=0.09 | Cum_Reward=1.61
Sim Day 000, Time 17:00		
t=660 min | Steps=45 | CGM=106.0 | ROC=+0.817 | Mean4-CGM=101.6 | Err=-4.0 | InsLock=1 | Action=11/16 | rivi_RL=100.00 | InsRate=600.00 pmol/min | Delayed_Reward=0.10 | Cum_Reward=1.71
Sim Day 000, Time 17:15		
t=675 min | Steps=46 | CGM=105.2 | ROC=+0.077 | Mean4-CGM=104.4 | Err=-4.8 | InsLock=1 | Action=9/16 | rivi_RL=80.00 | InsRate=480.00 pmol/min | Delayed_Reward=0.08 | Cum_Reward=1.79
Sim Day 000, Time 17:30		
t=690 min | Steps=47 | CGM=104.4 | ROC=+0.269 | Mean4-CGM=104.2 | Err=-5.6 | InsLock=1 | Action=9/16 | rivi_RL=80.00 | InsRate=480.00 pmol/min | Delayed_Reward=0.09 | Cum_Reward=1.88
Sim Day 000, Time 17:45		
t=705 min | Steps=48 | CGM=94.1 | ROC=-1.042 | Mean4-CGM=99.5 | Err=-15.9 | InsLock=0 | Action=1/16 | rivi_RL=0.00 | InsRate=0.00 pmol/min | Delayed_Reward=0.06 | Cum_Reward=1.94
Sim Day 000, Time 18:00		
t=720 min | Steps=49 | CGM=92.6 | ROC=-1.201 | Mean4-CGM=95.1 | Err=-17.4 | InsLock=0 | Action=1/16 | rivi_RL=0.00 | InsRate=0.00 pmol/min | Delayed_Reward=0.06 | Cum_Reward=2.00
Sim Day 000, Time 18:15		
t=735 min | Steps=50 | CGM=97.0 | ROC=+0.984 | Mean4-CGM=93.0 | Err=-13.0 | InsLock=0 | Action=1/16 | rivi_RL=0.00 | InsRate=0.00 pmol/min | Delayed_Reward=0.10 | Cum_Reward=2.11
Sim Day 000, Time 18:30		
t=750 min | Steps=51 | CGM=100.5 | ROC=+1.253 | Mean4-CGM=96.9 | Err=-9.5 | InsLock=1 | Action=11/16 | rivi_RL=100.00 | InsRate=600.00 pmol/min | Delayed_Reward=0.11 | Cum_Reward=2.22
Sim Day 000, Time 18:45		
t=765 min | Steps=52 | CGM=109.8 | ROC=+1.068 | Mean4-CGM=103.1 | Err=-0.2 | InsLock=1 | Action=11/16 | rivi_RL=100.00 | InsRate=600.00 pmol/min | Delayed_Reward=0.11 | Cum_Reward=2.32
Sim Day 000, Time 19:00		
t=780 min | Steps=53 | CGM=130.6 | ROC=+1.860 | Mean4-CGM=119.7 | Err=+20.6 | InsLock=1 | Action=14/16 | rivi_RL=130.00 | InsRate=780.00 pmol/min | Delayed_Reward=0.08 | Cum_Reward=2.40
Sim Day 000, Time 19:15		
t=795 min | Steps=54 | CGM=133.4 | ROC=+0.730 | Mean4-CGM=130.1 | Err=+23.4 | InsLock=1 | Action=14/16 | rivi_RL=130.00 | InsRate=780.00 pmol/min | Delayed_Reward=-0.02 | Cum_Reward=2.39
Sim Day 000, Time 19:30		
t=810 min | Steps=55 | CGM=136.9 | ROC=+0.035 | Mean4-CGM=134.7 | Err=+26.9 | InsLock=1 | Action=14/16 | rivi_RL=130.00 | InsRate=780.00 pmol/min | Delayed_Reward=-0.00 | Cum_Reward=2.39
Sim Day 000, Time 19:45		
t=825 min | Steps=56 | CGM=133.1 | ROC=-1.029 | Mean4-CGM=136.4 | Err=+23.1 | InsLock=1 | Action=14/16 | rivi_RL=130.00 | InsRate=780.00 pmol/min | Delayed_Reward=0.02 | Cum_Reward=2.41
Sim Day 000, Time 20:00		
t=840 min | Steps=57 | CGM=133.1 | ROC=+0.462 | Mean4-CGM=131.9 | Err=+23.1 | InsLock=1 | Action=14/16 | rivi_RL=130.00 | InsRate=780.00 pmol/min | Delayed_Reward=-0.01 | Cum_Reward=2.40
Sim Day 000, Time 20:15		
t=855 min | Steps=58 | CGM=126.8 | ROC=-0.930 | Mean4-CGM=130.7 | Err=+16.8 | InsLock=1 | Action=14/16 | rivi_RL=130.00 | InsRate=780.00 pmol/min | Delayed_Reward=0.02 | Cum_Reward=2.42
Sim Day 000, Time 20:30		
t=870 min | Steps=59 | CGM=120.6 | ROC=-0.535 | Mean4-CGM=124.4 | Err=+10.6 | InsLock=1 | Action=14/16 | rivi_RL=130.00 | InsRate=780.00 pmol/min | Delayed_Reward=0.01 | Cum_Reward=2.43
Sim Day 000, Time 20:45		
t=885 min | Steps=60 | CGM=112.1 | ROC=-0.289 | Mean4-CGM=115.7 | Err=+2.1 | InsLock=1 | Action=14/16 | rivi_RL=130.00 | InsRate=780.00 pmol/min | Delayed_Reward=0.08 | Cum_Reward=2.51
Sim Day 000, Time 21:00		
t=900 min | Steps=61 | CGM=105.4 | ROC=-0.266 | Mean4-CGM=108.9 | Err=-4.6 | InsLock=1 | Action=9/16 | rivi_RL=80.00 | InsRate=480.00 pmol/min | Delayed_Reward=0.08 | Cum_Reward=2.59
Sim Day 000, Time 21:15		
t=915 min | Steps=62 | CGM=99.2 | ROC=-0.304 | Mean4-CGM=103.0 | Err=-10.8 | InsLock=0 | Action=1/16 | rivi_RL=0.00 | InsRate=0.00 pmol/min | Delayed_Reward=0.08 | Cum_Reward=2.67
Sim Day 000, Time 21:30		
t=930 min | Steps=63 | CGM=93.2 | ROC=-0.708 | Mean4-CGM=96.7 | Err=-16.8 | InsLock=0 | Action=1/16 | rivi_RL=0.00 | InsRate=0.00 pmol/min | Delayed_Reward=0.07 | Cum_Reward=2.74
Sim Day 000, Time 21:45		
t=945 min | Steps=64 | CGM=95.5 | ROC=-0.528 | Mean4-CGM=95.2 | Err=-14.5 | InsLock=0 | Action=1/16 | rivi_RL=0.00 | InsRate=0.00 pmol/min | Delayed_Reward=0.07 | Cum_Reward=2.81
Sim Day 000, Time 22:00		
t=960 min | Steps=65 | CGM=101.4 | ROC=+0.017 | Mean4-CGM=99.8 | Err=-8.6 | InsLock=1 | Action=2/16 | rivi_RL=10.00 | InsRate=60.00 pmol/min | Delayed_Reward=0.08 | Cum_Reward=2.89
Sim Day 000, Time 22:15		
t=975 min | Steps=66 | CGM=102.3 | ROC=-0.462 | Mean4-CGM=103.1 | Err=-7.7 | InsLock=1 | Action=4/16 | rivi_RL=30.00 | InsRate=180.00 pmol/min | Delayed_Reward=0.07 | Cum_Reward=2.97
Sim Day 000, Time 22:30		
t=990 min | Steps=67 | CGM=107.0 | ROC=+0.716 | Mean4-CGM=104.2 | Err=-3.0 | InsLock=1 | Action=9/16 | rivi_RL=80.00 | InsRate=480.00 pmol/min | Delayed_Reward=0.10 | Cum_Reward=3.07
Sim Day 000, Time 22:45		
t=1005 min | Steps=68 | CGM=103.5 | ROC=-0.978 | Mean4-CGM=106.3 | Err=-6.5 | InsLock=1 | Action=9/16 | rivi_RL=80.00 | InsRate=480.00 pmol/min | Delayed_Reward=0.06 | Cum_Reward=3.13
Sim Day 000, Time 23:00		
t=1020 min | Steps=69 | CGM=102.3 | ROC=+0.116 | Mean4-CGM=103.2 | Err=-7.7 | InsLock=1 | Action=9/16 | rivi_RL=80.00 | InsRate=480.00 pmol/min | Delayed_Reward=0.09 | Cum_Reward=3.21
Sim Day 000, Time 23:15		
t=1035 min | Steps=70 | CGM=98.2 | ROC=+0.204 | Mean4-CGM=99.3 | Err=-11.8 | InsLock=0 | Action=1/16 | rivi_RL=0.00 | InsRate=0.00 pmol/min | Delayed_Reward=0.09 | Cum_Reward=3.30
Sim Day 000, Time 23:30		
t=1050 min | Steps=71 | CGM=98.9 | ROC=+0.465 | Mean4-CGM=97.6 | Err=-11.1 | InsLock=0 | Action=1/16 | rivi_RL=0.00 | InsRate=0.00 pmol/min | Delayed_Reward=0.09 | Cum_Reward=3.40
Sim Day 000, Time 23:45		
t=1065 min | Steps=72 | CGM=97.0 | ROC=-0.073 | Mean4-CGM=96.5 | Err=-13.0 | InsLock=0 | Action=1/16 | rivi_RL=0.00 | InsRate=0.00 pmol/min | Delayed_Reward=0.08 | Cum_Reward=3.48
Sim Day 000, Time 00:00		
t=1080 min | Steps=73 | CGM=100.7 | ROC=-0.550 | Mean4-CGM=100.3 | Err=-9.3 | InsLock=1 | Action=2/16 | rivi_RL=10.00 | InsRate=60.00 pmol/min | Delayed_Reward=0.07 | Cum_Reward=3.55
Sim Day 000, Time 00:15		
t=1095 min | Steps=74 | CGM=104.9 | ROC=+0.991 | Mean4-CGM=101.8 | Err=-5.1 | InsLock=1 | Action=9/16 | rivi_RL=80.00 | InsRate=480.00 pmol/min | Delayed_Reward=0.10 | Cum_Reward=3.65
Sim Day 000, Time 00:30		
t=1110 min | Steps=75 | CGM=104.8 | ROC=-0.523 | Mean4-CGM=105.8 | Err=-5.2 | InsLock=1 | Action=9/16 | rivi_RL=80.00 | InsRate=480.00 pmol/min | Delayed_Reward=0.07 | Cum_Reward=3.73
Sim Day 000, Time 00:45		
t=1125 min | Steps=76 | CGM=109.5 | ROC=+0.495 | Mean4-CGM=106.5 | Err=-0.5 | InsLock=1 | Action=9/16 | rivi_RL=80.00 | InsRate=480.00 pmol/min | Delayed_Reward=0.09 | Cum_Reward=3.82
Sim Day 000, Time 01:00		
t=1140 min | Steps=77 | CGM=104.0 | ROC=-0.929 | Mean4-CGM=108.0 | Err=-6.0 | InsLock=1 | Action=9/16 | rivi_RL=80.00 | InsRate=480.00 pmol/min | Delayed_Reward=0.06 | Cum_Reward=3.88
Sim Day 000, Time 01:15		
t=1155 min | Steps=78 | CGM=101.9 | ROC=+0.211 | Mean4-CGM=102.1 | Err=-8.1 | InsLock=1 | Action=9/16 | rivi_RL=80.00 | InsRate=480.00 pmol/min | Delayed_Reward=0.09 | Cum_Reward=3.97
Sim Day 000, Time 01:30		
t=1170 min | Steps=79 | CGM=100.4 | ROC=+0.399 | Mean4-CGM=99.9 | Err=-9.6 | InsLock=1 | Action=9/16 | rivi_RL=80.00 | InsRate=480.00 pmol/min | Delayed_Reward=0.09 | Cum_Reward=4.06
Sim Day 000, Time 01:45		
t=1185 min | Steps=80 | CGM=97.8 | ROC=+1.029 | Mean4-CGM=97.0 | Err=-12.2 | InsLock=0 | Action=1/16 | rivi_RL=0.00 | InsRate=0.00 pmol/min | Delayed_Reward=0.10 | Cum_Reward=4.17
Sim Day 000, Time 02:00		
t=1200 min | Steps=81 | CGM=90.9 | ROC=-0.457 | Mean4-CGM=94.4 | Err=-19.1 | InsLock=0 | Action=1/16 | rivi_RL=0.00 | InsRate=0.00 pmol/min | Delayed_Reward=0.07 | Cum_Reward=4.24
Sim Day 000, Time 02:15		
t=1215 min | Steps=82 | CGM=93.6 | ROC=-0.347 | Mean4-CGM=94.3 | Err=-16.4 | InsLock=0 | Action=1/16 | rivi_RL=0.00 | InsRate=0.00 pmol/min | Delayed_Reward=0.08 | Cum_Reward=4.32
Sim Day 000, Time 02:30		
t=1230 min | Steps=83 | CGM=98.6 | ROC=+0.271 | Mean4-CGM=96.9 | Err=-11.4 | InsLock=0 | Action=1/16 | rivi_RL=0.00 | InsRate=0.00 pmol/min | Delayed_Reward=0.09 | Cum_Reward=4.41
Sim Day 000, Time 02:45		
t=1245 min | Steps=84 | CGM=103.3 | ROC=+0.673 | Mean4-CGM=101.1 | Err=-6.7 | InsLock=1 | Action=11/16 | rivi_RL=100.00 | InsRate=600.00 pmol/min | Delayed_Reward=0.10 | Cum_Reward=4.50
Sim Day 000, Time 03:00		
t=1260 min | Steps=85 | CGM=106.6 | ROC=-0.375 | Mean4-CGM=106.1 | Err=-3.4 | InsLock=1 | Action=9/16 | rivi_RL=80.00 | InsRate=480.00 pmol/min | Delayed_Reward=0.08 | Cum_Reward=4.58
Sim Day 000, Time 03:15		
t=1275 min | Steps=86 | CGM=107.3 | ROC=-0.578 | Mean4-CGM=107.5 | Err=-2.7 | InsLock=1 | Action=9/16 | rivi_RL=80.00 | InsRate=480.00 pmol/min | Delayed_Reward=0.07 | Cum_Reward=4.65
Sim Day 000, Time 03:30		
t=1290 min | Steps=87 | CGM=106.1 | ROC=+0.027 | Mean4-CGM=106.2 | Err=-3.9 | InsLock=1 | Action=9/16 | rivi_RL=80.00 | InsRate=480.00 pmol/min | Delayed_Reward=0.08 | Cum_Reward=4.73
Sim Day 000, Time 03:45		
t=1305 min | Steps=88 | CGM=104.9 | ROC=+0.175 | Mean4-CGM=104.8 | Err=-5.1 | InsLock=1 | Action=9/16 | rivi_RL=80.00 | InsRate=480.00 pmol/min | Delayed_Reward=0.09 | Cum_Reward=4.82
Sim Day 000, Time 04:00		
t=1320 min | Steps=89 | CGM=100.6 | ROC=+0.218 | Mean4-CGM=102.5 | Err=-9.4 | InsLock=1 | Action=9/16 | rivi_RL=80.00 | InsRate=480.00 pmol/min | Delayed_Reward=0.09 | Cum_Reward=4.91
Sim Day 000, Time 04:15		
t=1335 min | Steps=90 | CGM=97.8 | ROC=-0.282 | Mean4-CGM=100.0 | Err=-12.2 | InsLock=0 | Action=1/16 | rivi_RL=0.00 | InsRate=0.00 pmol/min | Delayed_Reward=0.08 | Cum_Reward=4.99
Sim Day 000, Time 04:30		
t=1350 min | Steps=91 | CGM=98.7 | ROC=+0.522 | Mean4-CGM=97.5 | Err=-11.3 | InsLock=0 | Action=1/16 | rivi_RL=0.00 | InsRate=0.00 pmol/min | Delayed_Reward=0.09 | Cum_Reward=5.08
Sim Day 000, Time 04:45		
t=1365 min | Steps=92 | CGM=101.1 | ROC=+0.983 | Mean4-CGM=99.6 | Err=-8.9 | InsLock=1 | Action=14/16 | rivi_RL=130.00 | InsRate=780.00 pmol/min | Delayed_Reward=0.10 | Cum_Reward=5.18
Sim Day 000, Time 05:00		
t=1380 min | Steps=93 | CGM=104.3 | ROC=-0.090 | Mean4-CGM=103.0 | Err=-5.7 | InsLock=1 | Action=9/16 | rivi_RL=80.00 | InsRate=480.00 pmol/min | Delayed_Reward=0.08 | Cum_Reward=5.27
Sim Day 000, Time 05:15		
t=1395 min | Steps=94 | CGM=105.9 | ROC=+0.679 | Mean4-CGM=103.9 | Err=-4.1 | InsLock=1 | Action=9/16 | rivi_RL=80.00 | InsRate=480.00 pmol/min | Delayed_Reward=0.10 | Cum_Reward=5.36
Sim Day 000, Time 05:30		
t=1410 min | Steps=95 | CGM=102.0 | ROC=+0.531 | Mean4-CGM=103.2 | Err=-8.0 | InsLock=1 | Action=9/16 | rivi_RL=80.00 | InsRate=480.00 pmol/min | Delayed_Reward=0.09 | Cum_Reward=5.46
Sim Day 000, Time 05:45		
t=1425 min | Steps=96 | CGM=98.5 | ROC=-0.658 | Mean4-CGM=100.2 | Err=-11.5 | InsLock=0 | Action=1/16 | rivi_RL=0.00 | InsRate=0.00 pmol/min | Delayed_Reward=0.07 | Cum_Reward=5.53
Sim Day 001, Time 06:00		
t=1440 min | Steps=97 | CGM=96.4 | ROC=-0.786 | Mean4-CGM=98.6 | Err=-13.6 | InsLock=0 | Action=1/16 | rivi_RL=0.00 | InsRate=0.00 pmol/min | Delayed_Reward=0.07 | Cum_Reward=5.59

24h-RESUME | subject=adult#001 | Total_Steps=97 |  Total_Reward=5.59 |  Average_Reward=0.058
