Sim Day 000, Time 06:00		
rlController INIT | subject=adult#003 | pop=Type2 Adult | Gb=148.4 | convFactor=6.00 | cgm_t0=147.4 mg/dL
t=0  min | Steps=1 | CGM=147.4 | ROC=+0.000 | Mean4-CGM=147.4 | Err=+37.4 | InsLock=1 | Action=14/16 | rivi_RL=130.00 | InsRate=780.00 pmol/min | 
Sim Day 000, Time 06:15		
t=15 min | Steps=2 | CGM=153.2 | ROC=+0.602 | Mean4-CGM=149.7 | Err=+43.2 | InsLock=1 | Action=14/16 | rivi_RL=130.00 | InsRate=780.00 pmol/min | Delayed_Reward=-0.01 | Cum_Reward=-0.01
Sim Day 000, Time 06:30		
t=30 min | Steps=3 | CGM=158.6 | ROC=+0.756 | Mean4-CGM=154.9 | Err=+48.6 | InsLock=1 | Action=14/16 | rivi_RL=130.00 | InsRate=780.00 pmol/min | Delayed_Reward=-0.02 | Cum_Reward=-0.03
Sim Day 000, Time 06:45		
t=45 min | Steps=4 | CGM=169.4 | ROC=+0.757 | Mean4-CGM=163.3 | Err=+59.4 | InsLock=1 | Action=14/16 | rivi_RL=130.00 | InsRate=780.00 pmol/min | Delayed_Reward=-0.02 | Cum_Reward=-0.04
Sim Day 000, Time 07:00		
t=60 min | Steps=5 | CGM=179.6 | ROC=+0.943 | Mean4-CGM=174.7 | Err=+69.6 | InsLock=1 | Action=14/16 | rivi_RL=130.00 | InsRate=780.00 pmol/min | Delayed_Reward=-0.02 | Cum_Reward=-0.06
Sim Day 000, Time 07:15		
t=75 min | Steps=6 | CGM=184.7 | ROC=+0.844 | Mean4-CGM=182.4 | Err=+74.7 | InsLock=1 | Action=14/16 | rivi_RL=130.00 | InsRate=780.00 pmol/min | Delayed_Reward=-0.02 | Cum_Reward=-0.08
Sim Day 000, Time 07:30		
t=90 min | Steps=7 | CGM=188.3 | ROC=+0.801 | Mean4-CGM=185.8 | Err=+78.3 | InsLock=1 | Action=14/16 | rivi_RL=130.00 | InsRate=780.00 pmol/min | Delayed_Reward=-0.02 | Cum_Reward=-0.10
Sim Day 000, Time 07:45		
t=105 min | Steps=8 | CGM=186.0 | ROC=+0.032 | Mean4-CGM=185.4 | Err=+76.0 | InsLock=1 | Action=14/16 | rivi_RL=130.00 | InsRate=780.00 pmol/min | Delayed_Reward=-0.00 | Cum_Reward=-0.10
Sim Day 000, Time 08:00		
t=120 min | Steps=9 | CGM=176.5 | ROC=-0.990 | Mean4-CGM=181.4 | Err=+66.5 | InsLock=1 | Action=14/16 | rivi_RL=130.00 | InsRate=780.00 pmol/min | Delayed_Reward=0.02 | Cum_Reward=-0.08
Sim Day 000, Time 08:15		
t=135 min | Steps=10 | CGM=174.6 | ROC=-0.371 | Mean4-CGM=177.1 | Err=+64.6 | InsLock=1 | Action=14/16 | rivi_RL=130.00 | InsRate=780.00 pmol/min | Delayed_Reward=0.01 | Cum_Reward=-0.07
Sim Day 000, Time 08:30		
t=150 min | Steps=11 | CGM=165.3 | ROC=-1.387 | Mean4-CGM=170.6 | Err=+55.3 | InsLock=1 | Action=14/16 | rivi_RL=130.00 | InsRate=780.00 pmol/min | Delayed_Reward=0.03 | Cum_Reward=-0.04
Sim Day 000, Time 08:45		
t=165 min | Steps=12 | CGM=159.7 | ROC=-0.986 | Mean4-CGM=163.8 | Err=+49.7 | InsLock=1 | Action=14/16 | rivi_RL=130.00 | InsRate=780.00 pmol/min | Delayed_Reward=0.02 | Cum_Reward=-0.02
Sim Day 000, Time 09:00		
t=180 min | Steps=13 | CGM=154.1 | ROC=-0.883 | Mean4-CGM=156.9 | Err=+44.1 | InsLock=1 | Action=14/16 | rivi_RL=130.00 | InsRate=780.00 pmol/min | Delayed_Reward=0.02 | Cum_Reward=-0.00
Sim Day 000, Time 09:15		
t=195 min | Steps=14 | CGM=147.8 | ROC=-0.138 | Mean4-CGM=150.2 | Err=+37.8 | InsLock=1 | Action=14/16 | rivi_RL=130.00 | InsRate=780.00 pmol/min | Delayed_Reward=0.00 | Cum_Reward=0.00
Sim Day 000, Time 09:30		
t=210 min | Steps=15 | CGM=141.4 | ROC=-0.194 | Mean4-CGM=143.8 | Err=+31.4 | InsLock=1 | Action=14/16 | rivi_RL=130.00 | InsRate=780.00 pmol/min | Delayed_Reward=0.00 | Cum_Reward=0.00
Sim Day 000, Time 09:45		
t=225 min | Steps=16 | CGM=133.1 | ROC=-0.486 | Mean4-CGM=136.3 | Err=+23.1 | InsLock=1 | Action=14/16 | rivi_RL=130.00 | InsRate=780.00 pmol/min | Delayed_Reward=0.01 | Cum_Reward=0.01
Sim Day 000, Time 10:00		
t=240 min | Steps=17 | CGM=123.8 | ROC=-0.758 | Mean4-CGM=128.6 | Err=+13.8 | InsLock=1 | Action=14/16 | rivi_RL=130.00 | InsRate=780.00 pmol/min | Delayed_Reward=0.02 | Cum_Reward=0.03
Sim Day 000, Time 10:15		
t=255 min | Steps=18 | CGM=113.9 | ROC=-0.431 | Mean4-CGM=119.1 | Err=+3.9 | InsLock=1 | Action=14/16 | rivi_RL=130.00 | InsRate=780.00 pmol/min | Delayed_Reward=0.08 | Cum_Reward=0.11
Sim Day 000, Time 10:30		
t=270 min | Steps=19 | CGM=104.6 | ROC=-0.519 | Mean4-CGM=108.7 | Err=-5.4 | InsLock=1 | Action=9/16 | rivi_RL=80.00 | InsRate=480.00 pmol/min | Delayed_Reward=0.07 | Cum_Reward=0.19
Sim Day 000, Time 10:45		
t=285 min | Steps=20 | CGM=95.5 | ROC=-0.504 | Mean4-CGM=99.9 | Err=-14.5 | InsLock=0 | Action=1/16 | rivi_RL=0.00 | InsRate=0.00 pmol/min | Delayed_Reward=0.07 | Cum_Reward=0.26
Sim Day 000, Time 11:00		
t=300 min | Steps=21 | CGM=83.4 | ROC=-0.859 | Mean4-CGM=89.8 | Err=-26.6 | InsLock=0 | Action=1/16 | rivi_RL=0.00 | InsRate=0.00 pmol/min | Delayed_Reward=-0.02 | Cum_Reward=0.24
Sim Day 000, Time 11:15		
t=315 min | Steps=22 | CGM=81.7 | ROC=+0.040 | Mean4-CGM=82.6 | Err=-28.3 | InsLock=0 | Action=1/16 | rivi_RL=0.00 | InsRate=0.00 pmol/min | Delayed_Reward=0.00 | Cum_Reward=0.24
Sim Day 000, Time 11:30		
t=330 min | Steps=23 | CGM=84.9 | ROC=+0.240 | Mean4-CGM=83.1 | Err=-25.1 | InsLock=0 | Action=1/16 | rivi_RL=0.00 | InsRate=0.00 pmol/min | Delayed_Reward=0.00 | Cum_Reward=0.25
Sim Day 000, Time 11:45		
t=345 min | Steps=24 | CGM=94.3 | ROC=+0.472 | Mean4-CGM=90.4 | Err=-15.7 | InsLock=0 | Action=1/16 | rivi_RL=0.00 | InsRate=0.00 pmol/min | Delayed_Reward=0.09 | Cum_Reward=0.34
Sim Day 000, Time 12:00		
t=360 min | Steps=25 | CGM=94.7 | ROC=-0.857 | Mean4-CGM=95.2 | Err=-15.3 | InsLock=0 | Action=1/16 | rivi_RL=0.00 | InsRate=0.00 pmol/min | Delayed_Reward=0.07 | Cum_Reward=0.41
Sim Day 000, Time 12:15		
t=375 min | Steps=26 | CGM=110.8 | ROC=+0.934 | Mean4-CGM=102.8 | Err=+0.8 | InsLock=1 | Action=11/16 | rivi_RL=100.00 | InsRate=600.00 pmol/min | Delayed_Reward=0.10 | Cum_Reward=0.51
Sim Day 000, Time 12:30		
t=390 min | Steps=27 | CGM=134.4 | ROC=+1.037 | Mean4-CGM=123.7 | Err=+24.4 | InsLock=1 | Action=11/16 | rivi_RL=100.00 | InsRate=600.00 pmol/min | Delayed_Reward=-0.02 | Cum_Reward=0.49
Sim Day 000, Time 12:45		
t=405 min | Steps=28 | CGM=153.8 | ROC=+0.885 | Mean4-CGM=145.8 | Err=+43.8 | InsLock=1 | Action=14/16 | rivi_RL=130.00 | InsRate=780.00 pmol/min | Delayed_Reward=-0.02 | Cum_Reward=0.47
Sim Day 000, Time 13:00		
t=420 min | Steps=29 | CGM=160.9 | ROC=-0.084 | Mean4-CGM=158.7 | Err=+50.9 | InsLock=1 | Action=14/16 | rivi_RL=130.00 | InsRate=780.00 pmol/min | Delayed_Reward=0.00 | Cum_Reward=0.47
Sim Day 000, Time 13:15		
t=435 min | Steps=30 | CGM=166.8 | ROC=+0.106 | Mean4-CGM=164.7 | Err=+56.8 | InsLock=1 | Action=14/16 | rivi_RL=130.00 | InsRate=780.00 pmol/min | Delayed_Reward=-0.00 | Cum_Reward=0.47
Sim Day 000, Time 13:30		
t=450 min | Steps=31 | CGM=162.2 | ROC=-1.043 | Mean4-CGM=166.2 | Err=+52.2 | InsLock=1 | Action=14/16 | rivi_RL=130.00 | InsRate=780.00 pmol/min | Delayed_Reward=0.02 | Cum_Reward=0.49
Sim Day 000, Time 13:45		
t=465 min | Steps=32 | CGM=159.0 | ROC=-0.798 | Mean4-CGM=162.7 | Err=+49.0 | InsLock=1 | Action=14/16 | rivi_RL=130.00 | InsRate=780.00 pmol/min | Delayed_Reward=0.02 | Cum_Reward=0.51
Sim Day 000, Time 14:00		
t=480 min | Steps=33 | CGM=152.9 | ROC=-0.433 | Mean4-CGM=156.8 | Err=+42.9 | InsLock=1 | Action=14/16 | rivi_RL=130.00 | InsRate=780.00 pmol/min | Delayed_Reward=0.01 | Cum_Reward=0.52
Sim Day 000, Time 14:15		
t=495 min | Steps=34 | CGM=145.6 | ROC=-0.228 | Mean4-CGM=149.3 | Err=+35.6 | InsLock=1 | Action=14/16 | rivi_RL=130.00 | InsRate=780.00 pmol/min | Delayed_Reward=0.00 | Cum_Reward=0.52
Sim Day 000, Time 14:30		
t=510 min | Steps=35 | CGM=135.8 | ROC=-1.415 | Mean4-CGM=141.8 | Err=+25.8 | InsLock=1 | Action=14/16 | rivi_RL=130.00 | InsRate=780.00 pmol/min | Delayed_Reward=0.03 | Cum_Reward=0.55
Sim Day 000, Time 14:45		
t=525 min | Steps=36 | CGM=129.3 | ROC=-0.217 | Mean4-CGM=131.6 | Err=+19.3 | InsLock=1 | Action=14/16 | rivi_RL=130.00 | InsRate=780.00 pmol/min | Delayed_Reward=0.00 | Cum_Reward=0.55
Sim Day 000, Time 15:00		
t=540 min | Steps=37 | CGM=127.5 | ROC=-0.370 | Mean4-CGM=128.4 | Err=+17.5 | InsLock=1 | Action=16/16 | rivi_RL=150.00 | InsRate=900.00 pmol/min | Delayed_Reward=0.01 | Cum_Reward=0.56
Sim Day 000, Time 15:15		
t=555 min | Steps=38 | CGM=124.9 | ROC=+0.354 | Mean4-CGM=124.9 | Err=+14.9 | InsLock=1 | Action=16/16 | rivi_RL=150.00 | InsRate=900.00 pmol/min | Delayed_Reward=-0.01 | Cum_Reward=0.55
Sim Day 000, Time 15:30		
t=570 min | Steps=39 | CGM=116.6 | ROC=-0.397 | Mean4-CGM=121.0 | Err=+6.6 | InsLock=1 | Action=14/16 | rivi_RL=130.00 | InsRate=780.00 pmol/min | Delayed_Reward=0.01 | Cum_Reward=0.56
Sim Day 000, Time 15:45		
t=585 min | Steps=40 | CGM=104.4 | ROC=-0.712 | Mean4-CGM=110.3 | Err=-5.6 | InsLock=1 | Action=9/16 | rivi_RL=80.00 | InsRate=480.00 pmol/min | Delayed_Reward=0.08 | Cum_Reward=0.65
Sim Day 000, Time 16:00		
t=600 min | Steps=41 | CGM=92.7 | ROC=-1.345 | Mean4-CGM=99.0 | Err=-17.3 | InsLock=0 | Action=1/16 | rivi_RL=0.00 | InsRate=0.00 pmol/min | Delayed_Reward=0.06 | Cum_Reward=0.70
Sim Day 000, Time 16:15		
t=615 min | Steps=42 | CGM=87.0 | ROC=-0.587 | Mean4-CGM=90.1 | Err=-23.0 | InsLock=0 | Action=1/16 | rivi_RL=0.00 | InsRate=0.00 pmol/min | Delayed_Reward=0.07 | Cum_Reward=0.77
Sim Day 000, Time 16:30		
t=630 min | Steps=43 | CGM=82.1 | ROC=-0.225 | Mean4-CGM=83.8 | Err=-27.9 | InsLock=0 | Action=1/16 | rivi_RL=0.00 | InsRate=0.00 pmol/min | Delayed_Reward=-0.00 | Cum_Reward=0.77
Sim Day 000, Time 16:45		
t=645 min | Steps=44 | CGM=87.5 | ROC=+0.416 | Mean4-CGM=84.8 | Err=-22.5 | InsLock=0 | Action=1/16 | rivi_RL=0.00 | InsRate=0.00 pmol/min | Delayed_Reward=0.01 | Cum_Reward=0.78
Sim Day 000, Time 17:00		
t=660 min | Steps=45 | CGM=96.7 | ROC=+0.951 | Mean4-CGM=91.3 | Err=-13.3 | InsLock=0 | Action=1/16 | rivi_RL=0.00 | InsRate=0.00 pmol/min | Delayed_Reward=0.10 | Cum_Reward=0.88
Sim Day 000, Time 17:15		
t=675 min | Steps=46 | CGM=98.7 | ROC=+0.344 | Mean4-CGM=96.4 | Err=-11.3 | InsLock=0 | Action=1/16 | rivi_RL=0.00 | InsRate=0.00 pmol/min | Delayed_Reward=0.09 | Cum_Reward=0.97
Sim Day 000, Time 17:30		
t=690 min | Steps=47 | CGM=105.2 | ROC=+0.833 | Mean4-CGM=101.1 | Err=-4.8 | InsLock=1 | Action=11/16 | rivi_RL=100.00 | InsRate=600.00 pmol/min | Delayed_Reward=0.10 | Cum_Reward=1.07
Sim Day 000, Time 17:45		
t=705 min | Steps=48 | CGM=102.0 | ROC=-0.722 | Mean4-CGM=104.2 | Err=-8.0 | InsLock=1 | Action=3/16 | rivi_RL=20.00 | InsRate=120.00 pmol/min | Delayed_Reward=0.07 | Cum_Reward=1.14
Sim Day 000, Time 18:00		
t=720 min | Steps=49 | CGM=99.2 | ROC=-1.485 | Mean4-CGM=102.8 | Err=-10.8 | InsLock=0 | Action=1/16 | rivi_RL=0.00 | InsRate=0.00 pmol/min | Delayed_Reward=0.05 | Cum_Reward=1.19
Sim Day 000, Time 18:15		
t=735 min | Steps=50 | CGM=95.3 | ROC=+0.528 | Mean4-CGM=95.3 | Err=-14.7 | InsLock=0 | Action=1/16 | rivi_RL=0.00 | InsRate=0.00 pmol/min | Delayed_Reward=0.09 | Cum_Reward=1.29
Sim Day 000, Time 18:30		
t=750 min | Steps=51 | CGM=97.9 | ROC=+1.233 | Mean4-CGM=94.6 | Err=-12.1 | InsLock=0 | Action=1/16 | rivi_RL=0.00 | InsRate=0.00 pmol/min | Delayed_Reward=0.11 | Cum_Reward=1.39
Sim Day 000, Time 18:45		
t=765 min | Steps=52 | CGM=99.8 | ROC=+0.284 | Mean4-CGM=97.6 | Err=-10.2 | InsLock=0 | Action=1/16 | rivi_RL=0.00 | InsRate=0.00 pmol/min | Delayed_Reward=0.09 | Cum_Reward=1.48
Sim Day 000, Time 19:00		
t=780 min | Steps=53 | CGM=110.2 | ROC=+1.336 | Mean4-CGM=104.1 | Err=+0.2 | InsLock=1 | Action=14/16 | rivi_RL=130.00 | InsRate=780.00 pmol/min | Delayed_Reward=0.11 | Cum_Reward=1.60
Sim Day 000, Time 19:15		
t=795 min | Steps=54 | CGM=107.8 | ROC=+0.372 | Mean4-CGM=107.1 | Err=-2.2 | InsLock=1 | Action=9/16 | rivi_RL=80.00 | InsRate=480.00 pmol/min | Delayed_Reward=0.09 | Cum_Reward=1.69
Sim Day 000, Time 19:30		
t=810 min | Steps=55 | CGM=104.5 | ROC=-0.426 | Mean4-CGM=105.7 | Err=-5.5 | InsLock=1 | Action=9/16 | rivi_RL=80.00 | InsRate=480.00 pmol/min | Delayed_Reward=0.07 | Cum_Reward=1.76
Sim Day 000, Time 19:45		
t=825 min | Steps=56 | CGM=95.7 | ROC=-1.286 | Mean4-CGM=101.3 | Err=-14.3 | InsLock=0 | Action=1/16 | rivi_RL=0.00 | InsRate=0.00 pmol/min | Delayed_Reward=0.06 | Cum_Reward=1.82
Sim Day 000, Time 20:00		
t=840 min | Steps=57 | CGM=94.0 | ROC=+0.424 | Mean4-CGM=93.5 | Err=-16.0 | InsLock=0 | Action=1/16 | rivi_RL=0.00 | InsRate=0.00 pmol/min | Delayed_Reward=0.09 | Cum_Reward=1.91
Sim Day 000, Time 20:15		
t=855 min | Steps=58 | CGM=100.0 | ROC=+0.487 | Mean4-CGM=96.3 | Err=-10.0 | InsLock=1 | Action=11/16 | rivi_RL=100.00 | InsRate=600.00 pmol/min | Delayed_Reward=0.09 | Cum_Reward=2.00
Sim Day 000, Time 20:30		
t=870 min | Steps=59 | CGM=120.8 | ROC=+1.223 | Mean4-CGM=111.1 | Err=+10.8 | InsLock=1 | Action=14/16 | rivi_RL=130.00 | InsRate=780.00 pmol/min | Delayed_Reward=0.08 | Cum_Reward=2.09
Sim Day 000, Time 20:45		
t=885 min | Steps=60 | CGM=132.6 | ROC=+0.864 | Mean4-CGM=126.5 | Err=+22.6 | InsLock=1 | Action=14/16 | rivi_RL=130.00 | InsRate=780.00 pmol/min | Delayed_Reward=-0.02 | Cum_Reward=2.07
Sim Day 000, Time 21:00		
t=900 min | Steps=61 | CGM=138.1 | ROC=+0.393 | Mean4-CGM=135.9 | Err=+28.1 | InsLock=1 | Action=14/16 | rivi_RL=130.00 | InsRate=780.00 pmol/min | Delayed_Reward=-0.01 | Cum_Reward=2.06
Sim Day 000, Time 21:15		
t=915 min | Steps=62 | CGM=138.6 | ROC=+0.055 | Mean4-CGM=139.2 | Err=+28.6 | InsLock=1 | Action=14/16 | rivi_RL=130.00 | InsRate=780.00 pmol/min | Delayed_Reward=-0.00 | Cum_Reward=2.06
Sim Day 000, Time 21:30		
t=930 min | Steps=63 | CGM=135.8 | ROC=-0.576 | Mean4-CGM=137.9 | Err=+25.8 | InsLock=1 | Action=14/16 | rivi_RL=130.00 | InsRate=780.00 pmol/min | Delayed_Reward=0.01 | Cum_Reward=2.07
Sim Day 000, Time 21:45		
t=945 min | Steps=64 | CGM=133.8 | ROC=-0.987 | Mean4-CGM=136.2 | Err=+23.8 | InsLock=1 | Action=14/16 | rivi_RL=130.00 | InsRate=780.00 pmol/min | Delayed_Reward=0.02 | Cum_Reward=2.09
Sim Day 000, Time 22:00		
t=960 min | Steps=65 | CGM=131.7 | ROC=-0.550 | Mean4-CGM=134.2 | Err=+21.7 | InsLock=1 | Action=16/16 | rivi_RL=150.00 | InsRate=900.00 pmol/min | Delayed_Reward=0.01 | Cum_Reward=2.10
Sim Day 000, Time 22:15		
t=975 min | Steps=66 | CGM=123.8 | ROC=-1.051 | Mean4-CGM=128.9 | Err=+13.8 | InsLock=1 | Action=14/16 | rivi_RL=130.00 | InsRate=780.00 pmol/min | Delayed_Reward=0.02 | Cum_Reward=2.12
Sim Day 000, Time 22:30		
t=990 min | Steps=67 | CGM=120.5 | ROC=+0.258 | Mean4-CGM=121.5 | Err=+10.5 | InsLock=1 | Action=16/16 | rivi_RL=150.00 | InsRate=900.00 pmol/min | Delayed_Reward=-0.01 | Cum_Reward=2.12
Sim Day 000, Time 22:45		
t=1005 min | Steps=68 | CGM=113.7 | ROC=-1.080 | Mean4-CGM=117.8 | Err=+3.7 | InsLock=1 | Action=9/16 | rivi_RL=80.00 | InsRate=480.00 pmol/min | Delayed_Reward=0.08 | Cum_Reward=2.20
Sim Day 000, Time 23:00		
t=1020 min | Steps=69 | CGM=113.2 | ROC=+0.199 | Mean4-CGM=113.7 | Err=+3.2 | InsLock=1 | Action=16/16 | rivi_RL=150.00 | InsRate=900.00 pmol/min | Delayed_Reward=0.08 | Cum_Reward=2.29
Sim Day 000, Time 23:15		
t=1035 min | Steps=70 | CGM=109.7 | ROC=+0.205 | Mean4-CGM=110.6 | Err=-0.3 | InsLock=1 | Action=14/16 | rivi_RL=130.00 | InsRate=780.00 pmol/min | Delayed_Reward=0.08 | Cum_Reward=2.37
Sim Day 000, Time 23:30		
t=1050 min | Steps=71 | CGM=108.6 | ROC=+0.245 | Mean4-CGM=108.4 | Err=-1.4 | InsLock=1 | Action=14/16 | rivi_RL=130.00 | InsRate=780.00 pmol/min | Delayed_Reward=0.09 | Cum_Reward=2.46
Sim Day 000, Time 23:45		
t=1065 min | Steps=72 | CGM=98.3 | ROC=-0.717 | Mean4-CGM=102.3 | Err=-11.7 | InsLock=0 | Action=1/16 | rivi_RL=0.00 | InsRate=0.00 pmol/min | Delayed_Reward=0.07 | Cum_Reward=2.53
Sim Day 000, Time 00:00		
t=1080 min | Steps=73 | CGM=92.1 | ROC=-1.207 | Mean4-CGM=96.6 | Err=-17.9 | InsLock=0 | Action=1/16 | rivi_RL=0.00 | InsRate=0.00 pmol/min | Delayed_Reward=0.06 | Cum_Reward=2.58
Sim Day 000, Time 00:15		
t=1095 min | Steps=74 | CGM=89.5 | ROC=+0.765 | Mean4-CGM=89.3 | Err=-20.5 | InsLock=0 | Action=1/16 | rivi_RL=0.00 | InsRate=0.00 pmol/min | Delayed_Reward=0.02 | Cum_Reward=2.60
Sim Day 000, Time 00:30		
t=1110 min | Steps=75 | CGM=91.4 | ROC=-0.282 | Mean4-CGM=91.1 | Err=-18.6 | InsLock=0 | Action=1/16 | rivi_RL=0.00 | InsRate=0.00 pmol/min | Delayed_Reward=0.08 | Cum_Reward=2.68
Sim Day 000, Time 00:45		
t=1125 min | Steps=76 | CGM=102.7 | ROC=+1.004 | Mean4-CGM=96.3 | Err=-7.3 | InsLock=1 | Action=11/16 | rivi_RL=100.00 | InsRate=600.00 pmol/min | Delayed_Reward=0.10 | Cum_Reward=2.78
Sim Day 000, Time 01:00		
t=1140 min | Steps=77 | CGM=103.9 | ROC=-0.608 | Mean4-CGM=104.7 | Err=-6.1 | InsLock=1 | Action=5/16 | rivi_RL=40.00 | InsRate=240.00 pmol/min | Delayed_Reward=0.07 | Cum_Reward=2.85
Sim Day 000, Time 01:15		
t=1155 min | Steps=78 | CGM=102.1 | ROC=+0.137 | Mean4-CGM=102.4 | Err=-7.9 | InsLock=1 | Action=9/16 | rivi_RL=80.00 | InsRate=480.00 pmol/min | Delayed_Reward=0.09 | Cum_Reward=2.94
Sim Day 000, Time 01:30		
t=1170 min | Steps=79 | CGM=99.1 | ROC=+0.312 | Mean4-CGM=99.3 | Err=-10.9 | InsLock=0 | Action=1/16 | rivi_RL=0.00 | InsRate=0.00 pmol/min | Delayed_Reward=0.09 | Cum_Reward=3.03
Sim Day 000, Time 01:45		
t=1185 min | Steps=80 | CGM=95.9 | ROC=+1.013 | Mean4-CGM=95.4 | Err=-14.1 | InsLock=0 | Action=1/16 | rivi_RL=0.00 | InsRate=0.00 pmol/min | Delayed_Reward=0.10 | Cum_Reward=3.13
Sim Day 000, Time 02:00		
t=1200 min | Steps=81 | CGM=93.5 | ROC=-0.062 | Mean4-CGM=94.4 | Err=-16.5 | InsLock=0 | Action=1/16 | rivi_RL=0.00 | InsRate=0.00 pmol/min | Delayed_Reward=0.08 | Cum_Reward=3.22
Sim Day 000, Time 02:15		
t=1215 min | Steps=82 | CGM=98.5 | ROC=-0.241 | Mean4-CGM=98.2 | Err=-11.5 | InsLock=0 | Action=1/16 | rivi_RL=0.00 | InsRate=0.00 pmol/min | Delayed_Reward=0.08 | Cum_Reward=3.29
Sim Day 000, Time 02:30		
t=1230 min | Steps=83 | CGM=104.7 | ROC=+0.336 | Mean4-CGM=102.4 | Err=-5.3 | InsLock=1 | Action=11/16 | rivi_RL=100.00 | InsRate=600.00 pmol/min | Delayed_Reward=0.09 | Cum_Reward=3.38
Sim Day 000, Time 02:45		
t=1245 min | Steps=84 | CGM=109.2 | ROC=+0.572 | Mean4-CGM=107.3 | Err=-0.8 | InsLock=1 | Action=11/16 | rivi_RL=100.00 | InsRate=600.00 pmol/min | Delayed_Reward=0.10 | Cum_Reward=3.48
Sim Day 000, Time 03:00		
t=1260 min | Steps=85 | CGM=108.5 | ROC=-0.659 | Mean4-CGM=110.1 | Err=-1.5 | InsLock=1 | Action=9/16 | rivi_RL=80.00 | InsRate=480.00 pmol/min | Delayed_Reward=0.08 | Cum_Reward=3.56
Sim Day 000, Time 03:15		
t=1275 min | Steps=86 | CGM=106.9 | ROC=-0.667 | Mean4-CGM=108.1 | Err=-3.1 | InsLock=1 | Action=9/16 | rivi_RL=80.00 | InsRate=480.00 pmol/min | Delayed_Reward=0.07 | Cum_Reward=3.63
Sim Day 000, Time 03:30		
t=1290 min | Steps=87 | CGM=105.3 | ROC=+0.023 | Mean4-CGM=105.5 | Err=-4.7 | InsLock=1 | Action=9/16 | rivi_RL=80.00 | InsRate=480.00 pmol/min | Delayed_Reward=0.08 | Cum_Reward=3.72
Sim Day 000, Time 03:45		
t=1305 min | Steps=88 | CGM=104.3 | ROC=+0.184 | Mean4-CGM=104.1 | Err=-5.7 | InsLock=1 | Action=9/16 | rivi_RL=80.00 | InsRate=480.00 pmol/min | Delayed_Reward=0.09 | Cum_Reward=3.80
Sim Day 000, Time 04:00		
t=1320 min | Steps=89 | CGM=100.2 | ROC=+0.233 | Mean4-CGM=101.9 | Err=-9.8 | InsLock=1 | Action=9/16 | rivi_RL=80.00 | InsRate=480.00 pmol/min | Delayed_Reward=0.09 | Cum_Reward=3.89
Sim Day 000, Time 04:15		
t=1335 min | Steps=90 | CGM=97.6 | ROC=-0.260 | Mean4-CGM=99.7 | Err=-12.4 | InsLock=0 | Action=1/16 | rivi_RL=0.00 | InsRate=0.00 pmol/min | Delayed_Reward=0.08 | Cum_Reward=3.97
Sim Day 000, Time 04:30		
t=1350 min | Steps=91 | CGM=98.6 | ROC=+0.475 | Mean4-CGM=97.4 | Err=-11.4 | InsLock=0 | Action=1/16 | rivi_RL=0.00 | InsRate=0.00 pmol/min | Delayed_Reward=0.09 | Cum_Reward=4.06
Sim Day 000, Time 04:45		
t=1365 min | Steps=92 | CGM=100.5 | ROC=+1.052 | Mean4-CGM=98.9 | Err=-9.5 | InsLock=1 | Action=14/16 | rivi_RL=130.00 | InsRate=780.00 pmol/min | Delayed_Reward=0.11 | Cum_Reward=4.17
Sim Day 000, Time 05:00		
t=1380 min | Steps=93 | CGM=105.0 | ROC=-0.020 | Mean4-CGM=103.1 | Err=-5.0 | InsLock=1 | Action=9/16 | rivi_RL=80.00 | InsRate=480.00 pmol/min | Delayed_Reward=0.08 | Cum_Reward=4.25
Sim Day 000, Time 05:15		
t=1395 min | Steps=94 | CGM=107.4 | ROC=+0.731 | Mean4-CGM=105.0 | Err=-2.6 | InsLock=1 | Action=9/16 | rivi_RL=80.00 | InsRate=480.00 pmol/min | Delayed_Reward=0.10 | Cum_Reward=4.35
Sim Day 000, Time 05:30		
t=1410 min | Steps=95 | CGM=104.4 | ROC=+0.590 | Mean4-CGM=105.1 | Err=-5.6 | InsLock=1 | Action=9/16 | rivi_RL=80.00 | InsRate=480.00 pmol/min | Delayed_Reward=0.10 | Cum_Reward=4.44
Sim Day 000, Time 05:45		
t=1425 min | Steps=96 | CGM=101.8 | ROC=-0.600 | Mean4-CGM=102.9 | Err=-8.2 | InsLock=1 | Action=9/16 | rivi_RL=80.00 | InsRate=480.00 pmol/min | Delayed_Reward=0.07 | Cum_Reward=4.52
Sim Day 001, Time 06:00		
t=1440 min | Steps=97 | CGM=100.0 | ROC=-0.819 | Mean4-CGM=102.1 | Err=-10.0 | InsLock=0 | Action=1/16 | rivi_RL=0.00 | InsRate=0.00 pmol/min | Delayed_Reward=0.07 | Cum_Reward=4.58

24h-RESUME | subject=adult#003 | Total_Steps=97 |  Total_Reward=4.58 |  Average_Reward=0.047
