Sim Day 000, Time 06:00		
rlController INIT | subject=adult#009 | pop=Type2 Adult | Gb=157.0 | convFactor=6.00 | cgm_t0=156.0 mg/dL
t=0  min | Steps=1 | CGM=156.0 | ROC=+0.000 | Mean4-CGM=156.0 | Err=+46.0 | InsLock=1 | Action=16/16 | rivi_RL=150.00 | InsRate=900.00 pmol/min | 
Sim Day 000, Time 06:15		
t=15 min | Steps=2 | CGM=156.2 | ROC=+0.050 | Mean4-CGM=155.9 | Err=+46.2 | InsLock=1 | Action=14/16 | rivi_RL=130.00 | InsRate=780.00 pmol/min | Delayed_Reward=-0.00 | Cum_Reward=-0.00
Sim Day 000, Time 06:30		
t=30 min | Steps=3 | CGM=147.6 | ROC=-0.369 | Mean4-CGM=151.4 | Err=+37.6 | InsLock=1 | Action=14/16 | rivi_RL=130.00 | InsRate=780.00 pmol/min | Delayed_Reward=0.01 | Cum_Reward=0.01
Sim Day 000, Time 06:45		
t=45 min | Steps=4 | CGM=133.7 | ROC=-1.106 | Mean4-CGM=140.6 | Err=+23.7 | InsLock=1 | Action=14/16 | rivi_RL=130.00 | InsRate=780.00 pmol/min | Delayed_Reward=0.02 | Cum_Reward=0.03
Sim Day 000, Time 07:00		
t=60 min | Steps=5 | CGM=116.3 | ROC=-0.797 | Mean4-CGM=125.0 | Err=+6.3 | InsLock=1 | Action=14/16 | rivi_RL=130.00 | InsRate=780.00 pmol/min | Delayed_Reward=0.02 | Cum_Reward=0.05
Sim Day 000, Time 07:15		
t=75 min | Steps=6 | CGM=100.1 | ROC=-0.413 | Mean4-CGM=108.1 | Err=-9.9 | InsLock=1 | Action=9/16 | rivi_RL=80.00 | InsRate=480.00 pmol/min | Delayed_Reward=0.07 | Cum_Reward=0.12
Sim Day 000, Time 07:30		
t=90 min | Steps=7 | CGM=89.9 | ROC=+0.055 | Mean4-CGM=93.9 | Err=-20.1 | InsLock=0 | Action=1/16 | rivi_RL=0.00 | InsRate=0.00 pmol/min | Delayed_Reward=0.08 | Cum_Reward=0.21
Sim Day 000, Time 07:45		
t=105 min | Steps=8 | CGM=83.6 | ROC=+0.177 | Mean4-CGM=84.1 | Err=-26.4 | InsLock=0 | Action=1/16 | rivi_RL=0.00 | InsRate=0.00 pmol/min | Delayed_Reward=0.00 | Cum_Reward=0.21
Sim Day 000, Time 08:00		
t=120 min | Steps=9 | CGM=92.1 | ROC=+0.565 | Mean4-CGM=87.1 | Err=-17.9 | InsLock=0 | Action=1/16 | rivi_RL=0.00 | InsRate=0.00 pmol/min | Delayed_Reward=0.01 | Cum_Reward=0.22
Sim Day 000, Time 08:15		
t=135 min | Steps=10 | CGM=113.9 | ROC=+1.125 | Mean4-CGM=104.8 | Err=+3.9 | InsLock=1 | Action=14/16 | rivi_RL=130.00 | InsRate=780.00 pmol/min | Delayed_Reward=0.11 | Cum_Reward=0.33
Sim Day 000, Time 08:30		
t=150 min | Steps=11 | CGM=123.0 | ROC=-0.330 | Mean4-CGM=119.5 | Err=+13.0 | InsLock=1 | Action=11/16 | rivi_RL=100.00 | InsRate=600.00 pmol/min | Delayed_Reward=0.08 | Cum_Reward=0.41
Sim Day 000, Time 08:45		
t=165 min | Steps=12 | CGM=127.2 | ROC=-0.519 | Mean4-CGM=126.8 | Err=+17.2 | InsLock=1 | Action=14/16 | rivi_RL=130.00 | InsRate=780.00 pmol/min | Delayed_Reward=0.01 | Cum_Reward=0.42
Sim Day 000, Time 09:00		
t=180 min | Steps=13 | CGM=124.6 | ROC=-0.800 | Mean4-CGM=126.2 | Err=+14.6 | InsLock=1 | Action=14/16 | rivi_RL=130.00 | InsRate=780.00 pmol/min | Delayed_Reward=0.02 | Cum_Reward=0.44
Sim Day 000, Time 09:15		
t=195 min | Steps=14 | CGM=116.3 | ROC=-0.364 | Mean4-CGM=119.9 | Err=+6.3 | InsLock=1 | Action=14/16 | rivi_RL=130.00 | InsRate=780.00 pmol/min | Delayed_Reward=0.08 | Cum_Reward=0.52
Sim Day 000, Time 09:30		
t=210 min | Steps=15 | CGM=105.8 | ROC=-0.460 | Mean4-CGM=110.3 | Err=-4.2 | InsLock=1 | Action=9/16 | rivi_RL=80.00 | InsRate=480.00 pmol/min | Delayed_Reward=0.08 | Cum_Reward=0.61
Sim Day 000, Time 09:45		
t=225 min | Steps=16 | CGM=95.2 | ROC=-0.575 | Mean4-CGM=99.3 | Err=-14.8 | InsLock=0 | Action=1/16 | rivi_RL=0.00 | InsRate=0.00 pmol/min | Delayed_Reward=0.07 | Cum_Reward=0.68
Sim Day 000, Time 10:00		
t=240 min | Steps=17 | CGM=88.1 | ROC=-0.392 | Mean4-CGM=91.3 | Err=-21.9 | InsLock=0 | Action=1/16 | rivi_RL=0.00 | InsRate=0.00 pmol/min | Delayed_Reward=0.08 | Cum_Reward=0.75
Sim Day 000, Time 10:15		
t=255 min | Steps=18 | CGM=92.0 | ROC=+0.635 | Mean4-CGM=89.8 | Err=-18.0 | InsLock=0 | Action=1/16 | rivi_RL=0.00 | InsRate=0.00 pmol/min | Delayed_Reward=0.01 | Cum_Reward=0.76
Sim Day 000, Time 10:30		
t=270 min | Steps=19 | CGM=99.4 | ROC=+0.604 | Mean4-CGM=95.1 | Err=-10.6 | InsLock=0 | Action=1/16 | rivi_RL=0.00 | InsRate=0.00 pmol/min | Delayed_Reward=0.10 | Cum_Reward=0.86
Sim Day 000, Time 10:45		
t=285 min | Steps=20 | CGM=106.7 | ROC=+0.564 | Mean4-CGM=103.0 | Err=-3.3 | InsLock=1 | Action=11/16 | rivi_RL=100.00 | InsRate=600.00 pmol/min | Delayed_Reward=0.10 | Cum_Reward=0.96
Sim Day 000, Time 11:00		
t=300 min | Steps=21 | CGM=108.3 | ROC=-0.095 | Mean4-CGM=108.2 | Err=-1.7 | InsLock=1 | Action=9/16 | rivi_RL=80.00 | InsRate=480.00 pmol/min | Delayed_Reward=0.08 | Cum_Reward=1.04
Sim Day 000, Time 11:15		
t=315 min | Steps=22 | CGM=108.2 | ROC=-0.137 | Mean4-CGM=109.1 | Err=-1.8 | InsLock=1 | Action=9/16 | rivi_RL=80.00 | InsRate=480.00 pmol/min | Delayed_Reward=0.08 | Cum_Reward=1.12
Sim Day 000, Time 11:30		
t=330 min | Steps=23 | CGM=118.6 | ROC=+1.056 | Mean4-CGM=112.3 | Err=+8.6 | InsLock=1 | Action=14/16 | rivi_RL=130.00 | InsRate=780.00 pmol/min | Delayed_Reward=0.08 | Cum_Reward=1.20
Sim Day 000, Time 11:45		
t=345 min | Steps=24 | CGM=140.2 | ROC=+1.135 | Mean4-CGM=130.6 | Err=+30.2 | InsLock=1 | Action=14/16 | rivi_RL=130.00 | InsRate=780.00 pmol/min | Delayed_Reward=-0.02 | Cum_Reward=1.18
Sim Day 000, Time 12:00		
t=360 min | Steps=25 | CGM=142.3 | ROC=-1.029 | Mean4-CGM=142.7 | Err=+32.3 | InsLock=1 | Action=14/16 | rivi_RL=130.00 | InsRate=780.00 pmol/min | Delayed_Reward=0.02 | Cum_Reward=1.20
Sim Day 000, Time 12:15		
t=375 min | Steps=26 | CGM=142.0 | ROC=-0.824 | Mean4-CGM=143.8 | Err=+32.0 | InsLock=1 | Action=14/16 | rivi_RL=130.00 | InsRate=780.00 pmol/min | Delayed_Reward=0.02 | Cum_Reward=1.22
Sim Day 000, Time 12:30		
t=390 min | Steps=27 | CGM=128.8 | ROC=-1.446 | Mean4-CGM=136.7 | Err=+18.8 | InsLock=1 | Action=14/16 | rivi_RL=130.00 | InsRate=780.00 pmol/min | Delayed_Reward=0.03 | Cum_Reward=1.25
Sim Day 000, Time 12:45		
t=405 min | Steps=28 | CGM=119.9 | ROC=-0.767 | Mean4-CGM=125.4 | Err=+9.9 | InsLock=1 | Action=14/16 | rivi_RL=130.00 | InsRate=780.00 pmol/min | Delayed_Reward=0.02 | Cum_Reward=1.26
Sim Day 000, Time 13:00		
t=420 min | Steps=29 | CGM=106.5 | ROC=-1.321 | Mean4-CGM=114.1 | Err=-3.5 | InsLock=1 | Action=9/16 | rivi_RL=80.00 | InsRate=480.00 pmol/min | Delayed_Reward=0.08 | Cum_Reward=1.35
Sim Day 000, Time 13:15		
t=435 min | Steps=30 | CGM=97.9 | ROC=-0.719 | Mean4-CGM=102.6 | Err=-12.1 | InsLock=0 | Action=1/16 | rivi_RL=0.00 | InsRate=0.00 pmol/min | Delayed_Reward=0.07 | Cum_Reward=1.41
Sim Day 000, Time 13:30		
t=450 min | Steps=31 | CGM=86.6 | ROC=-1.200 | Mean4-CGM=93.3 | Err=-23.4 | InsLock=0 | Action=1/16 | rivi_RL=0.00 | InsRate=0.00 pmol/min | Delayed_Reward=0.06 | Cum_Reward=1.47
Sim Day 000, Time 13:45		
t=465 min | Steps=32 | CGM=91.9 | ROC=-0.023 | Mean4-CGM=90.7 | Err=-18.1 | InsLock=0 | Action=1/16 | rivi_RL=0.00 | InsRate=0.00 pmol/min | Delayed_Reward=0.08 | Cum_Reward=1.56
Sim Day 000, Time 14:00		
t=480 min | Steps=33 | CGM=99.0 | ROC=+0.484 | Mean4-CGM=96.1 | Err=-11.0 | InsLock=0 | Action=1/16 | rivi_RL=0.00 | InsRate=0.00 pmol/min | Delayed_Reward=0.09 | Cum_Reward=1.65
Sim Day 000, Time 14:15		
t=495 min | Steps=34 | CGM=105.7 | ROC=+0.710 | Mean4-CGM=102.4 | Err=-4.3 | InsLock=1 | Action=11/16 | rivi_RL=100.00 | InsRate=600.00 pmol/min | Delayed_Reward=0.10 | Cum_Reward=1.75
Sim Day 000, Time 14:30		
t=510 min | Steps=35 | CGM=108.3 | ROC=-0.716 | Mean4-CGM=108.4 | Err=-1.7 | InsLock=1 | Action=5/16 | rivi_RL=40.00 | InsRate=240.00 pmol/min | Delayed_Reward=0.07 | Cum_Reward=1.81
Sim Day 000, Time 14:45		
t=525 min | Steps=36 | CGM=106.1 | ROC=-0.121 | Mean4-CGM=106.7 | Err=-3.9 | InsLock=1 | Action=9/16 | rivi_RL=80.00 | InsRate=480.00 pmol/min | Delayed_Reward=0.08 | Cum_Reward=1.90
Sim Day 000, Time 15:00		
t=540 min | Steps=37 | CGM=102.9 | ROC=-0.517 | Mean4-CGM=104.6 | Err=-7.1 | InsLock=1 | Action=9/16 | rivi_RL=80.00 | InsRate=480.00 pmol/min | Delayed_Reward=0.07 | Cum_Reward=1.97
Sim Day 000, Time 15:15		
t=555 min | Steps=38 | CGM=98.9 | ROC=+0.317 | Mean4-CGM=99.5 | Err=-11.1 | InsLock=0 | Action=1/16 | rivi_RL=0.00 | InsRate=0.00 pmol/min | Delayed_Reward=0.09 | Cum_Reward=2.06
Sim Day 000, Time 15:30		
t=570 min | Steps=39 | CGM=93.5 | ROC=+0.021 | Mean4-CGM=96.0 | Err=-16.5 | InsLock=0 | Action=1/16 | rivi_RL=0.00 | InsRate=0.00 pmol/min | Delayed_Reward=0.08 | Cum_Reward=2.14
Sim Day 000, Time 15:45		
t=585 min | Steps=40 | CGM=95.1 | ROC=+0.327 | Mean4-CGM=93.7 | Err=-14.9 | InsLock=0 | Action=1/16 | rivi_RL=0.00 | InsRate=0.00 pmol/min | Delayed_Reward=0.09 | Cum_Reward=2.23
Sim Day 000, Time 16:00		
t=600 min | Steps=41 | CGM=99.5 | ROC=-0.260 | Mean4-CGM=97.7 | Err=-10.5 | InsLock=0 | Action=1/16 | rivi_RL=0.00 | InsRate=0.00 pmol/min | Delayed_Reward=0.08 | Cum_Reward=2.31
Sim Day 000, Time 16:15		
t=615 min | Steps=42 | CGM=109.3 | ROC=+0.398 | Mean4-CGM=104.8 | Err=-0.7 | InsLock=1 | Action=11/16 | rivi_RL=100.00 | InsRate=600.00 pmol/min | Delayed_Reward=0.09 | Cum_Reward=2.40
Sim Day 000, Time 16:30		
t=630 min | Steps=43 | CGM=111.3 | ROC=-0.222 | Mean4-CGM=110.7 | Err=+1.3 | InsLock=1 | Action=9/16 | rivi_RL=80.00 | InsRate=480.00 pmol/min | Delayed_Reward=0.08 | Cum_Reward=2.49
Sim Day 000, Time 16:45		
t=645 min | Steps=44 | CGM=108.9 | ROC=-0.278 | Mean4-CGM=110.6 | Err=-1.1 | InsLock=1 | Action=9/16 | rivi_RL=80.00 | InsRate=480.00 pmol/min | Delayed_Reward=0.08 | Cum_Reward=2.57
Sim Day 000, Time 17:00		
t=660 min | Steps=45 | CGM=105.9 | ROC=+0.112 | Mean4-CGM=106.6 | Err=-4.1 | InsLock=1 | Action=9/16 | rivi_RL=80.00 | InsRate=480.00 pmol/min | Delayed_Reward=0.09 | Cum_Reward=2.65
Sim Day 000, Time 17:15		
t=675 min | Steps=46 | CGM=95.6 | ROC=-0.451 | Mean4-CGM=99.4 | Err=-14.4 | InsLock=0 | Action=1/16 | rivi_RL=0.00 | InsRate=0.00 pmol/min | Delayed_Reward=0.07 | Cum_Reward=2.73
Sim Day 000, Time 17:30		
t=690 min | Steps=47 | CGM=92.6 | ROC=+0.400 | Mean4-CGM=92.9 | Err=-17.4 | InsLock=0 | Action=1/16 | rivi_RL=0.00 | InsRate=0.00 pmol/min | Delayed_Reward=0.09 | Cum_Reward=2.82
Sim Day 000, Time 17:45		
t=705 min | Steps=48 | CGM=91.9 | ROC=-0.296 | Mean4-CGM=92.2 | Err=-18.1 | InsLock=0 | Action=1/16 | rivi_RL=0.00 | InsRate=0.00 pmol/min | Delayed_Reward=0.08 | Cum_Reward=2.90
Sim Day 000, Time 18:00		
t=720 min | Steps=49 | CGM=101.2 | ROC=-0.558 | Mean4-CGM=98.5 | Err=-8.8 | InsLock=1 | Action=2/16 | rivi_RL=10.00 | InsRate=60.00 pmol/min | Delayed_Reward=0.07 | Cum_Reward=2.97
Sim Day 000, Time 18:15		
t=735 min | Steps=50 | CGM=109.6 | ROC=+1.146 | Mean4-CGM=103.9 | Err=-0.4 | InsLock=1 | Action=11/16 | rivi_RL=100.00 | InsRate=600.00 pmol/min | Delayed_Reward=0.11 | Cum_Reward=3.08
Sim Day 000, Time 18:30		
t=750 min | Steps=51 | CGM=113.2 | ROC=+1.107 | Mean4-CGM=109.9 | Err=+3.2 | InsLock=1 | Action=14/16 | rivi_RL=130.00 | InsRate=780.00 pmol/min | Delayed_Reward=0.11 | Cum_Reward=3.18
Sim Day 000, Time 18:45		
t=765 min | Steps=52 | CGM=107.2 | ROC=-0.409 | Mean4-CGM=109.4 | Err=-2.8 | InsLock=1 | Action=9/16 | rivi_RL=80.00 | InsRate=480.00 pmol/min | Delayed_Reward=0.07 | Cum_Reward=3.26
Sim Day 000, Time 19:00		
t=780 min | Steps=53 | CGM=104.5 | ROC=+0.419 | Mean4-CGM=105.1 | Err=-5.5 | InsLock=1 | Action=9/16 | rivi_RL=80.00 | InsRate=480.00 pmol/min | Delayed_Reward=0.09 | Cum_Reward=3.35
Sim Day 000, Time 19:15		
t=795 min | Steps=54 | CGM=90.6 | ROC=-0.225 | Mean4-CGM=95.3 | Err=-19.4 | InsLock=0 | Action=1/16 | rivi_RL=0.00 | InsRate=0.00 pmol/min | Delayed_Reward=0.08 | Cum_Reward=3.43
Sim Day 000, Time 19:30		
t=810 min | Steps=55 | CGM=85.9 | ROC=-0.204 | Mean4-CGM=87.1 | Err=-24.1 | InsLock=0 | Action=1/16 | rivi_RL=0.00 | InsRate=0.00 pmol/min | Delayed_Reward=-0.00 | Cum_Reward=3.42
Sim Day 000, Time 19:45		
t=825 min | Steps=56 | CGM=93.6 | ROC=+0.284 | Mean4-CGM=89.7 | Err=-16.4 | InsLock=0 | Action=1/16 | rivi_RL=0.00 | InsRate=0.00 pmol/min | Delayed_Reward=0.01 | Cum_Reward=3.43
Sim Day 000, Time 20:00		
t=840 min | Steps=57 | CGM=124.7 | ROC=+2.722 | Mean4-CGM=107.4 | Err=+14.7 | InsLock=1 | Action=14/16 | rivi_RL=130.00 | InsRate=780.00 pmol/min | Delayed_Reward=0.14 | Cum_Reward=3.57
Sim Day 000, Time 20:15		
t=855 min | Steps=58 | CGM=148.3 | ROC=+0.830 | Mean4-CGM=137.9 | Err=+38.3 | InsLock=1 | Action=14/16 | rivi_RL=130.00 | InsRate=780.00 pmol/min | Delayed_Reward=-0.02 | Cum_Reward=3.55
Sim Day 000, Time 20:30		
t=870 min | Steps=59 | CGM=158.4 | ROC=+0.204 | Mean4-CGM=154.9 | Err=+48.4 | InsLock=1 | Action=14/16 | rivi_RL=130.00 | InsRate=780.00 pmol/min | Delayed_Reward=-0.00 | Cum_Reward=3.55
Sim Day 000, Time 20:45		
t=885 min | Steps=60 | CGM=152.7 | ROC=-0.316 | Mean4-CGM=155.5 | Err=+42.7 | InsLock=1 | Action=14/16 | rivi_RL=130.00 | InsRate=780.00 pmol/min | Delayed_Reward=0.01 | Cum_Reward=3.55
Sim Day 000, Time 21:00		
t=900 min | Steps=61 | CGM=141.5 | ROC=-0.676 | Mean4-CGM=147.6 | Err=+31.5 | InsLock=1 | Action=14/16 | rivi_RL=130.00 | InsRate=780.00 pmol/min | Delayed_Reward=0.01 | Cum_Reward=3.57
Sim Day 000, Time 21:15		
t=915 min | Steps=62 | CGM=127.7 | ROC=-0.844 | Mean4-CGM=135.3 | Err=+17.7 | InsLock=1 | Action=14/16 | rivi_RL=130.00 | InsRate=780.00 pmol/min | Delayed_Reward=0.02 | Cum_Reward=3.59
Sim Day 000, Time 21:30		
t=930 min | Steps=63 | CGM=113.6 | ROC=-1.254 | Mean4-CGM=121.1 | Err=+3.6 | InsLock=1 | Action=9/16 | rivi_RL=80.00 | InsRate=480.00 pmol/min | Delayed_Reward=0.03 | Cum_Reward=3.61
Sim Day 000, Time 21:45		
t=945 min | Steps=64 | CGM=103.1 | ROC=-1.494 | Mean4-CGM=109.6 | Err=-6.9 | InsLock=1 | Action=1/16 | rivi_RL=0.00 | InsRate=0.00 pmol/min | Delayed_Reward=0.05 | Cum_Reward=3.66
Sim Day 000, Time 22:00		
t=960 min | Steps=65 | CGM=96.5 | ROC=-0.661 | Mean4-CGM=100.8 | Err=-13.5 | InsLock=0 | Action=1/16 | rivi_RL=0.00 | InsRate=0.00 pmol/min | Delayed_Reward=0.07 | Cum_Reward=3.73
Sim Day 000, Time 22:15		
t=975 min | Steps=66 | CGM=96.0 | ROC=-0.381 | Mean4-CGM=96.9 | Err=-14.0 | InsLock=0 | Action=1/16 | rivi_RL=0.00 | InsRate=0.00 pmol/min | Delayed_Reward=0.08 | Cum_Reward=3.81
Sim Day 000, Time 22:30		
t=990 min | Steps=67 | CGM=103.7 | ROC=+1.005 | Mean4-CGM=99.2 | Err=-6.3 | InsLock=1 | Action=14/16 | rivi_RL=130.00 | InsRate=780.00 pmol/min | Delayed_Reward=0.10 | Cum_Reward=3.91
Sim Day 000, Time 22:45		
t=1005 min | Steps=68 | CGM=105.7 | ROC=-0.677 | Mean4-CGM=105.9 | Err=-4.3 | InsLock=1 | Action=9/16 | rivi_RL=80.00 | InsRate=480.00 pmol/min | Delayed_Reward=0.07 | Cum_Reward=3.98
Sim Day 000, Time 23:00		
t=1020 min | Steps=69 | CGM=104.1 | ROC=-0.044 | Mean4-CGM=105.6 | Err=-5.9 | InsLock=1 | Action=9/16 | rivi_RL=80.00 | InsRate=480.00 pmol/min | Delayed_Reward=0.08 | Cum_Reward=4.07
Sim Day 000, Time 23:15		
t=1035 min | Steps=70 | CGM=96.3 | ROC=-0.062 | Mean4-CGM=99.3 | Err=-13.7 | InsLock=0 | Action=1/16 | rivi_RL=0.00 | InsRate=0.00 pmol/min | Delayed_Reward=0.08 | Cum_Reward=4.15
Sim Day 000, Time 23:30		
t=1050 min | Steps=71 | CGM=94.4 | ROC=+0.413 | Mean4-CGM=94.1 | Err=-15.6 | InsLock=0 | Action=1/16 | rivi_RL=0.00 | InsRate=0.00 pmol/min | Delayed_Reward=0.09 | Cum_Reward=4.24
Sim Day 000, Time 23:45		
t=1065 min | Steps=72 | CGM=94.1 | ROC=+0.068 | Mean4-CGM=92.7 | Err=-15.9 | InsLock=0 | Action=1/16 | rivi_RL=0.00 | InsRate=0.00 pmol/min | Delayed_Reward=0.08 | Cum_Reward=4.32
Sim Day 000, Time 00:00		
t=1080 min | Steps=73 | CGM=100.2 | ROC=-0.386 | Mean4-CGM=98.5 | Err=-9.8 | InsLock=1 | Action=2/16 | rivi_RL=10.00 | InsRate=60.00 pmol/min | Delayed_Reward=0.08 | Cum_Reward=4.40
Sim Day 000, Time 00:15		
t=1095 min | Steps=74 | CGM=106.8 | ROC=+1.146 | Mean4-CGM=102.6 | Err=-3.2 | InsLock=1 | Action=11/16 | rivi_RL=100.00 | InsRate=600.00 pmol/min | Delayed_Reward=0.11 | Cum_Reward=4.51
Sim Day 000, Time 00:30		
t=1110 min | Steps=75 | CGM=108.4 | ROC=-0.463 | Mean4-CGM=108.7 | Err=-1.6 | InsLock=1 | Action=9/16 | rivi_RL=80.00 | InsRate=480.00 pmol/min | Delayed_Reward=0.07 | Cum_Reward=4.58
Sim Day 000, Time 00:45		
t=1125 min | Steps=76 | CGM=111.7 | ROC=+0.338 | Mean4-CGM=109.6 | Err=+1.7 | InsLock=1 | Action=14/16 | rivi_RL=130.00 | InsRate=780.00 pmol/min | Delayed_Reward=0.09 | Cum_Reward=4.67
Sim Day 000, Time 01:00		
t=1140 min | Steps=77 | CGM=102.7 | ROC=-1.209 | Mean4-CGM=108.5 | Err=-7.3 | InsLock=1 | Action=9/16 | rivi_RL=80.00 | InsRate=480.00 pmol/min | Delayed_Reward=0.06 | Cum_Reward=4.73
Sim Day 000, Time 01:15		
t=1155 min | Steps=78 | CGM=95.0 | ROC=-0.177 | Mean4-CGM=98.0 | Err=-15.0 | InsLock=0 | Action=1/16 | rivi_RL=0.00 | InsRate=0.00 pmol/min | Delayed_Reward=0.08 | Cum_Reward=4.81
Sim Day 000, Time 01:30		
t=1170 min | Steps=79 | CGM=89.8 | ROC=+0.346 | Mean4-CGM=90.8 | Err=-20.2 | InsLock=0 | Action=1/16 | rivi_RL=0.00 | InsRate=0.00 pmol/min | Delayed_Reward=0.09 | Cum_Reward=4.90
Sim Day 000, Time 01:45		
t=1185 min | Steps=80 | CGM=94.2 | ROC=+1.617 | Mean4-CGM=89.6 | Err=-15.8 | InsLock=0 | Action=1/16 | rivi_RL=0.00 | InsRate=0.00 pmol/min | Delayed_Reward=0.03 | Cum_Reward=4.93
Sim Day 000, Time 02:00		
t=1200 min | Steps=81 | CGM=96.0 | ROC=+0.054 | Mean4-CGM=95.3 | Err=-14.0 | InsLock=0 | Action=1/16 | rivi_RL=0.00 | InsRate=0.00 pmol/min | Delayed_Reward=0.08 | Cum_Reward=5.02
Sim Day 000, Time 02:15		
t=1215 min | Steps=82 | CGM=102.0 | ROC=-0.204 | Mean4-CGM=101.2 | Err=-8.0 | InsLock=1 | Action=2/16 | rivi_RL=10.00 | InsRate=60.00 pmol/min | Delayed_Reward=0.08 | Cum_Reward=5.10
Sim Day 000, Time 02:30		
t=1230 min | Steps=83 | CGM=108.5 | ROC=+0.362 | Mean4-CGM=106.1 | Err=-1.5 | InsLock=1 | Action=9/16 | rivi_RL=80.00 | InsRate=480.00 pmol/min | Delayed_Reward=0.09 | Cum_Reward=5.19
Sim Day 000, Time 02:45		
t=1245 min | Steps=84 | CGM=113.4 | ROC=+0.596 | Mean4-CGM=111.3 | Err=+3.4 | InsLock=1 | Action=14/16 | rivi_RL=130.00 | InsRate=780.00 pmol/min | Delayed_Reward=0.08 | Cum_Reward=5.27
Sim Day 000, Time 03:00		
t=1260 min | Steps=85 | CGM=111.9 | ROC=-0.791 | Mean4-CGM=114.0 | Err=+1.9 | InsLock=1 | Action=9/16 | rivi_RL=80.00 | InsRate=480.00 pmol/min | Delayed_Reward=0.08 | Cum_Reward=5.35
Sim Day 000, Time 03:15		
t=1275 min | Steps=86 | CGM=105.7 | ROC=-1.036 | Mean4-CGM=109.3 | Err=-4.3 | InsLock=1 | Action=9/16 | rivi_RL=80.00 | InsRate=480.00 pmol/min | Delayed_Reward=0.06 | Cum_Reward=5.42
Sim Day 000, Time 03:30		
t=1290 min | Steps=87 | CGM=98.4 | ROC=-0.344 | Mean4-CGM=101.4 | Err=-11.6 | InsLock=0 | Action=1/16 | rivi_RL=0.00 | InsRate=0.00 pmol/min | Delayed_Reward=0.08 | Cum_Reward=5.49
Sim Day 000, Time 03:45		
t=1305 min | Steps=88 | CGM=94.0 | ROC=+0.145 | Mean4-CGM=95.2 | Err=-16.0 | InsLock=0 | Action=1/16 | rivi_RL=0.00 | InsRate=0.00 pmol/min | Delayed_Reward=0.09 | Cum_Reward=5.58
Sim Day 000, Time 04:00		
t=1320 min | Steps=89 | CGM=96.3 | ROC=+0.756 | Mean4-CGM=94.5 | Err=-13.7 | InsLock=0 | Action=1/16 | rivi_RL=0.00 | InsRate=0.00 pmol/min | Delayed_Reward=0.10 | Cum_Reward=5.68
Sim Day 000, Time 04:15		
t=1335 min | Steps=90 | CGM=101.9 | ROC=+0.285 | Mean4-CGM=99.8 | Err=-8.1 | InsLock=1 | Action=11/16 | rivi_RL=100.00 | InsRate=600.00 pmol/min | Delayed_Reward=0.09 | Cum_Reward=5.77
Sim Day 000, Time 04:30		
t=1350 min | Steps=91 | CGM=109.3 | ROC=+0.774 | Mean4-CGM=105.2 | Err=-0.7 | InsLock=1 | Action=11/16 | rivi_RL=100.00 | InsRate=600.00 pmol/min | Delayed_Reward=0.10 | Cum_Reward=5.87
Sim Day 000, Time 04:45		
t=1365 min | Steps=92 | CGM=106.7 | ROC=+0.449 | Mean4-CGM=108.2 | Err=-3.3 | InsLock=1 | Action=9/16 | rivi_RL=80.00 | InsRate=480.00 pmol/min | Delayed_Reward=0.09 | Cum_Reward=5.96
Sim Day 000, Time 05:00		
t=1380 min | Steps=93 | CGM=100.3 | ROC=-0.714 | Mean4-CGM=103.8 | Err=-9.7 | InsLock=1 | Action=9/16 | rivi_RL=80.00 | InsRate=480.00 pmol/min | Delayed_Reward=0.07 | Cum_Reward=6.03
Sim Day 000, Time 05:15		
t=1395 min | Steps=94 | CGM=95.2 | ROC=+0.323 | Mean4-CGM=96.4 | Err=-14.8 | InsLock=0 | Action=1/16 | rivi_RL=0.00 | InsRate=0.00 pmol/min | Delayed_Reward=0.09 | Cum_Reward=6.12
Sim Day 000, Time 05:30		
t=1410 min | Steps=95 | CGM=89.0 | ROC=+0.576 | Mean4-CGM=90.9 | Err=-21.0 | InsLock=0 | Action=1/16 | rivi_RL=0.00 | InsRate=0.00 pmol/min | Delayed_Reward=0.10 | Cum_Reward=6.21
Sim Day 000, Time 05:45		
t=1425 min | Steps=96 | CGM=92.5 | ROC=-0.110 | Mean4-CGM=90.4 | Err=-17.5 | InsLock=0 | Action=1/16 | rivi_RL=0.00 | InsRate=0.00 pmol/min | Delayed_Reward=0.08 | Cum_Reward=6.29
Sim Day 001, Time 06:00		
t=1440 min | Steps=97 | CGM=98.3 | ROC=-0.316 | Mean4-CGM=96.7 | Err=-11.7 | InsLock=0 | Action=1/16 | rivi_RL=0.00 | InsRate=0.00 pmol/min | Delayed_Reward=0.08 | Cum_Reward=6.37

24h-RESUME | subject=adult#009 | Total_Steps=97 |  Total_Reward=6.37 |  Average_Reward=0.066
