Sim Day 000, Time 06:00		
rlController INIT | subject=adult#003 | pop=Type1 Adult | Gb=119.4 | dailyBasal=35.99U | convFactor=6.00 | cgm_t0=118.4 mg/dL
t=0  min | Steps=1 | CGM=118.4 | ROC=+0.000 | Mean4-CGM=118.4 | Err=+8.4 | InsLock=0 | Action=1/16 | rsci_RL=0.00 | InsRate=0.00 pmol/min | 
Sim Day 000, Time 06:15		
t=15 min | Steps=2 | CGM=121.5 | ROC=+0.385 | Mean4-CGM=119.5 | Err=+11.5 | InsLock=0 | Action=1/16 | rsci_RL=0.00 | InsRate=0.00 pmol/min | Delayed_Reward=0.09 | Cum_Reward=0.09
Sim Day 000, Time 06:30		
t=30 min | Steps=3 | CGM=124.5 | ROC=+0.614 | Mean4-CGM=122.0 | Err=+14.5 | InsLock=0 | Action=1/16 | rsci_RL=0.00 | InsRate=0.00 pmol/min | Delayed_Reward=0.09 | Cum_Reward=0.17
Sim Day 000, Time 06:45		
t=45 min | Steps=4 | CGM=128.9 | ROC=+0.187 | Mean4-CGM=126.4 | Err=+18.9 | InsLock=1 | Action=6/16 | rsci_RL=33.33 | InsRate=200.00 pmol/min | Delayed_Reward=0.09 | Cum_Reward=0.26
Sim Day 000, Time 07:00		
t=60 min | Steps=5 | CGM=131.2 | ROC=+0.497 | Mean4-CGM=130.0 | Err=+21.2 | InsLock=1 | Action=2/16 | rsci_RL=6.67 | InsRate=40.00 pmol/min | Delayed_Reward=0.09 | Cum_Reward=0.35
Sim Day 000, Time 07:15		
t=75 min | Steps=6 | CGM=132.5 | ROC=+0.694 | Mean4-CGM=131.9 | Err=+22.5 | InsLock=1 | Action=3/16 | rsci_RL=13.33 | InsRate=80.00 pmol/min | Delayed_Reward=0.09 | Cum_Reward=0.43
Sim Day 000, Time 07:30		
t=90 min | Steps=7 | CGM=137.0 | ROC=+0.968 | Mean4-CGM=133.9 | Err=+27.0 | InsLock=1 | Action=6/16 | rsci_RL=33.33 | InsRate=200.00 pmol/min | Delayed_Reward=0.09 | Cum_Reward=0.52
Sim Day 000, Time 07:45		
t=105 min | Steps=8 | CGM=142.6 | ROC=+0.796 | Mean4-CGM=137.5 | Err=+32.6 | InsLock=1 | Action=15/16 | rsci_RL=93.33 | InsRate=560.00 pmol/min | Delayed_Reward=0.09 | Cum_Reward=0.61
Sim Day 000, Time 08:00		
t=120 min | Steps=9 | CGM=149.1 | ROC=+0.133 | Mean4-CGM=145.8 | Err=+39.1 | InsLock=1 | Action=15/16 | rsci_RL=93.33 | InsRate=560.00 pmol/min | Delayed_Reward=-0.00 | Cum_Reward=0.60
Sim Day 000, Time 08:15		
t=135 min | Steps=10 | CGM=159.2 | ROC=+0.201 | Mean4-CGM=156.3 | Err=+49.2 | InsLock=1 | Action=15/16 | rsci_RL=93.33 | InsRate=560.00 pmol/min | Delayed_Reward=-0.00 | Cum_Reward=0.60
Sim Day 000, Time 08:30		
t=150 min | Steps=11 | CGM=151.6 | ROC=-1.475 | Mean4-CGM=156.6 | Err=+41.6 | InsLock=1 | Action=7/16 | rsci_RL=40.00 | InsRate=240.00 pmol/min | Delayed_Reward=0.02 | Cum_Reward=0.63
Sim Day 000, Time 08:45		
t=165 min | Steps=12 | CGM=141.7 | ROC=-1.328 | Mean4-CGM=148.0 | Err=+31.7 | InsLock=1 | Action=3/16 | rsci_RL=13.33 | InsRate=80.00 pmol/min | Delayed_Reward=0.02 | Cum_Reward=0.65
Sim Day 000, Time 09:00		
t=180 min | Steps=13 | CGM=131.8 | ROC=-1.103 | Mean4-CGM=136.6 | Err=+21.8 | InsLock=1 | Action=1/16 | rsci_RL=0.00 | InsRate=0.00 pmol/min | Delayed_Reward=0.09 | Cum_Reward=0.73
Sim Day 000, Time 09:15		
t=195 min | Steps=14 | CGM=124.2 | ROC=-0.164 | Mean4-CGM=127.1 | Err=+14.2 | InsLock=0 | Action=1/16 | rsci_RL=0.00 | InsRate=0.00 pmol/min | Delayed_Reward=0.09 | Cum_Reward=0.82
Sim Day 000, Time 09:30		
t=210 min | Steps=15 | CGM=119.8 | ROC=+0.029 | Mean4-CGM=121.0 | Err=+9.8 | InsLock=0 | Action=1/16 | rsci_RL=0.00 | InsRate=0.00 pmol/min | Delayed_Reward=0.09 | Cum_Reward=0.91
Sim Day 000, Time 09:45		
t=225 min | Steps=16 | CGM=117.8 | ROC=+0.021 | Mean4-CGM=117.6 | Err=+7.8 | InsLock=0 | Action=1/16 | rsci_RL=0.00 | InsRate=0.00 pmol/min | Delayed_Reward=0.09 | Cum_Reward=0.99
Sim Day 000, Time 10:00		
t=240 min | Steps=17 | CGM=118.1 | ROC=-0.055 | Mean4-CGM=118.0 | Err=+8.1 | InsLock=0 | Action=1/16 | rsci_RL=0.00 | InsRate=0.00 pmol/min | Delayed_Reward=0.09 | Cum_Reward=1.08
Sim Day 000, Time 10:15		
t=255 min | Steps=18 | CGM=120.0 | ROC=+0.387 | Mean4-CGM=119.2 | Err=+10.0 | InsLock=0 | Action=1/16 | rsci_RL=0.00 | InsRate=0.00 pmol/min | Delayed_Reward=0.09 | Cum_Reward=1.17
Sim Day 000, Time 10:30		
t=270 min | Steps=19 | CGM=123.6 | ROC=+0.364 | Mean4-CGM=121.2 | Err=+13.6 | InsLock=0 | Action=1/16 | rsci_RL=0.00 | InsRate=0.00 pmol/min | Delayed_Reward=0.09 | Cum_Reward=1.25
Sim Day 000, Time 10:45		
t=285 min | Steps=20 | CGM=128.2 | ROC=+0.416 | Mean4-CGM=125.7 | Err=+18.2 | InsLock=1 | Action=6/16 | rsci_RL=33.33 | InsRate=200.00 pmol/min | Delayed_Reward=0.09 | Cum_Reward=1.34
Sim Day 000, Time 11:00		
t=300 min | Steps=21 | CGM=129.7 | ROC=+0.029 | Mean4-CGM=129.3 | Err=+19.7 | InsLock=1 | Action=2/16 | rsci_RL=6.67 | InsRate=40.00 pmol/min | Delayed_Reward=0.09 | Cum_Reward=1.43
Sim Day 000, Time 11:15		
t=315 min | Steps=22 | CGM=133.9 | ROC=+0.065 | Mean4-CGM=132.8 | Err=+23.9 | InsLock=1 | Action=3/16 | rsci_RL=13.33 | InsRate=80.00 pmol/min | Delayed_Reward=0.09 | Cum_Reward=1.51
Sim Day 000, Time 11:30		
t=330 min | Steps=23 | CGM=134.7 | ROC=+0.028 | Mean4-CGM=134.2 | Err=+24.7 | InsLock=1 | Action=3/16 | rsci_RL=13.33 | InsRate=80.00 pmol/min | Delayed_Reward=0.09 | Cum_Reward=1.60
Sim Day 000, Time 11:45		
t=345 min | Steps=24 | CGM=140.5 | ROC=+0.240 | Mean4-CGM=138.4 | Err=+30.5 | InsLock=1 | Action=3/16 | rsci_RL=13.33 | InsRate=80.00 pmol/min | Delayed_Reward=0.09 | Cum_Reward=1.69
Sim Day 000, Time 12:00		
t=360 min | Steps=25 | CGM=137.6 | ROC=-1.081 | Mean4-CGM=139.8 | Err=+27.6 | InsLock=1 | Action=1/16 | rsci_RL=0.00 | InsRate=0.00 pmol/min | Delayed_Reward=0.09 | Cum_Reward=1.77
Sim Day 000, Time 12:15		
t=375 min | Steps=26 | CGM=142.7 | ROC=-0.300 | Mean4-CGM=141.4 | Err=+32.7 | InsLock=1 | Action=3/16 | rsci_RL=13.33 | InsRate=80.00 pmol/min | Delayed_Reward=0.01 | Cum_Reward=1.78
Sim Day 000, Time 12:30		
t=390 min | Steps=27 | CGM=140.2 | ROC=-0.663 | Mean4-CGM=142.6 | Err=+30.2 | InsLock=1 | Action=3/16 | rsci_RL=13.33 | InsRate=80.00 pmol/min | Delayed_Reward=0.01 | Cum_Reward=1.79
Sim Day 000, Time 12:45		
t=405 min | Steps=28 | CGM=145.2 | ROC=+0.311 | Mean4-CGM=143.4 | Err=+35.2 | InsLock=1 | Action=6/16 | rsci_RL=33.33 | InsRate=200.00 pmol/min | Delayed_Reward=-0.01 | Cum_Reward=1.79
Sim Day 000, Time 13:00		
t=420 min | Steps=29 | CGM=158.9 | ROC=+0.781 | Mean4-CGM=152.2 | Err=+48.9 | InsLock=1 | Action=15/16 | rsci_RL=93.33 | InsRate=560.00 pmol/min | Delayed_Reward=-0.01 | Cum_Reward=1.77
Sim Day 000, Time 13:15		
t=435 min | Steps=30 | CGM=180.8 | ROC=+1.060 | Mean4-CGM=170.8 | Err=+70.8 | InsLock=1 | Action=15/16 | rsci_RL=93.33 | InsRate=560.00 pmol/min | Delayed_Reward=-0.02 | Cum_Reward=1.75
Sim Day 000, Time 13:30		
t=450 min | Steps=31 | CGM=177.4 | ROC=-1.421 | Mean4-CGM=182.0 | Err=+67.4 | InsLock=1 | Action=15/16 | rsci_RL=93.33 | InsRate=560.00 pmol/min | Delayed_Reward=0.02 | Cum_Reward=1.78
Sim Day 000, Time 13:45		
t=465 min | Steps=32 | CGM=159.6 | ROC=-1.983 | Mean4-CGM=171.1 | Err=+49.6 | InsLock=1 | Action=7/16 | rsci_RL=40.00 | InsRate=240.00 pmol/min | Delayed_Reward=0.03 | Cum_Reward=1.81
Sim Day 000, Time 14:00		
t=480 min | Steps=33 | CGM=134.3 | ROC=-1.667 | Mean4-CGM=147.6 | Err=+24.3 | InsLock=1 | Action=3/16 | rsci_RL=13.33 | InsRate=80.00 pmol/min | Delayed_Reward=0.03 | Cum_Reward=1.84
Sim Day 000, Time 14:15		
t=495 min | Steps=34 | CGM=113.3 | ROC=-0.947 | Mean4-CGM=123.4 | Err=+3.3 | InsLock=0 | Action=1/16 | rsci_RL=0.00 | InsRate=0.00 pmol/min | Delayed_Reward=0.09 | Cum_Reward=1.93
Sim Day 000, Time 14:30		
t=510 min | Steps=35 | CGM=98.0 | ROC=-1.630 | Mean4-CGM=106.3 | Err=-12.0 | InsLock=0 | Action=1/16 | rsci_RL=0.00 | InsRate=0.00 pmol/min | Delayed_Reward=-0.09 | Cum_Reward=1.84
Sim Day 000, Time 14:45		
t=525 min | Steps=36 | CGM=91.1 | ROC=-0.181 | Mean4-CGM=93.4 | Err=-18.9 | InsLock=0 | Action=1/16 | rsci_RL=0.00 | InsRate=0.00 pmol/min | Delayed_Reward=-0.08 | Cum_Reward=1.76
Sim Day 000, Time 15:00		
t=540 min | Steps=37 | CGM=90.9 | ROC=-0.215 | Mean4-CGM=90.9 | Err=-19.1 | InsLock=0 | Action=1/16 | rsci_RL=0.00 | InsRate=0.00 pmol/min | Delayed_Reward=-0.08 | Cum_Reward=1.68
Sim Day 000, Time 15:15		
t=555 min | Steps=38 | CGM=94.3 | ROC=+0.904 | Mean4-CGM=91.0 | Err=-15.7 | InsLock=0 | Action=1/16 | rsci_RL=0.00 | InsRate=0.00 pmol/min | Delayed_Reward=-0.02 | Cum_Reward=1.67
Sim Day 000, Time 15:30		
t=570 min | Steps=39 | CGM=98.2 | ROC=+0.528 | Mean4-CGM=96.2 | Err=-11.8 | InsLock=0 | Action=1/16 | rsci_RL=0.00 | InsRate=0.00 pmol/min | Delayed_Reward=-0.04 | Cum_Reward=1.63
Sim Day 000, Time 15:45		
t=585 min | Steps=40 | CGM=102.4 | ROC=+0.443 | Mean4-CGM=99.8 | Err=-7.6 | InsLock=0 | Action=1/16 | rsci_RL=0.00 | InsRate=0.00 pmol/min | Delayed_Reward=-0.04 | Cum_Reward=1.58
Sim Day 000, Time 16:00		
t=600 min | Steps=41 | CGM=109.2 | ROC=-0.074 | Mean4-CGM=106.1 | Err=-0.8 | InsLock=0 | Action=1/16 | rsci_RL=0.00 | InsRate=0.00 pmol/min | Delayed_Reward=-0.00 | Cum_Reward=1.58
Sim Day 000, Time 16:15		
t=615 min | Steps=42 | CGM=122.7 | ROC=+0.676 | Mean4-CGM=116.3 | Err=+12.7 | InsLock=0 | Action=1/16 | rsci_RL=0.00 | InsRate=0.00 pmol/min | Delayed_Reward=0.09 | Cum_Reward=1.67
Sim Day 000, Time 16:30		
t=630 min | Steps=43 | CGM=130.2 | ROC=+0.242 | Mean4-CGM=126.6 | Err=+20.2 | InsLock=1 | Action=6/16 | rsci_RL=33.33 | InsRate=200.00 pmol/min | Delayed_Reward=0.09 | Cum_Reward=1.75
Sim Day 000, Time 16:45		
t=645 min | Steps=44 | CGM=138.7 | ROC=+0.531 | Mean4-CGM=134.7 | Err=+28.7 | InsLock=1 | Action=2/16 | rsci_RL=6.67 | InsRate=40.00 pmol/min | Delayed_Reward=0.09 | Cum_Reward=1.84
Sim Day 000, Time 17:00		
t=660 min | Steps=45 | CGM=146.7 | ROC=+0.785 | Mean4-CGM=142.0 | Err=+36.7 | InsLock=1 | Action=16/16 | rsci_RL=100.00 | InsRate=600.00 pmol/min | Delayed_Reward=-0.01 | Cum_Reward=1.83
Sim Day 000, Time 17:15		
t=675 min | Steps=46 | CGM=143.8 | ROC=-0.123 | Mean4-CGM=144.2 | Err=+33.8 | InsLock=1 | Action=3/16 | rsci_RL=13.33 | InsRate=80.00 pmol/min | Delayed_Reward=0.00 | Cum_Reward=1.83
Sim Day 000, Time 17:30		
t=690 min | Steps=47 | CGM=134.6 | ROC=-0.451 | Mean4-CGM=139.0 | Err=+24.6 | InsLock=1 | Action=3/16 | rsci_RL=13.33 | InsRate=80.00 pmol/min | Delayed_Reward=0.09 | Cum_Reward=1.92
Sim Day 000, Time 17:45		
t=705 min | Steps=48 | CGM=113.9 | ROC=-1.664 | Mean4-CGM=124.4 | Err=+3.9 | InsLock=0 | Action=1/16 | rsci_RL=0.00 | InsRate=0.00 pmol/min | Delayed_Reward=0.09 | Cum_Reward=2.00
Sim Day 000, Time 18:00		
t=720 min | Steps=49 | CGM=105.5 | ROC=-1.629 | Mean4-CGM=111.4 | Err=-4.5 | InsLock=0 | Action=1/16 | rsci_RL=0.00 | InsRate=0.00 pmol/min | Delayed_Reward=0.09 | Cum_Reward=2.09
Sim Day 000, Time 18:15		
t=735 min | Steps=50 | CGM=101.1 | ROC=+0.400 | Mean4-CGM=101.6 | Err=-8.9 | InsLock=0 | Action=1/16 | rsci_RL=0.00 | InsRate=0.00 pmol/min | Delayed_Reward=0.02 | Cum_Reward=2.11
Sim Day 000, Time 18:30		
t=750 min | Steps=51 | CGM=97.6 | ROC=+0.821 | Mean4-CGM=97.4 | Err=-12.4 | InsLock=0 | Action=1/16 | rsci_RL=0.00 | InsRate=0.00 pmol/min | Delayed_Reward=-0.02 | Cum_Reward=2.09
Sim Day 000, Time 18:45		
t=765 min | Steps=52 | CGM=94.5 | ROC=-0.000 | Mean4-CGM=94.6 | Err=-15.5 | InsLock=0 | Action=1/16 | rsci_RL=0.00 | InsRate=0.00 pmol/min | Delayed_Reward=-0.07 | Cum_Reward=2.02
Sim Day 000, Time 19:00		
t=780 min | Steps=53 | CGM=102.1 | ROC=+1.200 | Mean4-CGM=97.3 | Err=-7.9 | InsLock=0 | Action=1/16 | rsci_RL=0.00 | InsRate=0.00 pmol/min | Delayed_Reward=-0.00 | Cum_Reward=2.02
Sim Day 000, Time 19:15		
t=795 min | Steps=54 | CGM=100.3 | ROC=+0.572 | Mean4-CGM=99.0 | Err=-9.7 | InsLock=0 | Action=1/16 | rsci_RL=0.00 | InsRate=0.00 pmol/min | Delayed_Reward=-0.04 | Cum_Reward=1.98
Sim Day 000, Time 19:30		
t=810 min | Steps=55 | CGM=105.2 | ROC=+0.233 | Mean4-CGM=102.0 | Err=-4.8 | InsLock=0 | Action=1/16 | rsci_RL=0.00 | InsRate=0.00 pmol/min | Delayed_Reward=0.01 | Cum_Reward=1.99
Sim Day 000, Time 19:45		
t=825 min | Steps=56 | CGM=107.0 | ROC=-0.577 | Mean4-CGM=107.2 | Err=-3.0 | InsLock=0 | Action=1/16 | rsci_RL=0.00 | InsRate=0.00 pmol/min | Delayed_Reward=-0.03 | Cum_Reward=1.96
Sim Day 000, Time 20:00		
t=840 min | Steps=57 | CGM=116.0 | ROC=+1.186 | Mean4-CGM=110.0 | Err=+6.0 | InsLock=0 | Action=1/16 | rsci_RL=0.00 | InsRate=0.00 pmol/min | Delayed_Reward=0.09 | Cum_Reward=2.05
Sim Day 000, Time 20:15		
t=855 min | Steps=58 | CGM=130.6 | ROC=+0.781 | Mean4-CGM=123.2 | Err=+20.6 | InsLock=1 | Action=6/16 | rsci_RL=33.33 | InsRate=200.00 pmol/min | Delayed_Reward=0.09 | Cum_Reward=2.14
Sim Day 000, Time 20:30		
t=870 min | Steps=59 | CGM=154.0 | ROC=+1.444 | Mean4-CGM=142.9 | Err=+44.0 | InsLock=1 | Action=16/16 | rsci_RL=100.00 | InsRate=600.00 pmol/min | Delayed_Reward=-0.02 | Cum_Reward=2.11
Sim Day 000, Time 20:45		
t=885 min | Steps=60 | CGM=167.5 | ROC=+0.800 | Mean4-CGM=160.9 | Err=+57.5 | InsLock=1 | Action=15/16 | rsci_RL=93.33 | InsRate=560.00 pmol/min | Delayed_Reward=-0.01 | Cum_Reward=2.10
Sim Day 000, Time 21:00		
t=900 min | Steps=61 | CGM=162.0 | ROC=-0.671 | Mean4-CGM=166.1 | Err=+52.0 | InsLock=1 | Action=15/16 | rsci_RL=93.33 | InsRate=560.00 pmol/min | Delayed_Reward=0.01 | Cum_Reward=2.11
Sim Day 000, Time 21:15		
t=915 min | Steps=62 | CGM=140.7 | ROC=-1.510 | Mean4-CGM=152.5 | Err=+30.7 | InsLock=1 | Action=3/16 | rsci_RL=13.33 | InsRate=80.00 pmol/min | Delayed_Reward=0.03 | Cum_Reward=2.14
Sim Day 000, Time 21:30		
t=930 min | Steps=63 | CGM=115.3 | ROC=-1.979 | Mean4-CGM=128.4 | Err=+5.3 | InsLock=0 | Action=1/16 | rsci_RL=0.00 | InsRate=0.00 pmol/min | Delayed_Reward=0.09 | Cum_Reward=2.22
Sim Day 000, Time 21:45		
t=945 min | Steps=64 | CGM=98.1 | ROC=-1.791 | Mean4-CGM=107.6 | Err=-11.9 | InsLock=0 | Action=1/16 | rsci_RL=0.00 | InsRate=0.00 pmol/min | Delayed_Reward=-0.10 | Cum_Reward=2.13
Sim Day 000, Time 22:00		
t=960 min | Steps=65 | CGM=89.3 | ROC=-0.839 | Mean4-CGM=94.7 | Err=-20.7 | InsLock=0 | Action=1/16 | rsci_RL=0.00 | InsRate=0.00 pmol/min | Delayed_Reward=-0.11 | Cum_Reward=2.02
Sim Day 000, Time 22:15		
t=975 min | Steps=66 | CGM=80.7 | ROC=-1.004 | Mean4-CGM=85.9 | Err=-29.3 | InsLock=0 | Action=1/16 | rsci_RL=0.00 | InsRate=0.00 pmol/min | Delayed_Reward=-0.12 | Cum_Reward=1.90
Sim Day 000, Time 22:30		
t=990 min | Steps=67 | CGM=80.1 | ROC=+0.496 | Mean4-CGM=79.6 | Err=-29.9 | InsLock=0 | Action=1/16 | rsci_RL=0.00 | InsRate=0.00 pmol/min | Delayed_Reward=-0.04 | Cum_Reward=1.86
Sim Day 000, Time 22:45		
t=1005 min | Steps=68 | CGM=77.8 | ROC=-0.764 | Mean4-CGM=79.6 | Err=-32.2 | InsLock=0 | Action=1/16 | rsci_RL=0.00 | InsRate=0.00 pmol/min | Delayed_Reward=-0.11 | Cum_Reward=1.75
Sim Day 000, Time 23:00		
t=1020 min | Steps=69 | CGM=82.7 | ROC=+0.603 | Mean4-CGM=80.3 | Err=-27.3 | InsLock=0 | Action=1/16 | rsci_RL=0.00 | InsRate=0.00 pmol/min | Delayed_Reward=-0.03 | Cum_Reward=1.71
Sim Day 000, Time 23:15		
t=1035 min | Steps=70 | CGM=87.8 | ROC=+0.874 | Mean4-CGM=84.1 | Err=-22.2 | InsLock=0 | Action=1/16 | rsci_RL=0.00 | InsRate=0.00 pmol/min | Delayed_Reward=-0.02 | Cum_Reward=1.69
Sim Day 000, Time 23:30		
t=1050 min | Steps=71 | CGM=99.3 | ROC=+1.157 | Mean4-CGM=92.6 | Err=-10.7 | InsLock=0 | Action=1/16 | rsci_RL=0.00 | InsRate=0.00 pmol/min | Delayed_Reward=-0.00 | Cum_Reward=1.69
Sim Day 000, Time 23:45		
t=1065 min | Steps=72 | CGM=103.7 | ROC=+0.273 | Mean4-CGM=100.3 | Err=-6.3 | InsLock=0 | Action=1/16 | rsci_RL=0.00 | InsRate=0.00 pmol/min | Delayed_Reward=0.01 | Cum_Reward=1.70
Sim Day 000, Time 00:00		
t=1080 min | Steps=73 | CGM=111.6 | ROC=-0.296 | Mean4-CGM=109.1 | Err=+1.6 | InsLock=0 | Action=1/16 | rsci_RL=0.00 | InsRate=0.00 pmol/min | Delayed_Reward=-0.02 | Cum_Reward=1.69
Sim Day 000, Time 00:15		
t=1095 min | Steps=74 | CGM=118.9 | ROC=+1.169 | Mean4-CGM=114.4 | Err=+8.9 | InsLock=0 | Action=1/16 | rsci_RL=0.00 | InsRate=0.00 pmol/min | Delayed_Reward=0.09 | Cum_Reward=1.77
Sim Day 000, Time 00:30		
t=1110 min | Steps=75 | CGM=121.7 | ROC=-0.281 | Mean4-CGM=121.2 | Err=+11.7 | InsLock=0 | Action=1/16 | rsci_RL=0.00 | InsRate=0.00 pmol/min | Delayed_Reward=0.09 | Cum_Reward=1.86
Sim Day 000, Time 00:45		
t=1125 min | Steps=76 | CGM=132.4 | ROC=+0.954 | Mean4-CGM=126.2 | Err=+22.4 | InsLock=1 | Action=6/16 | rsci_RL=33.33 | InsRate=200.00 pmol/min | Delayed_Reward=0.09 | Cum_Reward=1.95
Sim Day 000, Time 01:00		
t=1140 min | Steps=77 | CGM=134.2 | ROC=-0.461 | Mean4-CGM=134.5 | Err=+24.2 | InsLock=1 | Action=2/16 | rsci_RL=6.67 | InsRate=40.00 pmol/min | Delayed_Reward=0.09 | Cum_Reward=2.03
Sim Day 000, Time 01:15		
t=1155 min | Steps=78 | CGM=136.8 | ROC=+0.466 | Mean4-CGM=134.8 | Err=+26.8 | InsLock=1 | Action=3/16 | rsci_RL=13.33 | InsRate=80.00 pmol/min | Delayed_Reward=0.09 | Cum_Reward=2.12
Sim Day 000, Time 01:30		
t=1170 min | Steps=79 | CGM=138.6 | ROC=+0.615 | Mean4-CGM=136.5 | Err=+28.6 | InsLock=1 | Action=6/16 | rsci_RL=33.33 | InsRate=200.00 pmol/min | Delayed_Reward=0.09 | Cum_Reward=2.21
Sim Day 000, Time 01:45		
t=1185 min | Steps=80 | CGM=139.2 | ROC=+1.228 | Mean4-CGM=136.9 | Err=+29.2 | InsLock=1 | Action=15/16 | rsci_RL=93.33 | InsRate=560.00 pmol/min | Delayed_Reward=0.09 | Cum_Reward=2.29
Sim Day 000, Time 02:00		
t=1200 min | Steps=81 | CGM=132.0 | ROC=-0.701 | Mean4-CGM=136.2 | Err=+22.0 | InsLock=1 | Action=3/16 | rsci_RL=13.33 | InsRate=80.00 pmol/min | Delayed_Reward=0.09 | Cum_Reward=2.38
Sim Day 000, Time 02:15		
t=1215 min | Steps=82 | CGM=120.7 | ROC=-1.486 | Mean4-CGM=129.0 | Err=+10.7 | InsLock=0 | Action=1/16 | rsci_RL=0.00 | InsRate=0.00 pmol/min | Delayed_Reward=0.09 | Cum_Reward=2.47
Sim Day 000, Time 02:30		
t=1230 min | Steps=83 | CGM=109.6 | ROC=-0.716 | Mean4-CGM=115.7 | Err=-0.4 | InsLock=0 | Action=1/16 | rsci_RL=0.00 | InsRate=0.00 pmol/min | Delayed_Reward=0.09 | Cum_Reward=2.55
Sim Day 000, Time 02:45		
t=1245 min | Steps=84 | CGM=103.2 | ROC=+0.064 | Mean4-CGM=106.2 | Err=-6.8 | InsLock=0 | Action=1/16 | rsci_RL=0.00 | InsRate=0.00 pmol/min | Delayed_Reward=0.00 | Cum_Reward=2.56
Sim Day 000, Time 03:00		
t=1260 min | Steps=85 | CGM=101.2 | ROC=-0.587 | Mean4-CGM=103.0 | Err=-8.8 | InsLock=0 | Action=1/16 | rsci_RL=0.00 | InsRate=0.00 pmol/min | Delayed_Reward=-0.03 | Cum_Reward=2.53
Sim Day 000, Time 03:15		
t=1275 min | Steps=86 | CGM=103.2 | ROC=-0.369 | Mean4-CGM=102.4 | Err=-6.8 | InsLock=0 | Action=1/16 | rsci_RL=0.00 | InsRate=0.00 pmol/min | Delayed_Reward=-0.02 | Cum_Reward=2.51
Sim Day 000, Time 03:30		
t=1290 min | Steps=87 | CGM=107.0 | ROC=+0.402 | Mean4-CGM=104.5 | Err=-3.0 | InsLock=0 | Action=1/16 | rsci_RL=0.00 | InsRate=0.00 pmol/min | Delayed_Reward=0.02 | Cum_Reward=2.53
Sim Day 000, Time 03:45		
t=1305 min | Steps=88 | CGM=111.9 | ROC=+0.594 | Mean4-CGM=108.8 | Err=+1.9 | InsLock=0 | Action=1/16 | rsci_RL=0.00 | InsRate=0.00 pmol/min | Delayed_Reward=0.03 | Cum_Reward=2.56
Sim Day 000, Time 04:00		
t=1320 min | Steps=89 | CGM=114.1 | ROC=+0.644 | Mean4-CGM=112.7 | Err=+4.1 | InsLock=0 | Action=1/16 | rsci_RL=0.00 | InsRate=0.00 pmol/min | Delayed_Reward=0.09 | Cum_Reward=2.65
Sim Day 000, Time 04:15		
t=1335 min | Steps=90 | CGM=117.5 | ROC=+0.132 | Mean4-CGM=116.5 | Err=+7.5 | InsLock=0 | Action=1/16 | rsci_RL=0.00 | InsRate=0.00 pmol/min | Delayed_Reward=0.09 | Cum_Reward=2.73
Sim Day 000, Time 04:30		
t=1350 min | Steps=91 | CGM=123.9 | ROC=+0.820 | Mean4-CGM=120.0 | Err=+13.9 | InsLock=0 | Action=1/16 | rsci_RL=0.00 | InsRate=0.00 pmol/min | Delayed_Reward=0.09 | Cum_Reward=2.82
Sim Day 000, Time 04:45		
t=1365 min | Steps=92 | CGM=127.0 | ROC=+0.974 | Mean4-CGM=125.2 | Err=+17.0 | InsLock=1 | Action=6/16 | rsci_RL=33.33 | InsRate=200.00 pmol/min | Delayed_Reward=0.09 | Cum_Reward=2.91
Sim Day 000, Time 05:00		
t=1380 min | Steps=93 | CGM=130.6 | ROC=-0.018 | Mean4-CGM=129.0 | Err=+20.6 | InsLock=1 | Action=2/16 | rsci_RL=6.67 | InsRate=40.00 pmol/min | Delayed_Reward=0.09 | Cum_Reward=2.99
Sim Day 000, Time 05:15		
t=1395 min | Steps=94 | CGM=135.0 | ROC=+0.913 | Mean4-CGM=131.5 | Err=+25.0 | InsLock=1 | Action=3/16 | rsci_RL=13.33 | InsRate=80.00 pmol/min | Delayed_Reward=0.09 | Cum_Reward=3.08
Sim Day 000, Time 05:30		
t=1410 min | Steps=95 | CGM=135.1 | ROC=+0.807 | Mean4-CGM=134.3 | Err=+25.1 | InsLock=1 | Action=3/16 | rsci_RL=13.33 | InsRate=80.00 pmol/min | Delayed_Reward=0.09 | Cum_Reward=3.17
Sim Day 000, Time 05:45		
t=1425 min | Steps=96 | CGM=135.7 | ROC=-0.394 | Mean4-CGM=135.3 | Err=+25.7 | InsLock=1 | Action=3/16 | rsci_RL=13.33 | InsRate=80.00 pmol/min | Delayed_Reward=0.09 | Cum_Reward=3.25
Sim Day 001, Time 06:00		
t=1440 min | Steps=97 | CGM=136.9 | ROC=-0.628 | Mean4-CGM=137.6 | Err=+26.9 | InsLock=1 | Action=3/16 | rsci_RL=13.33 | InsRate=80.00 pmol/min | Delayed_Reward=0.09 | Cum_Reward=3.34

24h-RESUME | subject=adult#003 | Total_Steps=97 |  Total_Reward=3.34 |  Average_Reward=0.034
