Sim Day 000, Time 06:00		
rlController INIT | subject=adult#002 | pop=Type1 Adult | Gb=123.4 | dailyBasal=32.37U | convFactor=6.00 | cgm_t0=122.5 mg/dL
t=0  min | Steps=1 | CGM=122.5 | ROC=+0.000 | Mean4-CGM=122.5 | Err=+12.5 | InsLock=0 | Action=1/16 | rsci_RL=0.00 | InsRate=0.00 pmol/min | 
Sim Day 000, Time 06:15		
t=15 min | Steps=2 | CGM=125.8 | ROC=+0.412 | Mean4-CGM=123.6 | Err=+15.8 | InsLock=1 | Action=6/16 | rsci_RL=33.33 | InsRate=200.00 pmol/min | Delayed_Reward=0.09 | Cum_Reward=0.09
Sim Day 000, Time 06:30		
t=30 min | Steps=3 | CGM=129.1 | ROC=+0.620 | Mean4-CGM=126.5 | Err=+19.1 | InsLock=1 | Action=2/16 | rsci_RL=6.67 | InsRate=40.00 pmol/min | Delayed_Reward=0.09 | Cum_Reward=0.17
Sim Day 000, Time 06:45		
t=45 min | Steps=4 | CGM=132.4 | ROC=+0.071 | Mean4-CGM=130.6 | Err=+22.4 | InsLock=1 | Action=1/16 | rsci_RL=0.00 | InsRate=0.00 pmol/min | Delayed_Reward=0.09 | Cum_Reward=0.26
Sim Day 000, Time 07:00		
t=60 min | Steps=5 | CGM=133.4 | ROC=+0.490 | Mean4-CGM=132.7 | Err=+23.4 | InsLock=1 | Action=3/16 | rsci_RL=13.33 | InsRate=80.00 pmol/min | Delayed_Reward=0.09 | Cum_Reward=0.35
Sim Day 000, Time 07:15		
t=75 min | Steps=6 | CGM=149.9 | ROC=+2.223 | Mean4-CGM=140.3 | Err=+39.9 | InsLock=1 | Action=15/16 | rsci_RL=93.33 | InsRate=560.00 pmol/min | Delayed_Reward=-0.04 | Cum_Reward=0.31
Sim Day 000, Time 07:30		
t=90 min | Steps=7 | CGM=178.4 | ROC=+2.307 | Mean4-CGM=163.7 | Err=+68.4 | InsLock=1 | Action=15/16 | rsci_RL=93.33 | InsRate=560.00 pmol/min | Delayed_Reward=-0.04 | Cum_Reward=0.27
Sim Day 000, Time 07:45		
t=105 min | Steps=8 | CGM=184.9 | ROC=+0.138 | Mean4-CGM=181.1 | Err=+74.9 | InsLock=1 | Action=15/16 | rsci_RL=93.33 | InsRate=560.00 pmol/min | Delayed_Reward=-0.00 | Cum_Reward=0.27
Sim Day 000, Time 08:00		
t=120 min | Steps=9 | CGM=166.8 | ROC=-1.806 | Mean4-CGM=176.7 | Err=+56.8 | InsLock=1 | Action=15/16 | rsci_RL=93.33 | InsRate=560.00 pmol/min | Delayed_Reward=0.03 | Cum_Reward=0.30
Sim Day 000, Time 08:15		
t=135 min | Steps=10 | CGM=149.4 | ROC=-1.450 | Mean4-CGM=159.8 | Err=+39.4 | InsLock=1 | Action=7/16 | rsci_RL=40.00 | InsRate=240.00 pmol/min | Delayed_Reward=0.02 | Cum_Reward=0.32
Sim Day 000, Time 08:30		
t=150 min | Steps=11 | CGM=125.0 | ROC=-2.323 | Mean4-CGM=137.7 | Err=+15.0 | InsLock=1 | Action=1/16 | rsci_RL=0.00 | InsRate=0.00 pmol/min | Delayed_Reward=0.09 | Cum_Reward=0.41
Sim Day 000, Time 08:45		
t=165 min | Steps=12 | CGM=109.6 | ROC=-1.481 | Mean4-CGM=118.2 | Err=-0.4 | InsLock=0 | Action=1/16 | rsci_RL=0.00 | InsRate=0.00 pmol/min | Delayed_Reward=0.09 | Cum_Reward=0.50
Sim Day 000, Time 09:00		
t=180 min | Steps=13 | CGM=101.6 | ROC=-0.884 | Mean4-CGM=105.2 | Err=-8.4 | InsLock=0 | Action=1/16 | rsci_RL=0.00 | InsRate=0.00 pmol/min | Delayed_Reward=-0.05 | Cum_Reward=0.45
Sim Day 000, Time 09:15		
t=195 min | Steps=14 | CGM=98.9 | ROC=+0.208 | Mean4-CGM=99.2 | Err=-11.1 | InsLock=0 | Action=1/16 | rsci_RL=0.00 | InsRate=0.00 pmol/min | Delayed_Reward=-0.06 | Cum_Reward=0.39
Sim Day 000, Time 09:30		
t=210 min | Steps=15 | CGM=101.2 | ROC=+0.512 | Mean4-CGM=99.0 | Err=-8.8 | InsLock=0 | Action=1/16 | rsci_RL=0.00 | InsRate=0.00 pmol/min | Delayed_Reward=-0.04 | Cum_Reward=0.35
Sim Day 000, Time 09:45		
t=225 min | Steps=16 | CGM=106.3 | ROC=+0.461 | Mean4-CGM=102.6 | Err=-3.7 | InsLock=0 | Action=1/16 | rsci_RL=0.00 | InsRate=0.00 pmol/min | Delayed_Reward=0.02 | Cum_Reward=0.38
Sim Day 000, Time 10:00		
t=240 min | Steps=17 | CGM=111.1 | ROC=+0.170 | Mean4-CGM=108.9 | Err=+1.1 | InsLock=0 | Action=1/16 | rsci_RL=0.00 | InsRate=0.00 pmol/min | Delayed_Reward=0.01 | Cum_Reward=0.39
Sim Day 000, Time 10:15		
t=255 min | Steps=18 | CGM=114.4 | ROC=+0.431 | Mean4-CGM=113.1 | Err=+4.4 | InsLock=0 | Action=1/16 | rsci_RL=0.00 | InsRate=0.00 pmol/min | Delayed_Reward=0.09 | Cum_Reward=0.47
Sim Day 000, Time 10:30		
t=270 min | Steps=19 | CGM=117.6 | ROC=+0.297 | Mean4-CGM=115.5 | Err=+7.6 | InsLock=0 | Action=1/16 | rsci_RL=0.00 | InsRate=0.00 pmol/min | Delayed_Reward=0.09 | Cum_Reward=0.56
Sim Day 000, Time 10:45		
t=285 min | Steps=20 | CGM=120.4 | ROC=+0.275 | Mean4-CGM=118.9 | Err=+10.4 | InsLock=0 | Action=1/16 | rsci_RL=0.00 | InsRate=0.00 pmol/min | Delayed_Reward=0.09 | Cum_Reward=0.65
Sim Day 000, Time 11:00		
t=300 min | Steps=21 | CGM=119.3 | ROC=-0.149 | Mean4-CGM=120.3 | Err=+9.3 | InsLock=0 | Action=1/16 | rsci_RL=0.00 | InsRate=0.00 pmol/min | Delayed_Reward=0.09 | Cum_Reward=0.73
Sim Day 000, Time 11:15		
t=315 min | Steps=22 | CGM=121.9 | ROC=-0.011 | Mean4-CGM=121.5 | Err=+11.9 | InsLock=0 | Action=1/16 | rsci_RL=0.00 | InsRate=0.00 pmol/min | Delayed_Reward=0.09 | Cum_Reward=0.82
Sim Day 000, Time 11:30		
t=330 min | Steps=23 | CGM=122.1 | ROC=+0.014 | Mean4-CGM=121.8 | Err=+12.1 | InsLock=0 | Action=1/16 | rsci_RL=0.00 | InsRate=0.00 pmol/min | Delayed_Reward=0.09 | Cum_Reward=0.91
Sim Day 000, Time 11:45		
t=345 min | Steps=24 | CGM=128.3 | ROC=+0.277 | Mean4-CGM=126.0 | Err=+18.3 | InsLock=1 | Action=6/16 | rsci_RL=33.33 | InsRate=200.00 pmol/min | Delayed_Reward=0.09 | Cum_Reward=0.99
Sim Day 000, Time 12:00		
t=360 min | Steps=25 | CGM=126.2 | ROC=-1.022 | Mean4-CGM=128.0 | Err=+16.2 | InsLock=1 | Action=1/16 | rsci_RL=0.00 | InsRate=0.00 pmol/min | Delayed_Reward=0.09 | Cum_Reward=1.08
Sim Day 000, Time 12:15		
t=375 min | Steps=26 | CGM=130.6 | ROC=-0.401 | Mean4-CGM=129.8 | Err=+20.6 | InsLock=1 | Action=3/16 | rsci_RL=13.33 | InsRate=80.00 pmol/min | Delayed_Reward=0.09 | Cum_Reward=1.17
Sim Day 000, Time 12:30		
t=390 min | Steps=27 | CGM=131.8 | ROC=+0.101 | Mean4-CGM=131.2 | Err=+21.8 | InsLock=1 | Action=3/16 | rsci_RL=13.33 | InsRate=80.00 pmol/min | Delayed_Reward=0.09 | Cum_Reward=1.25
Sim Day 000, Time 12:45		
t=405 min | Steps=28 | CGM=169.7 | ROC=+2.845 | Mean4-CGM=150.4 | Err=+59.7 | InsLock=1 | Action=16/16 | rsci_RL=100.00 | InsRate=600.00 pmol/min | Delayed_Reward=-0.05 | Cum_Reward=1.21
Sim Day 000, Time 13:00		
t=420 min | Steps=29 | CGM=200.9 | ROC=+0.959 | Mean4-CGM=187.9 | Err=+90.9 | InsLock=1 | Action=15/16 | rsci_RL=93.33 | InsRate=560.00 pmol/min | Delayed_Reward=-0.02 | Cum_Reward=1.19
Sim Day 000, Time 13:15		
t=435 min | Steps=30 | CGM=196.3 | ROC=-1.410 | Mean4-CGM=201.5 | Err=+86.3 | InsLock=1 | Action=15/16 | rsci_RL=93.33 | InsRate=560.00 pmol/min | Delayed_Reward=0.02 | Cum_Reward=1.21
Sim Day 000, Time 13:30		
t=450 min | Steps=31 | CGM=157.3 | ROC=-3.489 | Mean4-CGM=179.0 | Err=+47.3 | InsLock=1 | Action=7/16 | rsci_RL=40.00 | InsRate=240.00 pmol/min | Delayed_Reward=0.06 | Cum_Reward=1.27
Sim Day 000, Time 13:45		
t=465 min | Steps=32 | CGM=122.1 | ROC=-2.683 | Mean4-CGM=141.2 | Err=+12.1 | InsLock=0 | Action=1/16 | rsci_RL=0.00 | InsRate=0.00 pmol/min | Delayed_Reward=0.04 | Cum_Reward=1.32
Sim Day 000, Time 14:00		
t=480 min | Steps=33 | CGM=95.1 | ROC=-1.595 | Mean4-CGM=108.8 | Err=-14.9 | InsLock=0 | Action=1/16 | rsci_RL=0.00 | InsRate=0.00 pmol/min | Delayed_Reward=-0.09 | Cum_Reward=1.23
Sim Day 000, Time 14:15		
t=495 min | Steps=34 | CGM=77.5 | ROC=-0.675 | Mean4-CGM=85.8 | Err=-32.5 | InsLock=0 | Action=1/16 | rsci_RL=0.00 | InsRate=0.00 pmol/min | Delayed_Reward=-0.10 | Cum_Reward=1.13
Sim Day 000, Time 14:30		
t=510 min | Steps=35 | CGM=67.5 | ROC=-1.235 | Mean4-CGM=73.0 | Err=-42.5 | InsLock=0 | Action=1/16 | rsci_RL=0.00 | InsRate=0.00 pmol/min | Delayed_Reward=-0.13 | Cum_Reward=1.00
Sim Day 000, Time 14:45		
t=525 min | Steps=36 | CGM=68.0 | ROC=+0.370 | Mean4-CGM=66.5 | Err=-42.0 | InsLock=0 | Action=1/16 | rsci_RL=0.00 | InsRate=0.00 pmol/min | Delayed_Reward=-0.05 | Cum_Reward=0.95
Sim Day 000, Time 15:00		
t=540 min | Steps=37 | CGM=77.7 | ROC=+0.492 | Mean4-CGM=72.6 | Err=-32.3 | InsLock=0 | Action=1/16 | rsci_RL=0.00 | InsRate=0.00 pmol/min | Delayed_Reward=-0.04 | Cum_Reward=0.91
Sim Day 000, Time 15:15		
t=555 min | Steps=38 | CGM=90.6 | ROC=+1.450 | Mean4-CGM=82.7 | Err=-19.4 | InsLock=0 | Action=1/16 | rsci_RL=0.00 | InsRate=0.00 pmol/min | Delayed_Reward=0.01 | Cum_Reward=0.92
Sim Day 000, Time 15:30		
t=570 min | Steps=39 | CGM=99.1 | ROC=+0.722 | Mean4-CGM=95.1 | Err=-10.9 | InsLock=0 | Action=1/16 | rsci_RL=0.00 | InsRate=0.00 pmol/min | Delayed_Reward=-0.03 | Cum_Reward=0.89
Sim Day 000, Time 15:45		
t=585 min | Steps=40 | CGM=103.2 | ROC=+0.351 | Mean4-CGM=101.0 | Err=-6.8 | InsLock=0 | Action=1/16 | rsci_RL=0.00 | InsRate=0.00 pmol/min | Delayed_Reward=0.02 | Cum_Reward=0.91
Sim Day 000, Time 16:00		
t=600 min | Steps=41 | CGM=106.7 | ROC=-0.359 | Mean4-CGM=105.4 | Err=-3.3 | InsLock=0 | Action=1/16 | rsci_RL=0.00 | InsRate=0.00 pmol/min | Delayed_Reward=-0.02 | Cum_Reward=0.89
Sim Day 000, Time 16:15		
t=615 min | Steps=42 | CGM=114.7 | ROC=+0.284 | Mean4-CGM=111.1 | Err=+4.7 | InsLock=0 | Action=1/16 | rsci_RL=0.00 | InsRate=0.00 pmol/min | Delayed_Reward=0.09 | Cum_Reward=0.98
Sim Day 000, Time 16:30		
t=630 min | Steps=43 | CGM=116.4 | ROC=-0.137 | Mean4-CGM=115.6 | Err=+6.4 | InsLock=0 | Action=1/16 | rsci_RL=0.00 | InsRate=0.00 pmol/min | Delayed_Reward=0.09 | Cum_Reward=1.07
Sim Day 000, Time 16:45		
t=645 min | Steps=44 | CGM=120.2 | ROC=+0.276 | Mean4-CGM=118.4 | Err=+10.2 | InsLock=0 | Action=1/16 | rsci_RL=0.00 | InsRate=0.00 pmol/min | Delayed_Reward=0.09 | Cum_Reward=1.15
Sim Day 000, Time 17:00		
t=660 min | Steps=45 | CGM=127.2 | ROC=+0.807 | Mean4-CGM=122.8 | Err=+17.2 | InsLock=1 | Action=6/16 | rsci_RL=33.33 | InsRate=200.00 pmol/min | Delayed_Reward=0.09 | Cum_Reward=1.24
Sim Day 000, Time 17:15		
t=675 min | Steps=46 | CGM=127.2 | ROC=+0.208 | Mean4-CGM=125.8 | Err=+17.2 | InsLock=1 | Action=2/16 | rsci_RL=6.67 | InsRate=40.00 pmol/min | Delayed_Reward=0.09 | Cum_Reward=1.33
Sim Day 000, Time 17:30		
t=690 min | Steps=47 | CGM=129.5 | ROC=+0.495 | Mean4-CGM=127.7 | Err=+19.5 | InsLock=1 | Action=3/16 | rsci_RL=13.33 | InsRate=80.00 pmol/min | Delayed_Reward=0.09 | Cum_Reward=1.41
Sim Day 000, Time 17:45		
t=705 min | Steps=48 | CGM=123.4 | ROC=-0.741 | Mean4-CGM=126.7 | Err=+13.4 | InsLock=0 | Action=1/16 | rsci_RL=0.00 | InsRate=0.00 pmol/min | Delayed_Reward=0.09 | Cum_Reward=1.50
Sim Day 000, Time 18:00		
t=720 min | Steps=49 | CGM=126.4 | ROC=-0.959 | Mean4-CGM=126.7 | Err=+16.4 | InsLock=1 | Action=6/16 | rsci_RL=33.33 | InsRate=200.00 pmol/min | Delayed_Reward=0.09 | Cum_Reward=1.59
Sim Day 000, Time 18:15		
t=735 min | Steps=50 | CGM=129.4 | ROC=+0.801 | Mean4-CGM=126.4 | Err=+19.4 | InsLock=1 | Action=2/16 | rsci_RL=6.67 | InsRate=40.00 pmol/min | Delayed_Reward=0.09 | Cum_Reward=1.67
Sim Day 000, Time 18:30		
t=750 min | Steps=51 | CGM=127.4 | ROC=+0.785 | Mean4-CGM=126.8 | Err=+17.4 | InsLock=1 | Action=3/16 | rsci_RL=13.33 | InsRate=80.00 pmol/min | Delayed_Reward=0.09 | Cum_Reward=1.76
Sim Day 000, Time 18:45		
t=765 min | Steps=52 | CGM=122.2 | ROC=-0.166 | Mean4-CGM=123.5 | Err=+12.2 | InsLock=0 | Action=1/16 | rsci_RL=0.00 | InsRate=0.00 pmol/min | Delayed_Reward=0.09 | Cum_Reward=1.85
Sim Day 000, Time 19:00		
t=780 min | Steps=53 | CGM=127.2 | ROC=+1.022 | Mean4-CGM=123.7 | Err=+17.2 | InsLock=1 | Action=6/16 | rsci_RL=33.33 | InsRate=200.00 pmol/min | Delayed_Reward=0.09 | Cum_Reward=1.93
Sim Day 000, Time 19:15		
t=795 min | Steps=54 | CGM=123.6 | ROC=+0.559 | Mean4-CGM=122.9 | Err=+13.6 | InsLock=0 | Action=1/16 | rsci_RL=0.00 | InsRate=0.00 pmol/min | Delayed_Reward=0.09 | Cum_Reward=2.02
Sim Day 000, Time 19:30		
t=810 min | Steps=55 | CGM=144.4 | ROC=+1.790 | Mean4-CGM=132.0 | Err=+34.4 | InsLock=1 | Action=9/16 | rsci_RL=53.33 | InsRate=320.00 pmol/min | Delayed_Reward=0.09 | Cum_Reward=2.11
Sim Day 000, Time 19:45		
t=825 min | Steps=56 | CGM=169.1 | ROC=+0.644 | Mean4-CGM=158.6 | Err=+59.1 | InsLock=1 | Action=16/16 | rsci_RL=100.00 | InsRate=600.00 pmol/min | Delayed_Reward=-0.01 | Cum_Reward=2.09
Sim Day 000, Time 20:00		
t=840 min | Steps=57 | CGM=176.9 | ROC=+0.321 | Mean4-CGM=173.5 | Err=+66.9 | InsLock=1 | Action=15/16 | rsci_RL=93.33 | InsRate=560.00 pmol/min | Delayed_Reward=-0.01 | Cum_Reward=2.09
Sim Day 000, Time 20:15		
t=855 min | Steps=58 | CGM=150.9 | ROC=-2.675 | Mean4-CGM=165.9 | Err=+40.9 | InsLock=1 | Action=3/16 | rsci_RL=13.33 | InsRate=80.00 pmol/min | Delayed_Reward=0.04 | Cum_Reward=2.13
Sim Day 000, Time 20:30		
t=870 min | Steps=59 | CGM=117.1 | ROC=-2.266 | Mean4-CGM=134.4 | Err=+7.1 | InsLock=0 | Action=1/16 | rsci_RL=0.00 | InsRate=0.00 pmol/min | Delayed_Reward=0.09 | Cum_Reward=2.22
Sim Day 000, Time 20:45		
t=885 min | Steps=60 | CGM=89.3 | ROC=-1.334 | Mean4-CGM=101.9 | Err=-20.7 | InsLock=0 | Action=1/16 | rsci_RL=0.00 | InsRate=0.00 pmol/min | Delayed_Reward=-0.07 | Cum_Reward=2.15
Sim Day 000, Time 21:00		
t=900 min | Steps=61 | CGM=73.9 | ROC=-0.625 | Mean4-CGM=81.2 | Err=-36.1 | InsLock=0 | Action=1/16 | rsci_RL=0.00 | InsRate=0.00 pmol/min | Delayed_Reward=-0.10 | Cum_Reward=2.05
Sim Day 000, Time 21:15		
t=915 min | Steps=62 | CGM=68.3 | ROC=-0.088 | Mean4-CGM=71.3 | Err=-41.7 | InsLock=0 | Action=1/16 | rsci_RL=0.00 | InsRate=0.00 pmol/min | Delayed_Reward=-0.07 | Cum_Reward=1.98
Sim Day 000, Time 21:30		
t=930 min | Steps=63 | CGM=69.8 | ROC=-0.096 | Mean4-CGM=69.2 | Err=-40.2 | InsLock=0 | Action=1/16 | rsci_RL=0.00 | InsRate=0.00 pmol/min | Delayed_Reward=-0.07 | Cum_Reward=1.91
Sim Day 000, Time 21:45		
t=945 min | Steps=64 | CGM=79.9 | ROC=-0.028 | Mean4-CGM=75.8 | Err=-30.1 | InsLock=0 | Action=1/16 | rsci_RL=0.00 | InsRate=0.00 pmol/min | Delayed_Reward=-0.07 | Cum_Reward=1.84
Sim Day 000, Time 22:00		
t=960 min | Steps=65 | CGM=94.2 | ROC=+0.565 | Mean4-CGM=88.4 | Err=-15.8 | InsLock=0 | Action=1/16 | rsci_RL=0.00 | InsRate=0.00 pmol/min | Delayed_Reward=-0.04 | Cum_Reward=1.80
Sim Day 000, Time 22:15		
t=975 min | Steps=66 | CGM=101.4 | ROC=-0.128 | Mean4-CGM=99.2 | Err=-8.6 | InsLock=0 | Action=1/16 | rsci_RL=0.00 | InsRate=0.00 pmol/min | Delayed_Reward=-0.07 | Cum_Reward=1.73
Sim Day 000, Time 22:30		
t=990 min | Steps=67 | CGM=109.5 | ROC=+0.947 | Mean4-CGM=105.0 | Err=-0.5 | InsLock=0 | Action=1/16 | rsci_RL=0.00 | InsRate=0.00 pmol/min | Delayed_Reward=0.05 | Cum_Reward=1.78
Sim Day 000, Time 22:45		
t=1005 min | Steps=68 | CGM=110.8 | ROC=-0.623 | Mean4-CGM=111.1 | Err=+0.8 | InsLock=0 | Action=1/16 | rsci_RL=0.00 | InsRate=0.00 pmol/min | Delayed_Reward=0.09 | Cum_Reward=1.87
Sim Day 000, Time 23:00		
t=1020 min | Steps=69 | CGM=115.4 | ROC=+0.512 | Mean4-CGM=113.4 | Err=+5.4 | InsLock=0 | Action=1/16 | rsci_RL=0.00 | InsRate=0.00 pmol/min | Delayed_Reward=0.09 | Cum_Reward=1.95
Sim Day 000, Time 23:15		
t=1035 min | Steps=70 | CGM=117.3 | ROC=+0.600 | Mean4-CGM=115.4 | Err=+7.3 | InsLock=0 | Action=1/16 | rsci_RL=0.00 | InsRate=0.00 pmol/min | Delayed_Reward=0.09 | Cum_Reward=2.04
Sim Day 000, Time 23:30		
t=1050 min | Steps=71 | CGM=123.3 | ROC=+0.756 | Mean4-CGM=119.4 | Err=+13.3 | InsLock=0 | Action=1/16 | rsci_RL=0.00 | InsRate=0.00 pmol/min | Delayed_Reward=0.09 | Cum_Reward=2.13
Sim Day 000, Time 23:45		
t=1065 min | Steps=72 | CGM=121.4 | ROC=-0.143 | Mean4-CGM=121.1 | Err=+11.4 | InsLock=0 | Action=1/16 | rsci_RL=0.00 | InsRate=0.00 pmol/min | Delayed_Reward=0.09 | Cum_Reward=2.21
Sim Day 000, Time 00:00		
t=1080 min | Steps=73 | CGM=123.9 | ROC=-0.627 | Mean4-CGM=124.0 | Err=+13.9 | InsLock=0 | Action=1/16 | rsci_RL=0.00 | InsRate=0.00 pmol/min | Delayed_Reward=0.09 | Cum_Reward=2.30
Sim Day 000, Time 00:15		
t=1095 min | Steps=74 | CGM=127.3 | ROC=+0.949 | Mean4-CGM=124.6 | Err=+17.3 | InsLock=1 | Action=6/16 | rsci_RL=33.33 | InsRate=200.00 pmol/min | Delayed_Reward=0.09 | Cum_Reward=2.39
Sim Day 000, Time 00:30		
t=1110 min | Steps=75 | CGM=127.5 | ROC=-0.462 | Mean4-CGM=128.2 | Err=+17.5 | InsLock=1 | Action=2/16 | rsci_RL=6.67 | InsRate=40.00 pmol/min | Delayed_Reward=0.09 | Cum_Reward=2.47
Sim Day 000, Time 00:45		
t=1125 min | Steps=76 | CGM=132.6 | ROC=+0.499 | Mean4-CGM=129.4 | Err=+22.6 | InsLock=1 | Action=3/16 | rsci_RL=13.33 | InsRate=80.00 pmol/min | Delayed_Reward=0.09 | Cum_Reward=2.56
Sim Day 000, Time 01:00		
t=1140 min | Steps=77 | CGM=128.1 | ROC=-0.815 | Mean4-CGM=131.4 | Err=+18.1 | InsLock=1 | Action=1/16 | rsci_RL=0.00 | InsRate=0.00 pmol/min | Delayed_Reward=0.09 | Cum_Reward=2.65
Sim Day 000, Time 01:15		
t=1155 min | Steps=78 | CGM=128.9 | ROC=+0.447 | Mean4-CGM=127.5 | Err=+18.9 | InsLock=1 | Action=3/16 | rsci_RL=13.33 | InsRate=80.00 pmol/min | Delayed_Reward=0.09 | Cum_Reward=2.73
Sim Day 000, Time 01:30		
t=1170 min | Steps=79 | CGM=131.8 | ROC=+0.707 | Mean4-CGM=129.0 | Err=+21.8 | InsLock=1 | Action=3/16 | rsci_RL=13.33 | InsRate=80.00 pmol/min | Delayed_Reward=0.09 | Cum_Reward=2.82
Sim Day 000, Time 01:45		
t=1185 min | Steps=80 | CGM=134.1 | ROC=+1.362 | Mean4-CGM=130.8 | Err=+24.1 | InsLock=1 | Action=15/16 | rsci_RL=93.33 | InsRate=560.00 pmol/min | Delayed_Reward=0.09 | Cum_Reward=2.91
Sim Day 000, Time 02:00		
t=1200 min | Steps=81 | CGM=129.7 | ROC=-0.536 | Mean4-CGM=132.4 | Err=+19.7 | InsLock=1 | Action=1/16 | rsci_RL=0.00 | InsRate=0.00 pmol/min | Delayed_Reward=0.09 | Cum_Reward=2.99
Sim Day 000, Time 02:15		
t=1215 min | Steps=82 | CGM=117.4 | ROC=-1.636 | Mean4-CGM=126.4 | Err=+7.4 | InsLock=0 | Action=1/16 | rsci_RL=0.00 | InsRate=0.00 pmol/min | Delayed_Reward=0.09 | Cum_Reward=3.08
Sim Day 000, Time 02:30		
t=1230 min | Steps=83 | CGM=105.0 | ROC=-0.733 | Mean4-CGM=111.6 | Err=-5.0 | InsLock=0 | Action=1/16 | rsci_RL=0.00 | InsRate=0.00 pmol/min | Delayed_Reward=0.09 | Cum_Reward=3.17
Sim Day 000, Time 02:45		
t=1245 min | Steps=84 | CGM=100.4 | ROC=+0.232 | Mean4-CGM=102.4 | Err=-9.6 | InsLock=0 | Action=1/16 | rsci_RL=0.00 | InsRate=0.00 pmol/min | Delayed_Reward=0.01 | Cum_Reward=3.18
Sim Day 000, Time 03:00		
t=1260 min | Steps=85 | CGM=101.8 | ROC=-0.334 | Mean4-CGM=101.9 | Err=-8.2 | InsLock=0 | Action=1/16 | rsci_RL=0.00 | InsRate=0.00 pmol/min | Delayed_Reward=-0.02 | Cum_Reward=3.16
Sim Day 000, Time 03:15		
t=1275 min | Steps=86 | CGM=107.6 | ROC=-0.128 | Mean4-CGM=105.0 | Err=-2.4 | InsLock=0 | Action=1/16 | rsci_RL=0.00 | InsRate=0.00 pmol/min | Delayed_Reward=-0.01 | Cum_Reward=3.15
Sim Day 000, Time 03:30		
t=1290 min | Steps=87 | CGM=114.4 | ROC=+0.581 | Mean4-CGM=110.4 | Err=+4.4 | InsLock=0 | Action=1/16 | rsci_RL=0.00 | InsRate=0.00 pmol/min | Delayed_Reward=0.09 | Cum_Reward=3.24
Sim Day 000, Time 03:45		
t=1305 min | Steps=88 | CGM=121.3 | ROC=+0.700 | Mean4-CGM=117.2 | Err=+11.3 | InsLock=0 | Action=1/16 | rsci_RL=0.00 | InsRate=0.00 pmol/min | Delayed_Reward=0.09 | Cum_Reward=3.33
Sim Day 000, Time 04:00		
t=1320 min | Steps=89 | CGM=124.4 | ROC=+0.688 | Mean4-CGM=122.6 | Err=+14.4 | InsLock=0 | Action=1/16 | rsci_RL=0.00 | InsRate=0.00 pmol/min | Delayed_Reward=0.09 | Cum_Reward=3.41
Sim Day 000, Time 04:15		
t=1335 min | Steps=90 | CGM=128.1 | ROC=+0.141 | Mean4-CGM=127.0 | Err=+18.1 | InsLock=1 | Action=6/16 | rsci_RL=33.33 | InsRate=200.00 pmol/min | Delayed_Reward=0.09 | Cum_Reward=3.50
Sim Day 000, Time 04:30		
t=1350 min | Steps=91 | CGM=134.4 | ROC=+0.797 | Mean4-CGM=130.6 | Err=+24.4 | InsLock=1 | Action=2/16 | rsci_RL=6.67 | InsRate=40.00 pmol/min | Delayed_Reward=0.09 | Cum_Reward=3.59
Sim Day 000, Time 04:45		
t=1365 min | Steps=92 | CGM=135.7 | ROC=+0.812 | Mean4-CGM=135.0 | Err=+25.7 | InsLock=1 | Action=3/16 | rsci_RL=13.33 | InsRate=80.00 pmol/min | Delayed_Reward=0.09 | Cum_Reward=3.67
Sim Day 000, Time 05:00		
t=1380 min | Steps=93 | CGM=136.8 | ROC=-0.170 | Mean4-CGM=136.4 | Err=+26.8 | InsLock=1 | Action=3/16 | rsci_RL=13.33 | InsRate=80.00 pmol/min | Delayed_Reward=0.09 | Cum_Reward=3.76
Sim Day 000, Time 05:15		
t=1395 min | Steps=94 | CGM=140.1 | ROC=+0.875 | Mean4-CGM=137.1 | Err=+30.1 | InsLock=1 | Action=9/16 | rsci_RL=53.33 | InsRate=320.00 pmol/min | Delayed_Reward=0.09 | Cum_Reward=3.85
Sim Day 000, Time 05:30		
t=1410 min | Steps=95 | CGM=139.6 | ROC=+0.719 | Mean4-CGM=139.2 | Err=+29.6 | InsLock=1 | Action=15/16 | rsci_RL=93.33 | InsRate=560.00 pmol/min | Delayed_Reward=0.09 | Cum_Reward=3.93
Sim Day 000, Time 05:45		
t=1425 min | Steps=96 | CGM=134.5 | ROC=-0.962 | Mean4-CGM=137.4 | Err=+24.5 | InsLock=1 | Action=3/16 | rsci_RL=13.33 | InsRate=80.00 pmol/min | Delayed_Reward=0.09 | Cum_Reward=4.02
Sim Day 001, Time 06:00		
t=1440 min | Steps=97 | CGM=121.4 | ROC=-1.691 | Mean4-CGM=129.6 | Err=+11.4 | InsLock=0 | Action=1/16 | rsci_RL=0.00 | InsRate=0.00 pmol/min | Delayed_Reward=0.09 | Cum_Reward=4.11

24h-RESUME | subject=adult#002 | Total_Steps=97 |  Total_Reward=4.11 |  Average_Reward=0.042
