Sim Day 000, Time 06:00		
rlController INIT | subject=adult#average | pop=Type1 Adult | Gb=119.6 | dailyBasal=28.41U | convFactor=6.00 | cgm_t0=118.6 mg/dL
t=0  min | Steps=1 | CGM=118.6 | ROC=+0.000 | Mean4-CGM=118.6 | Err=+8.6 | InsLock=0 | Action=1/16 | rsci_RL=0.00 | InsRate=0.00 pmol/min | 
Sim Day 000, Time 06:15		
t=15 min | Steps=2 | CGM=121.1 | ROC=+0.345 | Mean4-CGM=119.4 | Err=+11.1 | InsLock=0 | Action=1/16 | rsci_RL=0.00 | InsRate=0.00 pmol/min | Delayed_Reward=0.09 | Cum_Reward=0.09
Sim Day 000, Time 06:30		
t=30 min | Steps=3 | CGM=123.7 | ROC=+0.585 | Mean4-CGM=121.4 | Err=+13.7 | InsLock=0 | Action=1/16 | rsci_RL=0.00 | InsRate=0.00 pmol/min | Delayed_Reward=0.09 | Cum_Reward=0.17
Sim Day 000, Time 06:45		
t=45 min | Steps=4 | CGM=127.7 | ROC=+0.159 | Mean4-CGM=125.4 | Err=+17.7 | InsLock=1 | Action=6/16 | rsci_RL=33.33 | InsRate=200.00 pmol/min | Delayed_Reward=0.09 | Cum_Reward=0.26
Sim Day 000, Time 07:00		
t=60 min | Steps=5 | CGM=129.4 | ROC=+0.453 | Mean4-CGM=128.6 | Err=+19.4 | InsLock=1 | Action=2/16 | rsci_RL=6.67 | InsRate=40.00 pmol/min | Delayed_Reward=0.09 | Cum_Reward=0.35
Sim Day 000, Time 07:15		
t=75 min | Steps=6 | CGM=131.4 | ROC=+0.923 | Mean4-CGM=130.1 | Err=+21.4 | InsLock=1 | Action=3/16 | rsci_RL=13.33 | InsRate=80.00 pmol/min | Delayed_Reward=0.09 | Cum_Reward=0.43
Sim Day 000, Time 07:30		
t=90 min | Steps=7 | CGM=154.7 | ROC=+2.620 | Mean4-CGM=141.0 | Err=+44.7 | InsLock=1 | Action=15/16 | rsci_RL=93.33 | InsRate=560.00 pmol/min | Delayed_Reward=-0.04 | Cum_Reward=0.39
Sim Day 000, Time 07:45		
t=105 min | Steps=8 | CGM=178.8 | ROC=+1.546 | Mean4-CGM=165.5 | Err=+68.8 | InsLock=1 | Action=15/16 | rsci_RL=93.33 | InsRate=560.00 pmol/min | Delayed_Reward=-0.03 | Cum_Reward=0.36
Sim Day 000, Time 08:00		
t=120 min | Steps=9 | CGM=180.9 | ROC=-0.565 | Mean4-CGM=180.9 | Err=+70.9 | InsLock=1 | Action=15/16 | rsci_RL=93.33 | InsRate=560.00 pmol/min | Delayed_Reward=0.01 | Cum_Reward=0.37
Sim Day 000, Time 08:15		
t=135 min | Steps=10 | CGM=177.4 | ROC=-0.689 | Mean4-CGM=181.3 | Err=+67.4 | InsLock=1 | Action=15/16 | rsci_RL=93.33 | InsRate=560.00 pmol/min | Delayed_Reward=0.01 | Cum_Reward=0.38
Sim Day 000, Time 08:30		
t=150 min | Steps=11 | CGM=159.5 | ROC=-2.061 | Mean4-CGM=169.4 | Err=+49.5 | InsLock=1 | Action=7/16 | rsci_RL=40.00 | InsRate=240.00 pmol/min | Delayed_Reward=0.03 | Cum_Reward=0.42
Sim Day 000, Time 08:45		
t=165 min | Steps=12 | CGM=143.0 | ROC=-1.696 | Mean4-CGM=152.5 | Err=+33.0 | InsLock=1 | Action=3/16 | rsci_RL=13.33 | InsRate=80.00 pmol/min | Delayed_Reward=0.03 | Cum_Reward=0.45
Sim Day 000, Time 09:00		
t=180 min | Steps=13 | CGM=129.7 | ROC=-1.269 | Mean4-CGM=136.0 | Err=+19.7 | InsLock=1 | Action=1/16 | rsci_RL=0.00 | InsRate=0.00 pmol/min | Delayed_Reward=0.09 | Cum_Reward=0.53
Sim Day 000, Time 09:15		
t=195 min | Steps=14 | CGM=121.4 | ROC=-0.155 | Mean4-CGM=124.5 | Err=+11.4 | InsLock=0 | Action=1/16 | rsci_RL=0.00 | InsRate=0.00 pmol/min | Delayed_Reward=0.09 | Cum_Reward=0.62
Sim Day 000, Time 09:30		
t=210 min | Steps=15 | CGM=118.7 | ROC=+0.198 | Mean4-CGM=118.9 | Err=+8.7 | InsLock=0 | Action=1/16 | rsci_RL=0.00 | InsRate=0.00 pmol/min | Delayed_Reward=0.09 | Cum_Reward=0.71
Sim Day 000, Time 09:45		
t=225 min | Steps=16 | CGM=120.3 | ROC=+0.277 | Mean4-CGM=118.2 | Err=+10.3 | InsLock=0 | Action=1/16 | rsci_RL=0.00 | InsRate=0.00 pmol/min | Delayed_Reward=0.09 | Cum_Reward=0.79
Sim Day 000, Time 10:00		
t=240 min | Steps=17 | CGM=123.1 | ROC=+0.039 | Mean4-CGM=121.8 | Err=+13.1 | InsLock=0 | Action=1/16 | rsci_RL=0.00 | InsRate=0.00 pmol/min | Delayed_Reward=0.09 | Cum_Reward=0.88
Sim Day 000, Time 10:15		
t=255 min | Steps=18 | CGM=124.1 | ROC=+0.264 | Mean4-CGM=123.9 | Err=+14.1 | InsLock=0 | Action=1/16 | rsci_RL=0.00 | InsRate=0.00 pmol/min | Delayed_Reward=0.09 | Cum_Reward=0.97
Sim Day 000, Time 10:30		
t=270 min | Steps=19 | CGM=124.3 | ROC=+0.087 | Mean4-CGM=123.7 | Err=+14.3 | InsLock=0 | Action=1/16 | rsci_RL=0.00 | InsRate=0.00 pmol/min | Delayed_Reward=0.09 | Cum_Reward=1.05
Sim Day 000, Time 10:45		
t=285 min | Steps=20 | CGM=123.7 | ROC=+0.039 | Mean4-CGM=123.9 | Err=+13.7 | InsLock=0 | Action=1/16 | rsci_RL=0.00 | InsRate=0.00 pmol/min | Delayed_Reward=0.09 | Cum_Reward=1.14
Sim Day 000, Time 11:00		
t=300 min | Steps=21 | CGM=118.9 | ROC=-0.396 | Mean4-CGM=121.7 | Err=+8.9 | InsLock=0 | Action=1/16 | rsci_RL=0.00 | InsRate=0.00 pmol/min | Delayed_Reward=0.09 | Cum_Reward=1.23
Sim Day 000, Time 11:15		
t=315 min | Steps=22 | CGM=117.8 | ROC=-0.252 | Mean4-CGM=119.3 | Err=+7.8 | InsLock=0 | Action=1/16 | rsci_RL=0.00 | InsRate=0.00 pmol/min | Delayed_Reward=0.09 | Cum_Reward=1.31
Sim Day 000, Time 11:30		
t=330 min | Steps=23 | CGM=114.7 | ROC=-0.202 | Mean4-CGM=116.1 | Err=+4.7 | InsLock=0 | Action=1/16 | rsci_RL=0.00 | InsRate=0.00 pmol/min | Delayed_Reward=0.09 | Cum_Reward=1.40
Sim Day 000, Time 11:45		
t=345 min | Steps=24 | CGM=117.9 | ROC=+0.090 | Mean4-CGM=117.0 | Err=+7.9 | InsLock=0 | Action=1/16 | rsci_RL=0.00 | InsRate=0.00 pmol/min | Delayed_Reward=0.09 | Cum_Reward=1.49
Sim Day 000, Time 12:00		
t=360 min | Steps=25 | CGM=113.4 | ROC=-1.157 | Mean4-CGM=116.3 | Err=+3.4 | InsLock=0 | Action=1/16 | rsci_RL=0.00 | InsRate=0.00 pmol/min | Delayed_Reward=0.09 | Cum_Reward=1.57
Sim Day 000, Time 12:15		
t=375 min | Steps=26 | CGM=120.6 | ROC=+0.149 | Mean4-CGM=117.6 | Err=+10.6 | InsLock=0 | Action=1/16 | rsci_RL=0.00 | InsRate=0.00 pmol/min | Delayed_Reward=0.09 | Cum_Reward=1.66
Sim Day 000, Time 12:30		
t=390 min | Steps=27 | CGM=147.8 | ROC=+1.913 | Mean4-CGM=133.7 | Err=+37.8 | InsLock=1 | Action=6/16 | rsci_RL=33.33 | InsRate=200.00 pmol/min | Delayed_Reward=0.09 | Cum_Reward=1.75
Sim Day 000, Time 12:45		
t=405 min | Steps=28 | CGM=186.6 | ROC=+2.083 | Mean4-CGM=169.0 | Err=+76.6 | InsLock=1 | Action=16/16 | rsci_RL=100.00 | InsRate=600.00 pmol/min | Delayed_Reward=-0.03 | Cum_Reward=1.71
Sim Day 000, Time 13:00		
t=420 min | Steps=29 | CGM=201.9 | ROC=+0.034 | Mean4-CGM=196.5 | Err=+91.9 | InsLock=1 | Action=16/16 | rsci_RL=100.00 | InsRate=600.00 pmol/min | Delayed_Reward=-0.00 | Cum_Reward=1.71
Sim Day 000, Time 13:15		
t=435 min | Steps=30 | CGM=192.9 | ROC=-1.409 | Mean4-CGM=199.5 | Err=+82.9 | InsLock=1 | Action=15/16 | rsci_RL=93.33 | InsRate=560.00 pmol/min | Delayed_Reward=0.02 | Cum_Reward=1.74
Sim Day 000, Time 13:30		
t=450 min | Steps=31 | CGM=157.5 | ROC=-3.210 | Mean4-CGM=177.2 | Err=+47.5 | InsLock=1 | Action=7/16 | rsci_RL=40.00 | InsRate=240.00 pmol/min | Delayed_Reward=0.05 | Cum_Reward=1.79
Sim Day 000, Time 13:45		
t=465 min | Steps=32 | CGM=125.3 | ROC=-2.523 | Mean4-CGM=143.0 | Err=+15.3 | InsLock=1 | Action=1/16 | rsci_RL=0.00 | InsRate=0.00 pmol/min | Delayed_Reward=0.04 | Cum_Reward=1.83
Sim Day 000, Time 14:00		
t=480 min | Steps=33 | CGM=101.0 | ROC=-1.383 | Mean4-CGM=113.3 | Err=-9.0 | InsLock=0 | Action=1/16 | rsci_RL=0.00 | InsRate=0.00 pmol/min | Delayed_Reward=0.09 | Cum_Reward=1.92
Sim Day 000, Time 14:15		
t=495 min | Steps=34 | CGM=88.1 | ROC=-0.315 | Mean4-CGM=93.9 | Err=-21.9 | InsLock=0 | Action=1/16 | rsci_RL=0.00 | InsRate=0.00 pmol/min | Delayed_Reward=-0.08 | Cum_Reward=1.83
Sim Day 000, Time 14:30		
t=510 min | Steps=35 | CGM=84.8 | ROC=-0.739 | Mean4-CGM=86.9 | Err=-25.2 | InsLock=0 | Action=1/16 | rsci_RL=0.00 | InsRate=0.00 pmol/min | Delayed_Reward=-0.11 | Cum_Reward=1.73
Sim Day 000, Time 14:45		
t=525 min | Steps=36 | CGM=92.8 | ROC=+0.812 | Mean4-CGM=87.6 | Err=-17.2 | InsLock=0 | Action=1/16 | rsci_RL=0.00 | InsRate=0.00 pmol/min | Delayed_Reward=-0.02 | Cum_Reward=1.70
Sim Day 000, Time 15:00		
t=540 min | Steps=37 | CGM=104.0 | ROC=+0.388 | Mean4-CGM=98.6 | Err=-6.0 | InsLock=0 | Action=1/16 | rsci_RL=0.00 | InsRate=0.00 pmol/min | Delayed_Reward=-0.05 | Cum_Reward=1.66
Sim Day 000, Time 15:15		
t=555 min | Steps=38 | CGM=111.2 | ROC=+0.988 | Mean4-CGM=106.3 | Err=+1.2 | InsLock=0 | Action=1/16 | rsci_RL=0.00 | InsRate=0.00 pmol/min | Delayed_Reward=0.05 | Cum_Reward=1.71
Sim Day 000, Time 15:30		
t=570 min | Steps=39 | CGM=112.4 | ROC=+0.251 | Mean4-CGM=112.0 | Err=+2.4 | InsLock=0 | Action=1/16 | rsci_RL=0.00 | InsRate=0.00 pmol/min | Delayed_Reward=0.09 | Cum_Reward=1.80
Sim Day 000, Time 15:45		
t=585 min | Steps=40 | CGM=110.3 | ROC=-0.039 | Mean4-CGM=111.1 | Err=+0.3 | InsLock=0 | Action=1/16 | rsci_RL=0.00 | InsRate=0.00 pmol/min | Delayed_Reward=0.09 | Cum_Reward=1.88
Sim Day 000, Time 16:00		
t=600 min | Steps=41 | CGM=108.7 | ROC=-0.669 | Mean4-CGM=109.9 | Err=-1.3 | InsLock=0 | Action=1/16 | rsci_RL=0.00 | InsRate=0.00 pmol/min | Delayed_Reward=-0.04 | Cum_Reward=1.85
Sim Day 000, Time 16:15		
t=615 min | Steps=42 | CGM=112.7 | ROC=+0.038 | Mean4-CGM=111.1 | Err=+2.7 | InsLock=0 | Action=1/16 | rsci_RL=0.00 | InsRate=0.00 pmol/min | Delayed_Reward=0.09 | Cum_Reward=1.94
Sim Day 000, Time 16:30		
t=630 min | Steps=43 | CGM=111.2 | ROC=-0.335 | Mean4-CGM=112.0 | Err=+1.2 | InsLock=0 | Action=1/16 | rsci_RL=0.00 | InsRate=0.00 pmol/min | Delayed_Reward=0.09 | Cum_Reward=2.02
Sim Day 000, Time 16:45		
t=645 min | Steps=44 | CGM=112.5 | ROC=+0.117 | Mean4-CGM=112.0 | Err=+2.5 | InsLock=0 | Action=1/16 | rsci_RL=0.00 | InsRate=0.00 pmol/min | Delayed_Reward=0.09 | Cum_Reward=2.11
Sim Day 000, Time 17:00		
t=660 min | Steps=45 | CGM=117.4 | ROC=+0.677 | Mean4-CGM=114.0 | Err=+7.4 | InsLock=0 | Action=1/16 | rsci_RL=0.00 | InsRate=0.00 pmol/min | Delayed_Reward=0.09 | Cum_Reward=2.20
Sim Day 000, Time 17:15		
t=675 min | Steps=46 | CGM=115.8 | ROC=+0.127 | Mean4-CGM=115.2 | Err=+5.8 | InsLock=0 | Action=1/16 | rsci_RL=0.00 | InsRate=0.00 pmol/min | Delayed_Reward=0.09 | Cum_Reward=2.28
Sim Day 000, Time 17:30		
t=690 min | Steps=47 | CGM=119.5 | ROC=+0.664 | Mean4-CGM=116.8 | Err=+9.5 | InsLock=0 | Action=1/16 | rsci_RL=0.00 | InsRate=0.00 pmol/min | Delayed_Reward=0.09 | Cum_Reward=2.37
Sim Day 000, Time 17:45		
t=705 min | Steps=48 | CGM=116.0 | ROC=-0.583 | Mean4-CGM=118.0 | Err=+6.0 | InsLock=0 | Action=1/16 | rsci_RL=0.00 | InsRate=0.00 pmol/min | Delayed_Reward=0.09 | Cum_Reward=2.46
Sim Day 000, Time 18:00		
t=720 min | Steps=49 | CGM=120.5 | ROC=-0.879 | Mean4-CGM=120.2 | Err=+10.5 | InsLock=0 | Action=1/16 | rsci_RL=0.00 | InsRate=0.00 pmol/min | Delayed_Reward=0.09 | Cum_Reward=2.54
Sim Day 000, Time 18:15		
t=735 min | Steps=50 | CGM=124.4 | ROC=+0.867 | Mean4-CGM=120.9 | Err=+14.4 | InsLock=0 | Action=1/16 | rsci_RL=0.00 | InsRate=0.00 pmol/min | Delayed_Reward=0.09 | Cum_Reward=2.63
Sim Day 000, Time 18:30		
t=750 min | Steps=51 | CGM=125.7 | ROC=+1.073 | Mean4-CGM=123.3 | Err=+15.7 | InsLock=1 | Action=6/16 | rsci_RL=33.33 | InsRate=200.00 pmol/min | Delayed_Reward=0.09 | Cum_Reward=2.72
Sim Day 000, Time 18:45		
t=765 min | Steps=52 | CGM=124.4 | ROC=+0.038 | Mean4-CGM=123.8 | Err=+14.4 | InsLock=0 | Action=1/16 | rsci_RL=0.00 | InsRate=0.00 pmol/min | Delayed_Reward=0.09 | Cum_Reward=2.80
Sim Day 000, Time 19:00		
t=780 min | Steps=53 | CGM=128.9 | ROC=+0.893 | Mean4-CGM=125.9 | Err=+18.9 | InsLock=1 | Action=6/16 | rsci_RL=33.33 | InsRate=200.00 pmol/min | Delayed_Reward=0.09 | Cum_Reward=2.89
Sim Day 000, Time 19:15		
t=795 min | Steps=54 | CGM=124.0 | ROC=+0.582 | Mean4-CGM=123.7 | Err=+14.0 | InsLock=0 | Action=1/16 | rsci_RL=0.00 | InsRate=0.00 pmol/min | Delayed_Reward=0.09 | Cum_Reward=2.98
Sim Day 000, Time 19:30		
t=810 min | Steps=55 | CGM=146.0 | ROC=+1.832 | Mean4-CGM=133.0 | Err=+36.0 | InsLock=1 | Action=16/16 | rsci_RL=100.00 | InsRate=600.00 pmol/min | Delayed_Reward=0.09 | Cum_Reward=3.06
Sim Day 000, Time 19:45		
t=825 min | Steps=56 | CGM=167.2 | ROC=+0.269 | Mean4-CGM=158.7 | Err=+57.2 | InsLock=1 | Action=16/16 | rsci_RL=100.00 | InsRate=600.00 pmol/min | Delayed_Reward=-0.00 | Cum_Reward=3.06
Sim Day 000, Time 20:00		
t=840 min | Steps=57 | CGM=167.3 | ROC=-0.154 | Mean4-CGM=167.7 | Err=+57.3 | InsLock=1 | Action=15/16 | rsci_RL=93.33 | InsRate=560.00 pmol/min | Delayed_Reward=0.00 | Cum_Reward=3.06
Sim Day 000, Time 20:15		
t=855 min | Steps=58 | CGM=141.1 | ROC=-2.459 | Mean4-CGM=155.6 | Err=+31.1 | InsLock=1 | Action=3/16 | rsci_RL=13.33 | InsRate=80.00 pmol/min | Delayed_Reward=0.04 | Cum_Reward=3.10
Sim Day 000, Time 20:30		
t=870 min | Steps=59 | CGM=113.2 | ROC=-1.845 | Mean4-CGM=127.5 | Err=+3.2 | InsLock=0 | Action=1/16 | rsci_RL=0.00 | InsRate=0.00 pmol/min | Delayed_Reward=0.09 | Cum_Reward=3.19
Sim Day 000, Time 20:45		
t=885 min | Steps=60 | CGM=91.7 | ROC=-0.902 | Mean4-CGM=101.2 | Err=-18.3 | InsLock=0 | Action=1/16 | rsci_RL=0.00 | InsRate=0.00 pmol/min | Delayed_Reward=-0.05 | Cum_Reward=3.14
Sim Day 000, Time 21:00		
t=900 min | Steps=61 | CGM=83.4 | ROC=-0.144 | Mean4-CGM=87.1 | Err=-26.6 | InsLock=0 | Action=1/16 | rsci_RL=0.00 | InsRate=0.00 pmol/min | Delayed_Reward=-0.07 | Cum_Reward=3.07
Sim Day 000, Time 21:15		
t=915 min | Steps=62 | CGM=84.7 | ROC=+0.353 | Mean4-CGM=84.3 | Err=-25.3 | InsLock=0 | Action=1/16 | rsci_RL=0.00 | InsRate=0.00 pmol/min | Delayed_Reward=-0.05 | Cum_Reward=3.02
Sim Day 000, Time 21:30		
t=930 min | Steps=63 | CGM=91.4 | ROC=+0.199 | Mean4-CGM=88.3 | Err=-18.6 | InsLock=0 | Action=1/16 | rsci_RL=0.00 | InsRate=0.00 pmol/min | Delayed_Reward=-0.06 | Cum_Reward=2.96
Sim Day 000, Time 21:45		
t=945 min | Steps=64 | CGM=103.5 | ROC=+0.001 | Mean4-CGM=98.7 | Err=-6.5 | InsLock=0 | Action=1/16 | rsci_RL=0.00 | InsRate=0.00 pmol/min | Delayed_Reward=-0.07 | Cum_Reward=2.90
Sim Day 000, Time 22:00		
t=960 min | Steps=65 | CGM=114.8 | ROC=+0.261 | Mean4-CGM=110.8 | Err=+4.8 | InsLock=0 | Action=1/16 | rsci_RL=0.00 | InsRate=0.00 pmol/min | Delayed_Reward=0.09 | Cum_Reward=2.98
Sim Day 000, Time 22:15		
t=975 min | Steps=66 | CGM=116.2 | ROC=-0.532 | Mean4-CGM=116.9 | Err=+6.2 | InsLock=0 | Action=1/16 | rsci_RL=0.00 | InsRate=0.00 pmol/min | Delayed_Reward=0.09 | Cum_Reward=3.07
Sim Day 000, Time 22:30		
t=990 min | Steps=67 | CGM=118.4 | ROC=+0.565 | Mean4-CGM=116.8 | Err=+8.4 | InsLock=0 | Action=1/16 | rsci_RL=0.00 | InsRate=0.00 pmol/min | Delayed_Reward=0.09 | Cum_Reward=3.16
Sim Day 000, Time 22:45		
t=1005 min | Steps=68 | CGM=114.4 | ROC=-0.961 | Mean4-CGM=117.3 | Err=+4.4 | InsLock=0 | Action=1/16 | rsci_RL=0.00 | InsRate=0.00 pmol/min | Delayed_Reward=0.09 | Cum_Reward=3.24
Sim Day 000, Time 23:00		
t=1020 min | Steps=69 | CGM=114.4 | ROC=+0.221 | Mean4-CGM=114.7 | Err=+4.4 | InsLock=0 | Action=1/16 | rsci_RL=0.00 | InsRate=0.00 pmol/min | Delayed_Reward=0.09 | Cum_Reward=3.33
Sim Day 000, Time 23:15		
t=1035 min | Steps=70 | CGM=112.4 | ROC=+0.356 | Mean4-CGM=112.4 | Err=+2.4 | InsLock=0 | Action=1/16 | rsci_RL=0.00 | InsRate=0.00 pmol/min | Delayed_Reward=0.09 | Cum_Reward=3.42
Sim Day 000, Time 23:30		
t=1050 min | Steps=71 | CGM=115.2 | ROC=+0.557 | Mean4-CGM=112.9 | Err=+5.2 | InsLock=0 | Action=1/16 | rsci_RL=0.00 | InsRate=0.00 pmol/min | Delayed_Reward=0.09 | Cum_Reward=3.50
Sim Day 000, Time 23:45		
t=1065 min | Steps=72 | CGM=110.7 | ROC=-0.303 | Mean4-CGM=111.7 | Err=+0.7 | InsLock=0 | Action=1/16 | rsci_RL=0.00 | InsRate=0.00 pmol/min | Delayed_Reward=0.09 | Cum_Reward=3.59
Sim Day 000, Time 00:00		
t=1080 min | Steps=73 | CGM=111.1 | ROC=-0.757 | Mean4-CGM=112.3 | Err=+1.1 | InsLock=0 | Action=1/16 | rsci_RL=0.00 | InsRate=0.00 pmol/min | Delayed_Reward=0.09 | Cum_Reward=3.68
Sim Day 000, Time 00:15		
t=1095 min | Steps=74 | CGM=112.7 | ROC=+0.836 | Mean4-CGM=110.9 | Err=+2.7 | InsLock=0 | Action=1/16 | rsci_RL=0.00 | InsRate=0.00 pmol/min | Delayed_Reward=0.09 | Cum_Reward=3.76
Sim Day 000, Time 00:30		
t=1110 min | Steps=75 | CGM=111.6 | ROC=-0.518 | Mean4-CGM=113.0 | Err=+1.6 | InsLock=0 | Action=1/16 | rsci_RL=0.00 | InsRate=0.00 pmol/min | Delayed_Reward=0.09 | Cum_Reward=3.85
Sim Day 000, Time 00:45		
t=1125 min | Steps=76 | CGM=119.3 | ROC=+0.777 | Mean4-CGM=114.6 | Err=+9.3 | InsLock=0 | Action=1/16 | rsci_RL=0.00 | InsRate=0.00 pmol/min | Delayed_Reward=0.09 | Cum_Reward=3.94
Sim Day 000, Time 01:00		
t=1140 min | Steps=77 | CGM=119.1 | ROC=-0.566 | Mean4-CGM=120.3 | Err=+9.1 | InsLock=0 | Action=1/16 | rsci_RL=0.00 | InsRate=0.00 pmol/min | Delayed_Reward=0.09 | Cum_Reward=4.02
Sim Day 000, Time 01:15		
t=1155 min | Steps=78 | CGM=122.4 | ROC=+0.581 | Mean4-CGM=119.8 | Err=+12.4 | InsLock=0 | Action=1/16 | rsci_RL=0.00 | InsRate=0.00 pmol/min | Delayed_Reward=0.09 | Cum_Reward=4.11
Sim Day 000, Time 01:30		
t=1170 min | Steps=79 | CGM=126.5 | ROC=+0.772 | Mean4-CGM=123.2 | Err=+16.5 | InsLock=1 | Action=6/16 | rsci_RL=33.33 | InsRate=200.00 pmol/min | Delayed_Reward=0.09 | Cum_Reward=4.20
Sim Day 000, Time 01:45		
t=1185 min | Steps=80 | CGM=129.2 | ROC=+1.350 | Mean4-CGM=125.8 | Err=+19.2 | InsLock=1 | Action=2/16 | rsci_RL=6.67 | InsRate=40.00 pmol/min | Delayed_Reward=0.09 | Cum_Reward=4.28
Sim Day 000, Time 02:00		
t=1200 min | Steps=81 | CGM=124.1 | ROC=-0.469 | Mean4-CGM=127.0 | Err=+14.1 | InsLock=0 | Action=1/16 | rsci_RL=0.00 | InsRate=0.00 pmol/min | Delayed_Reward=0.09 | Cum_Reward=4.37
Sim Day 000, Time 02:15		
t=1215 min | Steps=82 | CGM=122.8 | ROC=-0.646 | Mean4-CGM=125.6 | Err=+12.8 | InsLock=0 | Action=1/16 | rsci_RL=0.00 | InsRate=0.00 pmol/min | Delayed_Reward=0.09 | Cum_Reward=4.46
Sim Day 000, Time 02:30		
t=1230 min | Steps=83 | CGM=124.3 | ROC=+0.067 | Mean4-CGM=124.2 | Err=+14.3 | InsLock=0 | Action=1/16 | rsci_RL=0.00 | InsRate=0.00 pmol/min | Delayed_Reward=0.09 | Cum_Reward=4.54
Sim Day 000, Time 02:45		
t=1245 min | Steps=84 | CGM=126.8 | ROC=+0.560 | Mean4-CGM=125.6 | Err=+16.8 | InsLock=1 | Action=6/16 | rsci_RL=33.33 | InsRate=200.00 pmol/min | Delayed_Reward=0.09 | Cum_Reward=4.63
Sim Day 000, Time 03:00		
t=1260 min | Steps=85 | CGM=129.5 | ROC=-0.371 | Mean4-CGM=129.2 | Err=+19.5 | InsLock=1 | Action=2/16 | rsci_RL=6.67 | InsRate=40.00 pmol/min | Delayed_Reward=0.09 | Cum_Reward=4.72
Sim Day 000, Time 03:15		
t=1275 min | Steps=86 | CGM=131.4 | ROC=-0.473 | Mean4-CGM=130.9 | Err=+21.4 | InsLock=1 | Action=1/16 | rsci_RL=0.00 | InsRate=0.00 pmol/min | Delayed_Reward=0.09 | Cum_Reward=4.80
Sim Day 000, Time 03:30		
t=1290 min | Steps=87 | CGM=132.6 | ROC=+0.223 | Mean4-CGM=131.4 | Err=+22.6 | InsLock=1 | Action=3/16 | rsci_RL=13.33 | InsRate=80.00 pmol/min | Delayed_Reward=0.09 | Cum_Reward=4.89
Sim Day 000, Time 03:45		
t=1305 min | Steps=88 | CGM=135.0 | ROC=+0.428 | Mean4-CGM=133.1 | Err=+25.0 | InsLock=1 | Action=3/16 | rsci_RL=13.33 | InsRate=80.00 pmol/min | Delayed_Reward=0.09 | Cum_Reward=4.98
Sim Day 000, Time 04:00		
t=1320 min | Steps=89 | CGM=134.8 | ROC=+0.494 | Mean4-CGM=134.6 | Err=+24.8 | InsLock=1 | Action=3/16 | rsci_RL=13.33 | InsRate=80.00 pmol/min | Delayed_Reward=0.09 | Cum_Reward=5.06
Sim Day 000, Time 04:15		
t=1335 min | Steps=90 | CGM=136.1 | ROC=-0.011 | Mean4-CGM=136.2 | Err=+26.1 | InsLock=1 | Action=3/16 | rsci_RL=13.33 | InsRate=80.00 pmol/min | Delayed_Reward=0.09 | Cum_Reward=5.15
Sim Day 000, Time 04:30		
t=1350 min | Steps=91 | CGM=140.4 | ROC=+0.679 | Mean4-CGM=137.5 | Err=+30.4 | InsLock=1 | Action=9/16 | rsci_RL=53.33 | InsRate=320.00 pmol/min | Delayed_Reward=0.09 | Cum_Reward=5.24
Sim Day 000, Time 04:45		
t=1365 min | Steps=92 | CGM=140.7 | ROC=+0.738 | Mean4-CGM=140.4 | Err=+30.7 | InsLock=1 | Action=15/16 | rsci_RL=93.33 | InsRate=560.00 pmol/min | Delayed_Reward=-0.01 | Cum_Reward=5.22
Sim Day 000, Time 05:00		
t=1380 min | Steps=93 | CGM=136.7 | ROC=-0.699 | Mean4-CGM=139.3 | Err=+26.7 | InsLock=1 | Action=3/16 | rsci_RL=13.33 | InsRate=80.00 pmol/min | Delayed_Reward=0.09 | Cum_Reward=5.31
Sim Day 000, Time 05:15		
t=1395 min | Steps=94 | CGM=126.6 | ROC=-0.116 | Mean4-CGM=130.6 | Err=+16.6 | InsLock=1 | Action=3/16 | rsci_RL=13.33 | InsRate=80.00 pmol/min | Delayed_Reward=0.09 | Cum_Reward=5.40
Sim Day 000, Time 05:30		
t=1410 min | Steps=95 | CGM=113.7 | ROC=+0.054 | Mean4-CGM=119.1 | Err=+3.7 | InsLock=0 | Action=1/16 | rsci_RL=0.00 | InsRate=0.00 pmol/min | Delayed_Reward=0.09 | Cum_Reward=5.48
Sim Day 000, Time 05:45		
t=1425 min | Steps=96 | CGM=106.9 | ROC=-0.758 | Mean4-CGM=109.9 | Err=-3.1 | InsLock=0 | Action=1/16 | rsci_RL=0.00 | InsRate=0.00 pmol/min | Delayed_Reward=-0.04 | Cum_Reward=5.44
Sim Day 001, Time 06:00		
t=1440 min | Steps=97 | CGM=105.8 | ROC=-0.686 | Mean4-CGM=107.4 | Err=-4.2 | InsLock=0 | Action=1/16 | rsci_RL=0.00 | InsRate=0.00 pmol/min | Delayed_Reward=-0.04 | Cum_Reward=5.41

24h-RESUME | subject=adult#average | Total_Steps=97 |  Total_Reward=5.41 |  Average_Reward=0.056
