Sim Day 000, Time 06:00		
rlController INIT | subject=adult#007 | pop=Type1 Adult | Gb=115.1 | dailyBasal=29.98U | convFactor=6.00 | cgm_t0=114.1 mg/dL
t=0  min | Steps=1 | CGM=114.1 | ROC=+0.000 | Mean4-CGM=114.1 | Err=+4.1 | InsLock=0 | Action=1/16 | rsci_RL=0.00 | InsRate=0.00 pmol/min | 
Sim Day 000, Time 06:15		
t=15 min | Steps=2 | CGM=115.4 | ROC=+0.240 | Mean4-CGM=114.4 | Err=+5.4 | InsLock=0 | Action=1/16 | rsci_RL=0.00 | InsRate=0.00 pmol/min | Delayed_Reward=0.09 | Cum_Reward=0.09
Sim Day 000, Time 06:30		
t=30 min | Steps=3 | CGM=116.4 | ROC=+0.481 | Mean4-CGM=114.9 | Err=+6.4 | InsLock=0 | Action=1/16 | rsci_RL=0.00 | InsRate=0.00 pmol/min | Delayed_Reward=0.09 | Cum_Reward=0.17
Sim Day 000, Time 06:45		
t=45 min | Steps=4 | CGM=118.9 | ROC=+0.068 | Mean4-CGM=117.4 | Err=+8.9 | InsLock=0 | Action=1/16 | rsci_RL=0.00 | InsRate=0.00 pmol/min | Delayed_Reward=0.09 | Cum_Reward=0.26
Sim Day 000, Time 07:00		
t=60 min | Steps=5 | CGM=119.6 | ROC=+0.398 | Mean4-CGM=119.2 | Err=+9.6 | InsLock=0 | Action=1/16 | rsci_RL=0.00 | InsRate=0.00 pmol/min | Delayed_Reward=0.09 | Cum_Reward=0.35
Sim Day 000, Time 07:15		
t=75 min | Steps=6 | CGM=120.2 | ROC=+0.671 | Mean4-CGM=119.9 | Err=+10.2 | InsLock=0 | Action=1/16 | rsci_RL=0.00 | InsRate=0.00 pmol/min | Delayed_Reward=0.09 | Cum_Reward=0.43
Sim Day 000, Time 07:30		
t=90 min | Steps=7 | CGM=124.9 | ROC=+1.022 | Mean4-CGM=121.6 | Err=+14.9 | InsLock=0 | Action=1/16 | rsci_RL=0.00 | InsRate=0.00 pmol/min | Delayed_Reward=0.09 | Cum_Reward=0.52
Sim Day 000, Time 07:45		
t=105 min | Steps=8 | CGM=138.7 | ROC=+1.589 | Mean4-CGM=128.8 | Err=+28.7 | InsLock=1 | Action=6/16 | rsci_RL=33.33 | InsRate=200.00 pmol/min | Delayed_Reward=0.09 | Cum_Reward=0.61
Sim Day 000, Time 08:00		
t=120 min | Steps=9 | CGM=160.3 | ROC=+1.160 | Mean4-CGM=149.4 | Err=+50.3 | InsLock=1 | Action=16/16 | rsci_RL=100.00 | InsRate=600.00 pmol/min | Delayed_Reward=-0.02 | Cum_Reward=0.59
Sim Day 000, Time 08:15		
t=135 min | Steps=10 | CGM=182.6 | ROC=+0.815 | Mean4-CGM=174.0 | Err=+72.6 | InsLock=1 | Action=16/16 | rsci_RL=100.00 | InsRate=600.00 pmol/min | Delayed_Reward=-0.01 | Cum_Reward=0.57
Sim Day 000, Time 08:30		
t=150 min | Steps=11 | CGM=173.3 | ROC=-1.967 | Mean4-CGM=180.1 | Err=+63.3 | InsLock=1 | Action=15/16 | rsci_RL=93.33 | InsRate=560.00 pmol/min | Delayed_Reward=0.03 | Cum_Reward=0.61
Sim Day 000, Time 08:45		
t=165 min | Steps=12 | CGM=147.7 | ROC=-2.577 | Mean4-CGM=162.4 | Err=+37.7 | InsLock=1 | Action=3/16 | rsci_RL=13.33 | InsRate=80.00 pmol/min | Delayed_Reward=0.04 | Cum_Reward=0.65
Sim Day 000, Time 09:00		
t=180 min | Steps=13 | CGM=117.7 | ROC=-2.371 | Mean4-CGM=132.5 | Err=+7.7 | InsLock=0 | Action=1/16 | rsci_RL=0.00 | InsRate=0.00 pmol/min | Delayed_Reward=0.09 | Cum_Reward=0.74
Sim Day 000, Time 09:15		
t=195 min | Steps=14 | CGM=97.5 | ROC=-0.773 | Mean4-CGM=106.1 | Err=-12.5 | InsLock=0 | Action=1/16 | rsci_RL=0.00 | InsRate=0.00 pmol/min | Delayed_Reward=-0.04 | Cum_Reward=0.69
Sim Day 000, Time 09:30		
t=210 min | Steps=15 | CGM=90.6 | ROC=+0.062 | Mean4-CGM=92.5 | Err=-19.4 | InsLock=0 | Action=1/16 | rsci_RL=0.00 | InsRate=0.00 pmol/min | Delayed_Reward=-0.06 | Cum_Reward=0.63
Sim Day 000, Time 09:45		
t=225 min | Steps=16 | CGM=93.0 | ROC=+0.410 | Mean4-CGM=90.3 | Err=-17.0 | InsLock=0 | Action=1/16 | rsci_RL=0.00 | InsRate=0.00 pmol/min | Delayed_Reward=-0.04 | Cum_Reward=0.59
Sim Day 000, Time 10:00		
t=240 min | Steps=17 | CGM=100.1 | ROC=+0.401 | Mean4-CGM=96.5 | Err=-9.9 | InsLock=0 | Action=1/16 | rsci_RL=0.00 | InsRate=0.00 pmol/min | Delayed_Reward=-0.05 | Cum_Reward=0.54
Sim Day 000, Time 10:15		
t=255 min | Steps=18 | CGM=107.5 | ROC=+0.696 | Mean4-CGM=104.1 | Err=-2.5 | InsLock=0 | Action=1/16 | rsci_RL=0.00 | InsRate=0.00 pmol/min | Delayed_Reward=0.04 | Cum_Reward=0.58
Sim Day 000, Time 10:30		
t=270 min | Steps=19 | CGM=113.7 | ROC=+0.471 | Mean4-CGM=110.2 | Err=+3.7 | InsLock=0 | Action=1/16 | rsci_RL=0.00 | InsRate=0.00 pmol/min | Delayed_Reward=0.09 | Cum_Reward=0.67
Sim Day 000, Time 10:45		
t=285 min | Steps=20 | CGM=118.2 | ROC=+0.357 | Mean4-CGM=115.9 | Err=+8.2 | InsLock=0 | Action=1/16 | rsci_RL=0.00 | InsRate=0.00 pmol/min | Delayed_Reward=0.09 | Cum_Reward=0.75
Sim Day 000, Time 11:00		
t=300 min | Steps=21 | CGM=117.7 | ROC=-0.129 | Mean4-CGM=118.4 | Err=+7.7 | InsLock=0 | Action=1/16 | rsci_RL=0.00 | InsRate=0.00 pmol/min | Delayed_Reward=0.09 | Cum_Reward=0.84
Sim Day 000, Time 11:15		
t=315 min | Steps=22 | CGM=120.1 | ROC=-0.029 | Mean4-CGM=119.8 | Err=+10.1 | InsLock=0 | Action=1/16 | rsci_RL=0.00 | InsRate=0.00 pmol/min | Delayed_Reward=0.09 | Cum_Reward=0.93
Sim Day 000, Time 11:30		
t=330 min | Steps=23 | CGM=119.8 | ROC=-0.030 | Mean4-CGM=119.9 | Err=+9.8 | InsLock=0 | Action=1/16 | rsci_RL=0.00 | InsRate=0.00 pmol/min | Delayed_Reward=0.09 | Cum_Reward=1.01
Sim Day 000, Time 11:45		
t=345 min | Steps=24 | CGM=125.1 | ROC=+0.212 | Mean4-CGM=123.3 | Err=+15.1 | InsLock=1 | Action=6/16 | rsci_RL=33.33 | InsRate=200.00 pmol/min | Delayed_Reward=0.09 | Cum_Reward=1.10
Sim Day 000, Time 12:00		
t=360 min | Steps=25 | CGM=121.5 | ROC=-1.168 | Mean4-CGM=124.1 | Err=+11.5 | InsLock=0 | Action=1/16 | rsci_RL=0.00 | InsRate=0.00 pmol/min | Delayed_Reward=0.09 | Cum_Reward=1.19
Sim Day 000, Time 12:15		
t=375 min | Steps=26 | CGM=134.2 | ROC=+0.775 | Mean4-CGM=127.7 | Err=+24.2 | InsLock=1 | Action=6/16 | rsci_RL=33.33 | InsRate=200.00 pmol/min | Delayed_Reward=0.09 | Cum_Reward=1.27
Sim Day 000, Time 12:30		
t=390 min | Steps=27 | CGM=161.7 | ROC=+1.535 | Mean4-CGM=148.4 | Err=+51.7 | InsLock=1 | Action=16/16 | rsci_RL=100.00 | InsRate=600.00 pmol/min | Delayed_Reward=-0.03 | Cum_Reward=1.25
Sim Day 000, Time 12:45		
t=405 min | Steps=28 | CGM=185.0 | ROC=+0.598 | Mean4-CGM=176.2 | Err=+75.0 | InsLock=1 | Action=15/16 | rsci_RL=93.33 | InsRate=560.00 pmol/min | Delayed_Reward=-0.01 | Cum_Reward=1.24
Sim Day 000, Time 13:00		
t=420 min | Steps=29 | CGM=161.2 | ROC=-2.874 | Mean4-CGM=176.3 | Err=+51.2 | InsLock=1 | Action=7/16 | rsci_RL=40.00 | InsRate=240.00 pmol/min | Delayed_Reward=0.05 | Cum_Reward=1.28
Sim Day 000, Time 13:15		
t=435 min | Steps=30 | CGM=122.1 | ROC=-2.697 | Mean4-CGM=142.1 | Err=+12.1 | InsLock=0 | Action=1/16 | rsci_RL=0.00 | InsRate=0.00 pmol/min | Delayed_Reward=0.04 | Cum_Reward=1.33
Sim Day 000, Time 13:30		
t=450 min | Steps=31 | CGM=87.7 | ROC=-2.587 | Mean4-CGM=105.5 | Err=-22.3 | InsLock=0 | Action=1/16 | rsci_RL=0.00 | InsRate=0.00 pmol/min | Delayed_Reward=-0.14 | Cum_Reward=1.19
Sim Day 000, Time 13:45		
t=465 min | Steps=32 | CGM=75.5 | ROC=-0.950 | Mean4-CGM=82.5 | Err=-34.5 | InsLock=0 | Action=1/16 | rsci_RL=0.00 | InsRate=0.00 pmol/min | Delayed_Reward=-0.12 | Cum_Reward=1.07
Sim Day 000, Time 14:00		
t=480 min | Steps=33 | CGM=77.1 | ROC=+0.360 | Mean4-CGM=76.4 | Err=-32.9 | InsLock=0 | Action=1/16 | rsci_RL=0.00 | InsRate=0.00 pmol/min | Delayed_Reward=-0.05 | Cum_Reward=1.03
Sim Day 000, Time 14:15		
t=495 min | Steps=34 | CGM=87.1 | ROC=+1.060 | Mean4-CGM=81.8 | Err=-22.9 | InsLock=0 | Action=1/16 | rsci_RL=0.00 | InsRate=0.00 pmol/min | Delayed_Reward=-0.01 | Cum_Reward=1.02
Sim Day 000, Time 14:30		
t=510 min | Steps=35 | CGM=98.0 | ROC=-0.030 | Mean4-CGM=93.6 | Err=-12.0 | InsLock=0 | Action=1/16 | rsci_RL=0.00 | InsRate=0.00 pmol/min | Delayed_Reward=-0.07 | Cum_Reward=0.95
Sim Day 000, Time 14:45		
t=525 min | Steps=36 | CGM=109.5 | ROC=+0.846 | Mean4-CGM=103.1 | Err=-0.5 | InsLock=0 | Action=1/16 | rsci_RL=0.00 | InsRate=0.00 pmol/min | Delayed_Reward=0.05 | Cum_Reward=0.99
Sim Day 000, Time 15:00		
t=540 min | Steps=37 | CGM=119.1 | ROC=+0.270 | Mean4-CGM=114.6 | Err=+9.1 | InsLock=0 | Action=1/16 | rsci_RL=0.00 | InsRate=0.00 pmol/min | Delayed_Reward=0.09 | Cum_Reward=1.08
Sim Day 000, Time 15:15		
t=555 min | Steps=38 | CGM=125.7 | ROC=+0.993 | Mean4-CGM=121.1 | Err=+15.7 | InsLock=1 | Action=6/16 | rsci_RL=33.33 | InsRate=200.00 pmol/min | Delayed_Reward=0.09 | Cum_Reward=1.17
Sim Day 000, Time 15:30		
t=570 min | Steps=39 | CGM=127.1 | ROC=+0.191 | Mean4-CGM=126.8 | Err=+17.1 | InsLock=1 | Action=2/16 | rsci_RL=6.67 | InsRate=40.00 pmol/min | Delayed_Reward=0.09 | Cum_Reward=1.25
Sim Day 000, Time 15:45		
t=585 min | Steps=40 | CGM=118.7 | ROC=-0.582 | Mean4-CGM=123.0 | Err=+8.7 | InsLock=0 | Action=1/16 | rsci_RL=0.00 | InsRate=0.00 pmol/min | Delayed_Reward=0.09 | Cum_Reward=1.34
Sim Day 000, Time 16:00		
t=600 min | Steps=41 | CGM=110.1 | ROC=-1.058 | Mean4-CGM=114.6 | Err=+0.1 | InsLock=0 | Action=1/16 | rsci_RL=0.00 | InsRate=0.00 pmol/min | Delayed_Reward=0.09 | Cum_Reward=1.43
Sim Day 000, Time 16:15		
t=615 min | Steps=42 | CGM=110.9 | ROC=-0.103 | Mean4-CGM=110.6 | Err=+0.9 | InsLock=0 | Action=1/16 | rsci_RL=0.00 | InsRate=0.00 pmol/min | Delayed_Reward=0.09 | Cum_Reward=1.51
Sim Day 000, Time 16:30		
t=630 min | Steps=43 | CGM=108.7 | ROC=-0.340 | Mean4-CGM=109.7 | Err=-1.3 | InsLock=0 | Action=1/16 | rsci_RL=0.00 | InsRate=0.00 pmol/min | Delayed_Reward=-0.02 | Cum_Reward=1.50
Sim Day 000, Time 16:45		
t=645 min | Steps=44 | CGM=110.4 | ROC=+0.154 | Mean4-CGM=109.6 | Err=+0.4 | InsLock=0 | Action=1/16 | rsci_RL=0.00 | InsRate=0.00 pmol/min | Delayed_Reward=0.01 | Cum_Reward=1.50
Sim Day 000, Time 17:00		
t=660 min | Steps=45 | CGM=115.8 | ROC=+0.713 | Mean4-CGM=112.2 | Err=+5.8 | InsLock=0 | Action=1/16 | rsci_RL=0.00 | InsRate=0.00 pmol/min | Delayed_Reward=0.09 | Cum_Reward=1.59
Sim Day 000, Time 17:15		
t=675 min | Steps=46 | CGM=114.7 | ROC=+0.148 | Mean4-CGM=113.9 | Err=+4.7 | InsLock=0 | Action=1/16 | rsci_RL=0.00 | InsRate=0.00 pmol/min | Delayed_Reward=0.09 | Cum_Reward=1.68
Sim Day 000, Time 17:30		
t=690 min | Steps=47 | CGM=118.5 | ROC=+0.672 | Mean4-CGM=115.7 | Err=+8.5 | InsLock=0 | Action=1/16 | rsci_RL=0.00 | InsRate=0.00 pmol/min | Delayed_Reward=0.09 | Cum_Reward=1.76
Sim Day 000, Time 17:45		
t=705 min | Steps=48 | CGM=115.1 | ROC=-0.577 | Mean4-CGM=117.0 | Err=+5.1 | InsLock=0 | Action=1/16 | rsci_RL=0.00 | InsRate=0.00 pmol/min | Delayed_Reward=0.09 | Cum_Reward=1.85
Sim Day 000, Time 18:00		
t=720 min | Steps=49 | CGM=119.7 | ROC=-0.875 | Mean4-CGM=119.4 | Err=+9.7 | InsLock=0 | Action=1/16 | rsci_RL=0.00 | InsRate=0.00 pmol/min | Delayed_Reward=0.09 | Cum_Reward=1.94
Sim Day 000, Time 18:15		
t=735 min | Steps=50 | CGM=125.5 | ROC=+1.197 | Mean4-CGM=120.7 | Err=+15.5 | InsLock=1 | Action=6/16 | rsci_RL=33.33 | InsRate=200.00 pmol/min | Delayed_Reward=0.09 | Cum_Reward=2.02
Sim Day 000, Time 18:30		
t=750 min | Steps=51 | CGM=151.7 | ROC=+3.341 | Mean4-CGM=135.2 | Err=+41.7 | InsLock=1 | Action=16/16 | rsci_RL=100.00 | InsRate=600.00 pmol/min | Delayed_Reward=0.09 | Cum_Reward=2.11
Sim Day 000, Time 18:45		
t=765 min | Steps=52 | CGM=179.0 | ROC=+1.205 | Mean4-CGM=165.7 | Err=+69.0 | InsLock=1 | Action=15/16 | rsci_RL=93.33 | InsRate=560.00 pmol/min | Delayed_Reward=-0.02 | Cum_Reward=2.09
Sim Day 000, Time 19:00		
t=780 min | Steps=53 | CGM=168.2 | ROC=-1.037 | Mean4-CGM=175.2 | Err=+58.2 | InsLock=1 | Action=15/16 | rsci_RL=93.33 | InsRate=560.00 pmol/min | Delayed_Reward=0.02 | Cum_Reward=2.11
Sim Day 000, Time 19:15		
t=795 min | Steps=54 | CGM=123.5 | ROC=-2.327 | Mean4-CGM=143.7 | Err=+13.5 | InsLock=0 | Action=1/16 | rsci_RL=0.00 | InsRate=0.00 pmol/min | Delayed_Reward=0.04 | Cum_Reward=2.15
Sim Day 000, Time 19:30		
t=810 min | Steps=55 | CGM=90.2 | ROC=-2.046 | Mean4-CGM=105.5 | Err=-19.8 | InsLock=0 | Action=1/16 | rsci_RL=0.00 | InsRate=0.00 pmol/min | Delayed_Reward=-0.11 | Cum_Reward=2.04
Sim Day 000, Time 19:45		
t=825 min | Steps=56 | CGM=69.1 | ROC=-1.721 | Mean4-CGM=79.8 | Err=-40.9 | InsLock=0 | Action=1/16 | rsci_RL=0.00 | InsRate=0.00 pmol/min | Delayed_Reward=-0.16 | Cum_Reward=1.88
Sim Day 000, Time 20:00		
t=840 min | Steps=57 | CGM=70.1 | ROC=+0.868 | Mean4-CGM=67.5 | Err=-39.9 | InsLock=0 | Action=1/16 | rsci_RL=0.00 | InsRate=0.00 pmol/min | Delayed_Reward=-0.02 | Cum_Reward=1.86
Sim Day 000, Time 20:15		
t=855 min | Steps=58 | CGM=77.1 | ROC=+0.148 | Mean4-CGM=73.9 | Err=-32.9 | InsLock=0 | Action=1/16 | rsci_RL=0.00 | InsRate=0.00 pmol/min | Delayed_Reward=-0.06 | Cum_Reward=1.80
Sim Day 000, Time 20:30		
t=870 min | Steps=59 | CGM=90.5 | ROC=+0.841 | Mean4-CGM=84.2 | Err=-19.5 | InsLock=0 | Action=1/16 | rsci_RL=0.00 | InsRate=0.00 pmol/min | Delayed_Reward=-0.02 | Cum_Reward=1.78
Sim Day 000, Time 20:45		
t=885 min | Steps=60 | CGM=102.5 | ROC=+1.046 | Mean4-CGM=95.9 | Err=-7.5 | InsLock=0 | Action=1/16 | rsci_RL=0.00 | InsRate=0.00 pmol/min | Delayed_Reward=-0.01 | Cum_Reward=1.77
Sim Day 000, Time 21:00		
t=900 min | Steps=61 | CGM=113.1 | ROC=+0.784 | Mean4-CGM=108.2 | Err=+3.1 | InsLock=0 | Action=1/16 | rsci_RL=0.00 | InsRate=0.00 pmol/min | Delayed_Reward=0.04 | Cum_Reward=1.81
Sim Day 000, Time 21:15		
t=915 min | Steps=62 | CGM=120.0 | ROC=+0.491 | Mean4-CGM=117.4 | Err=+10.0 | InsLock=0 | Action=1/16 | rsci_RL=0.00 | InsRate=0.00 pmol/min | Delayed_Reward=0.09 | Cum_Reward=1.89
Sim Day 000, Time 21:30		
t=930 min | Steps=63 | CGM=123.8 | ROC=-0.137 | Mean4-CGM=122.6 | Err=+13.8 | InsLock=0 | Action=1/16 | rsci_RL=0.00 | InsRate=0.00 pmol/min | Delayed_Reward=0.09 | Cum_Reward=1.98
Sim Day 000, Time 21:45		
t=945 min | Steps=64 | CGM=128.4 | ROC=-0.541 | Mean4-CGM=127.5 | Err=+18.4 | InsLock=1 | Action=6/16 | rsci_RL=33.33 | InsRate=200.00 pmol/min | Delayed_Reward=0.09 | Cum_Reward=2.07
Sim Day 000, Time 22:00		
t=960 min | Steps=65 | CGM=132.2 | ROC=-0.251 | Mean4-CGM=131.9 | Err=+22.2 | InsLock=1 | Action=1/16 | rsci_RL=0.00 | InsRate=0.00 pmol/min | Delayed_Reward=0.09 | Cum_Reward=2.15
Sim Day 000, Time 22:15		
t=975 min | Steps=66 | CGM=123.0 | ROC=-1.266 | Mean4-CGM=129.2 | Err=+13.0 | InsLock=0 | Action=1/16 | rsci_RL=0.00 | InsRate=0.00 pmol/min | Delayed_Reward=0.09 | Cum_Reward=2.24
Sim Day 000, Time 22:30		
t=990 min | Steps=67 | CGM=117.5 | ROC=+0.175 | Mean4-CGM=119.4 | Err=+7.5 | InsLock=0 | Action=1/16 | rsci_RL=0.00 | InsRate=0.00 pmol/min | Delayed_Reward=0.09 | Cum_Reward=2.33
Sim Day 000, Time 22:45		
t=1005 min | Steps=68 | CGM=111.0 | ROC=-1.023 | Mean4-CGM=114.9 | Err=+1.0 | InsLock=0 | Action=1/16 | rsci_RL=0.00 | InsRate=0.00 pmol/min | Delayed_Reward=0.09 | Cum_Reward=2.41
Sim Day 000, Time 23:00		
t=1020 min | Steps=69 | CGM=112.0 | ROC=+0.326 | Mean4-CGM=111.6 | Err=+2.0 | InsLock=0 | Action=1/16 | rsci_RL=0.00 | InsRate=0.00 pmol/min | Delayed_Reward=0.09 | Cum_Reward=2.50
Sim Day 000, Time 23:15		
t=1035 min | Steps=70 | CGM=112.0 | ROC=+0.503 | Mean4-CGM=111.0 | Err=+2.0 | InsLock=0 | Action=1/16 | rsci_RL=0.00 | InsRate=0.00 pmol/min | Delayed_Reward=0.09 | Cum_Reward=2.59
Sim Day 000, Time 23:30		
t=1050 min | Steps=71 | CGM=116.9 | ROC=+0.683 | Mean4-CGM=113.6 | Err=+6.9 | InsLock=0 | Action=1/16 | rsci_RL=0.00 | InsRate=0.00 pmol/min | Delayed_Reward=0.09 | Cum_Reward=2.67
Sim Day 000, Time 23:45		
t=1065 min | Steps=72 | CGM=113.9 | ROC=-0.219 | Mean4-CGM=114.2 | Err=+3.9 | InsLock=0 | Action=1/16 | rsci_RL=0.00 | InsRate=0.00 pmol/min | Delayed_Reward=0.09 | Cum_Reward=2.76
Sim Day 000, Time 00:00		
t=1080 min | Steps=73 | CGM=115.2 | ROC=-0.708 | Mean4-CGM=115.9 | Err=+5.2 | InsLock=0 | Action=1/16 | rsci_RL=0.00 | InsRate=0.00 pmol/min | Delayed_Reward=0.09 | Cum_Reward=2.85
Sim Day 000, Time 00:15		
t=1095 min | Steps=74 | CGM=117.3 | ROC=+0.859 | Mean4-CGM=115.3 | Err=+7.3 | InsLock=0 | Action=1/16 | rsci_RL=0.00 | InsRate=0.00 pmol/min | Delayed_Reward=0.09 | Cum_Reward=2.93
Sim Day 000, Time 00:30		
t=1110 min | Steps=75 | CGM=116.3 | ROC=-0.517 | Mean4-CGM=117.6 | Err=+6.3 | InsLock=0 | Action=1/16 | rsci_RL=0.00 | InsRate=0.00 pmol/min | Delayed_Reward=0.09 | Cum_Reward=3.02
Sim Day 000, Time 00:45		
t=1125 min | Steps=76 | CGM=123.8 | ROC=+0.760 | Mean4-CGM=119.2 | Err=+13.8 | InsLock=0 | Action=1/16 | rsci_RL=0.00 | InsRate=0.00 pmol/min | Delayed_Reward=0.09 | Cum_Reward=3.11
Sim Day 000, Time 01:00		
t=1140 min | Steps=77 | CGM=123.2 | ROC=-0.594 | Mean4-CGM=124.6 | Err=+13.2 | InsLock=0 | Action=1/16 | rsci_RL=0.00 | InsRate=0.00 pmol/min | Delayed_Reward=0.09 | Cum_Reward=3.19
Sim Day 000, Time 01:15		
t=1155 min | Steps=78 | CGM=126.0 | ROC=+0.540 | Mean4-CGM=123.7 | Err=+16.0 | InsLock=1 | Action=6/16 | rsci_RL=33.33 | InsRate=200.00 pmol/min | Delayed_Reward=0.09 | Cum_Reward=3.28
Sim Day 000, Time 01:30		
t=1170 min | Steps=79 | CGM=128.3 | ROC=+0.554 | Mean4-CGM=126.1 | Err=+18.3 | InsLock=1 | Action=2/16 | rsci_RL=6.67 | InsRate=40.00 pmol/min | Delayed_Reward=0.09 | Cum_Reward=3.37
Sim Day 000, Time 01:45		
t=1185 min | Steps=80 | CGM=122.4 | ROC=+0.691 | Mean4-CGM=123.7 | Err=+12.4 | InsLock=0 | Action=1/16 | rsci_RL=0.00 | InsRate=0.00 pmol/min | Delayed_Reward=0.09 | Cum_Reward=3.45
Sim Day 000, Time 02:00		
t=1200 min | Steps=81 | CGM=111.1 | ROC=-0.740 | Mean4-CGM=116.8 | Err=+1.1 | InsLock=0 | Action=1/16 | rsci_RL=0.00 | InsRate=0.00 pmol/min | Delayed_Reward=0.09 | Cum_Reward=3.54
Sim Day 000, Time 02:15		
t=1215 min | Steps=82 | CGM=108.2 | ROC=-0.706 | Mean4-CGM=111.7 | Err=-1.8 | InsLock=0 | Action=1/16 | rsci_RL=0.00 | InsRate=0.00 pmol/min | Delayed_Reward=0.09 | Cum_Reward=3.63
Sim Day 000, Time 02:30		
t=1230 min | Steps=83 | CGM=109.2 | ROC=+0.047 | Mean4-CGM=109.4 | Err=-0.8 | InsLock=0 | Action=1/16 | rsci_RL=0.00 | InsRate=0.00 pmol/min | Delayed_Reward=0.00 | Cum_Reward=3.63
Sim Day 000, Time 02:45		
t=1245 min | Steps=84 | CGM=111.4 | ROC=+0.527 | Mean4-CGM=110.4 | Err=+1.4 | InsLock=0 | Action=1/16 | rsci_RL=0.00 | InsRate=0.00 pmol/min | Delayed_Reward=0.09 | Cum_Reward=3.72
Sim Day 000, Time 03:00		
t=1260 min | Steps=85 | CGM=113.5 | ROC=-0.390 | Mean4-CGM=113.5 | Err=+3.5 | InsLock=0 | Action=1/16 | rsci_RL=0.00 | InsRate=0.00 pmol/min | Delayed_Reward=0.09 | Cum_Reward=3.80
Sim Day 000, Time 03:15		
t=1275 min | Steps=86 | CGM=116.7 | ROC=-0.347 | Mean4-CGM=115.4 | Err=+6.7 | InsLock=0 | Action=1/16 | rsci_RL=0.00 | InsRate=0.00 pmol/min | Delayed_Reward=0.09 | Cum_Reward=3.89
Sim Day 000, Time 03:30		
t=1290 min | Steps=87 | CGM=119.7 | ROC=+0.321 | Mean4-CGM=117.6 | Err=+9.7 | InsLock=0 | Action=1/16 | rsci_RL=0.00 | InsRate=0.00 pmol/min | Delayed_Reward=0.09 | Cum_Reward=3.98
Sim Day 000, Time 03:45		
t=1305 min | Steps=88 | CGM=122.8 | ROC=+0.459 | Mean4-CGM=120.6 | Err=+12.8 | InsLock=0 | Action=1/16 | rsci_RL=0.00 | InsRate=0.00 pmol/min | Delayed_Reward=0.09 | Cum_Reward=4.06
Sim Day 000, Time 04:00		
t=1320 min | Steps=89 | CGM=122.7 | ROC=+0.484 | Mean4-CGM=122.4 | Err=+12.7 | InsLock=0 | Action=1/16 | rsci_RL=0.00 | InsRate=0.00 pmol/min | Delayed_Reward=0.09 | Cum_Reward=4.15
Sim Day 000, Time 04:15		
t=1335 min | Steps=90 | CGM=123.6 | ROC=-0.032 | Mean4-CGM=123.9 | Err=+13.6 | InsLock=0 | Action=1/16 | rsci_RL=0.00 | InsRate=0.00 pmol/min | Delayed_Reward=0.09 | Cum_Reward=4.24
Sim Day 000, Time 04:30		
t=1350 min | Steps=91 | CGM=127.6 | ROC=+0.660 | Mean4-CGM=125.0 | Err=+17.6 | InsLock=1 | Action=6/16 | rsci_RL=33.33 | InsRate=200.00 pmol/min | Delayed_Reward=0.09 | Cum_Reward=4.32
Sim Day 000, Time 04:45		
t=1365 min | Steps=92 | CGM=127.9 | ROC=+0.740 | Mean4-CGM=127.6 | Err=+17.9 | InsLock=1 | Action=2/16 | rsci_RL=6.67 | InsRate=40.00 pmol/min | Delayed_Reward=0.09 | Cum_Reward=4.41
Sim Day 000, Time 05:00		
t=1380 min | Steps=93 | CGM=125.2 | ROC=-0.492 | Mean4-CGM=126.9 | Err=+15.2 | InsLock=1 | Action=1/16 | rsci_RL=0.00 | InsRate=0.00 pmol/min | Delayed_Reward=0.09 | Cum_Reward=4.50
Sim Day 000, Time 05:15		
t=1395 min | Steps=94 | CGM=124.0 | ROC=+0.607 | Mean4-CGM=123.1 | Err=+14.0 | InsLock=0 | Action=1/16 | rsci_RL=0.00 | InsRate=0.00 pmol/min | Delayed_Reward=0.09 | Cum_Reward=4.58
Sim Day 000, Time 05:30		
t=1410 min | Steps=95 | CGM=121.1 | ROC=+0.646 | Mean4-CGM=121.7 | Err=+11.1 | InsLock=0 | Action=1/16 | rsci_RL=0.00 | InsRate=0.00 pmol/min | Delayed_Reward=0.09 | Cum_Reward=4.67
Sim Day 000, Time 05:45		
t=1425 min | Steps=96 | CGM=120.0 | ROC=-0.489 | Mean4-CGM=120.4 | Err=+10.0 | InsLock=0 | Action=1/16 | rsci_RL=0.00 | InsRate=0.00 pmol/min | Delayed_Reward=0.09 | Cum_Reward=4.76
Sim Day 001, Time 06:00		
t=1440 min | Steps=97 | CGM=120.1 | ROC=-0.691 | Mean4-CGM=121.3 | Err=+10.1 | InsLock=0 | Action=1/16 | rsci_RL=0.00 | InsRate=0.00 pmol/min | Delayed_Reward=0.09 | Cum_Reward=4.84

24h-RESUME | subject=adult#007 | Total_Steps=97 |  Total_Reward=4.84 |  Average_Reward=0.050
