Sim Day 000, Time 06:00		
rlController INIT | subject=adult#004 | pop=Type1 Adult | Gb=119.4 | dailyBasal=22.82U | convFactor=6.00 | cgm_t0=118.4 mg/dL
t=0  min | Steps=1 | CGM=118.4 | ROC=+0.000 | Mean4-CGM=118.4 | Err=+8.4 | InsLock=0 | Action=1/16 | rsci_RL=0.00 | InsRate=0.00 pmol/min | 
Sim Day 000, Time 06:15		
t=15 min | Steps=2 | CGM=120.2 | ROC=+0.277 | Mean4-CGM=118.9 | Err=+10.2 | InsLock=0 | Action=1/16 | rsci_RL=0.00 | InsRate=0.00 pmol/min | Delayed_Reward=0.09 | Cum_Reward=0.09
Sim Day 000, Time 06:30		
t=30 min | Steps=3 | CGM=121.5 | ROC=+0.492 | Mean4-CGM=119.8 | Err=+11.5 | InsLock=0 | Action=1/16 | rsci_RL=0.00 | InsRate=0.00 pmol/min | Delayed_Reward=0.09 | Cum_Reward=0.17
Sim Day 000, Time 06:45		
t=45 min | Steps=4 | CGM=124.0 | ROC=+0.062 | Mean4-CGM=122.5 | Err=+14.0 | InsLock=0 | Action=1/16 | rsci_RL=0.00 | InsRate=0.00 pmol/min | Delayed_Reward=0.09 | Cum_Reward=0.26
Sim Day 000, Time 07:00		
t=60 min | Steps=5 | CGM=124.6 | ROC=+0.410 | Mean4-CGM=124.3 | Err=+14.6 | InsLock=0 | Action=1/16 | rsci_RL=0.00 | InsRate=0.00 pmol/min | Delayed_Reward=0.09 | Cum_Reward=0.35
Sim Day 000, Time 07:15		
t=75 min | Steps=6 | CGM=131.5 | ROC=+1.361 | Mean4-CGM=127.3 | Err=+21.5 | InsLock=1 | Action=6/16 | rsci_RL=33.33 | InsRate=200.00 pmol/min | Delayed_Reward=0.09 | Cum_Reward=0.43
Sim Day 000, Time 07:30		
t=90 min | Steps=7 | CGM=151.2 | ROC=+2.029 | Mean4-CGM=140.2 | Err=+41.2 | InsLock=1 | Action=16/16 | rsci_RL=100.00 | InsRate=600.00 pmol/min | Delayed_Reward=-0.03 | Cum_Reward=0.40
Sim Day 000, Time 07:45		
t=105 min | Steps=8 | CGM=164.8 | ROC=+0.906 | Mean4-CGM=156.7 | Err=+54.8 | InsLock=1 | Action=15/16 | rsci_RL=93.33 | InsRate=560.00 pmol/min | Delayed_Reward=-0.02 | Cum_Reward=0.38
Sim Day 000, Time 08:00		
t=120 min | Steps=9 | CGM=159.7 | ROC=-0.987 | Mean4-CGM=163.1 | Err=+49.7 | InsLock=1 | Action=15/16 | rsci_RL=93.33 | InsRate=560.00 pmol/min | Delayed_Reward=0.02 | Cum_Reward=0.40
Sim Day 000, Time 08:15		
t=135 min | Steps=10 | CGM=151.1 | ROC=-0.988 | Mean4-CGM=157.4 | Err=+41.1 | InsLock=1 | Action=7/16 | rsci_RL=40.00 | InsRate=240.00 pmol/min | Delayed_Reward=0.02 | Cum_Reward=0.42
Sim Day 000, Time 08:30		
t=150 min | Steps=11 | CGM=130.3 | ROC=-2.179 | Mean4-CGM=141.4 | Err=+20.3 | InsLock=1 | Action=1/16 | rsci_RL=0.00 | InsRate=0.00 pmol/min | Delayed_Reward=0.04 | Cum_Reward=0.45
Sim Day 000, Time 08:45		
t=165 min | Steps=12 | CGM=115.6 | ROC=-1.461 | Mean4-CGM=123.8 | Err=+5.6 | InsLock=0 | Action=1/16 | rsci_RL=0.00 | InsRate=0.00 pmol/min | Delayed_Reward=0.09 | Cum_Reward=0.54
Sim Day 000, Time 09:00		
t=180 min | Steps=13 | CGM=107.5 | ROC=-0.892 | Mean4-CGM=111.2 | Err=-2.5 | InsLock=0 | Action=1/16 | rsci_RL=0.00 | InsRate=0.00 pmol/min | Delayed_Reward=0.09 | Cum_Reward=0.63
Sim Day 000, Time 09:15		
t=195 min | Steps=14 | CGM=104.1 | ROC=+0.135 | Mean4-CGM=104.9 | Err=-5.9 | InsLock=0 | Action=1/16 | rsci_RL=0.00 | InsRate=0.00 pmol/min | Delayed_Reward=0.01 | Cum_Reward=0.63
Sim Day 000, Time 09:30		
t=210 min | Steps=15 | CGM=104.4 | ROC=+0.344 | Mean4-CGM=103.3 | Err=-5.6 | InsLock=0 | Action=1/16 | rsci_RL=0.00 | InsRate=0.00 pmol/min | Delayed_Reward=0.02 | Cum_Reward=0.65
Sim Day 000, Time 09:45		
t=225 min | Steps=16 | CGM=106.5 | ROC=+0.255 | Mean4-CGM=104.3 | Err=-3.5 | InsLock=0 | Action=1/16 | rsci_RL=0.00 | InsRate=0.00 pmol/min | Delayed_Reward=0.01 | Cum_Reward=0.67
Sim Day 000, Time 10:00		
t=240 min | Steps=17 | CGM=108.8 | ROC=+0.027 | Mean4-CGM=107.8 | Err=-1.2 | InsLock=0 | Action=1/16 | rsci_RL=0.00 | InsRate=0.00 pmol/min | Delayed_Reward=0.00 | Cum_Reward=0.67
Sim Day 000, Time 10:15		
t=255 min | Steps=18 | CGM=110.5 | ROC=+0.334 | Mean4-CGM=109.9 | Err=+0.5 | InsLock=0 | Action=1/16 | rsci_RL=0.00 | InsRate=0.00 pmol/min | Delayed_Reward=0.02 | Cum_Reward=0.69
Sim Day 000, Time 10:30		
t=270 min | Steps=19 | CGM=112.3 | ROC=+0.209 | Mean4-CGM=110.9 | Err=+2.3 | InsLock=0 | Action=1/16 | rsci_RL=0.00 | InsRate=0.00 pmol/min | Delayed_Reward=0.09 | Cum_Reward=0.77
Sim Day 000, Time 10:45		
t=285 min | Steps=20 | CGM=113.7 | ROC=+0.177 | Mean4-CGM=112.9 | Err=+3.7 | InsLock=0 | Action=1/16 | rsci_RL=0.00 | InsRate=0.00 pmol/min | Delayed_Reward=0.09 | Cum_Reward=0.86
Sim Day 000, Time 11:00		
t=300 min | Steps=21 | CGM=111.0 | ROC=-0.263 | Mean4-CGM=112.7 | Err=+1.0 | InsLock=0 | Action=1/16 | rsci_RL=0.00 | InsRate=0.00 pmol/min | Delayed_Reward=0.09 | Cum_Reward=0.95
Sim Day 000, Time 11:15		
t=315 min | Steps=22 | CGM=111.7 | ROC=-0.137 | Mean4-CGM=112.2 | Err=+1.7 | InsLock=0 | Action=1/16 | rsci_RL=0.00 | InsRate=0.00 pmol/min | Delayed_Reward=0.09 | Cum_Reward=1.03
Sim Day 000, Time 11:30		
t=330 min | Steps=23 | CGM=109.9 | ROC=-0.122 | Mean4-CGM=110.7 | Err=-0.1 | InsLock=0 | Action=1/16 | rsci_RL=0.00 | InsRate=0.00 pmol/min | Delayed_Reward=0.09 | Cum_Reward=1.12
Sim Day 000, Time 11:45		
t=345 min | Steps=24 | CGM=113.9 | ROC=+0.130 | Mean4-CGM=112.7 | Err=+3.9 | InsLock=0 | Action=1/16 | rsci_RL=0.00 | InsRate=0.00 pmol/min | Delayed_Reward=0.09 | Cum_Reward=1.21
Sim Day 000, Time 12:00		
t=360 min | Steps=25 | CGM=113.4 | ROC=-0.603 | Mean4-CGM=113.7 | Err=+3.4 | InsLock=0 | Action=1/16 | rsci_RL=0.00 | InsRate=0.00 pmol/min | Delayed_Reward=0.09 | Cum_Reward=1.29
Sim Day 000, Time 12:15		
t=375 min | Steps=26 | CGM=140.1 | ROC=+1.526 | Mean4-CGM=126.9 | Err=+30.1 | InsLock=1 | Action=6/16 | rsci_RL=33.33 | InsRate=200.00 pmol/min | Delayed_Reward=0.09 | Cum_Reward=1.38
Sim Day 000, Time 12:30		
t=390 min | Steps=27 | CGM=165.5 | ROC=+1.046 | Mean4-CGM=154.2 | Err=+55.5 | InsLock=1 | Action=16/16 | rsci_RL=100.00 | InsRate=600.00 pmol/min | Delayed_Reward=-0.02 | Cum_Reward=1.36
Sim Day 000, Time 12:45		
t=405 min | Steps=28 | CGM=184.3 | ROC=+0.644 | Mean4-CGM=177.0 | Err=+74.3 | InsLock=1 | Action=15/16 | rsci_RL=93.33 | InsRate=560.00 pmol/min | Delayed_Reward=-0.01 | Cum_Reward=1.35
Sim Day 000, Time 13:00		
t=420 min | Steps=29 | CGM=173.5 | ROC=-1.772 | Mean4-CGM=181.4 | Err=+63.5 | InsLock=1 | Action=15/16 | rsci_RL=93.33 | InsRate=560.00 pmol/min | Delayed_Reward=0.03 | Cum_Reward=1.38
Sim Day 000, Time 13:15		
t=435 min | Steps=30 | CGM=146.0 | ROC=-2.240 | Mean4-CGM=160.9 | Err=+36.0 | InsLock=1 | Action=3/16 | rsci_RL=13.33 | InsRate=80.00 pmol/min | Delayed_Reward=0.04 | Cum_Reward=1.42
Sim Day 000, Time 13:30		
t=450 min | Steps=31 | CGM=110.0 | ROC=-2.893 | Mean4-CGM=129.2 | Err=+0.0 | InsLock=0 | Action=1/16 | rsci_RL=0.00 | InsRate=0.00 pmol/min | Delayed_Reward=0.09 | Cum_Reward=1.50
Sim Day 000, Time 13:45		
t=465 min | Steps=32 | CGM=88.7 | ROC=-1.701 | Mean4-CGM=100.7 | Err=-21.3 | InsLock=0 | Action=1/16 | rsci_RL=0.00 | InsRate=0.00 pmol/min | Delayed_Reward=-0.09 | Cum_Reward=1.41
Sim Day 000, Time 14:00		
t=480 min | Steps=33 | CGM=76.3 | ROC=-0.632 | Mean4-CGM=82.7 | Err=-33.7 | InsLock=0 | Action=1/16 | rsci_RL=0.00 | InsRate=0.00 pmol/min | Delayed_Reward=-0.10 | Cum_Reward=1.31
Sim Day 000, Time 14:15		
t=495 min | Steps=34 | CGM=71.7 | ROC=+0.136 | Mean4-CGM=73.6 | Err=-38.3 | InsLock=0 | Action=1/16 | rsci_RL=0.00 | InsRate=0.00 pmol/min | Delayed_Reward=-0.06 | Cum_Reward=1.25
Sim Day 000, Time 14:30		
t=510 min | Steps=35 | CGM=71.4 | ROC=-0.690 | Mean4-CGM=72.4 | Err=-38.6 | InsLock=0 | Action=1/16 | rsci_RL=0.00 | InsRate=0.00 pmol/min | Delayed_Reward=-0.10 | Cum_Reward=1.15
Sim Day 000, Time 14:45		
t=525 min | Steps=36 | CGM=75.7 | ROC=+0.452 | Mean4-CGM=72.7 | Err=-34.3 | InsLock=0 | Action=1/16 | rsci_RL=0.00 | InsRate=0.00 pmol/min | Delayed_Reward=-0.04 | Cum_Reward=1.11
Sim Day 000, Time 15:00		
t=540 min | Steps=37 | CGM=81.4 | ROC=+0.067 | Mean4-CGM=78.7 | Err=-28.6 | InsLock=0 | Action=1/16 | rsci_RL=0.00 | InsRate=0.00 pmol/min | Delayed_Reward=-0.06 | Cum_Reward=1.04
Sim Day 000, Time 15:15		
t=555 min | Steps=38 | CGM=86.1 | ROC=+0.890 | Mean4-CGM=82.3 | Err=-23.9 | InsLock=0 | Action=1/16 | rsci_RL=0.00 | InsRate=0.00 pmol/min | Delayed_Reward=-0.02 | Cum_Reward=1.03
Sim Day 000, Time 15:30		
t=570 min | Steps=39 | CGM=87.4 | ROC=+0.299 | Mean4-CGM=86.9 | Err=-22.6 | InsLock=0 | Action=1/16 | rsci_RL=0.00 | InsRate=0.00 pmol/min | Delayed_Reward=-0.05 | Cum_Reward=0.97
Sim Day 000, Time 15:45		
t=585 min | Steps=40 | CGM=86.6 | ROC=+0.065 | Mean4-CGM=86.7 | Err=-23.4 | InsLock=0 | Action=1/16 | rsci_RL=0.00 | InsRate=0.00 pmol/min | Delayed_Reward=-0.06 | Cum_Reward=0.91
Sim Day 000, Time 16:00		
t=600 min | Steps=41 | CGM=86.7 | ROC=-0.561 | Mean4-CGM=87.1 | Err=-23.3 | InsLock=0 | Action=1/16 | rsci_RL=0.00 | InsRate=0.00 pmol/min | Delayed_Reward=-0.10 | Cum_Reward=0.81
Sim Day 000, Time 16:15		
t=615 min | Steps=42 | CGM=92.2 | ROC=+0.128 | Mean4-CGM=89.8 | Err=-17.8 | InsLock=0 | Action=1/16 | rsci_RL=0.00 | InsRate=0.00 pmol/min | Delayed_Reward=-0.06 | Cum_Reward=0.75
Sim Day 000, Time 16:30		
t=630 min | Steps=43 | CGM=91.8 | ROC=-0.269 | Mean4-CGM=92.0 | Err=-18.2 | InsLock=0 | Action=1/16 | rsci_RL=0.00 | InsRate=0.00 pmol/min | Delayed_Reward=-0.08 | Cum_Reward=0.67
Sim Day 000, Time 16:45		
t=645 min | Steps=44 | CGM=93.8 | ROC=+0.163 | Mean4-CGM=92.9 | Err=-16.2 | InsLock=0 | Action=1/16 | rsci_RL=0.00 | InsRate=0.00 pmol/min | Delayed_Reward=-0.06 | Cum_Reward=0.62
Sim Day 000, Time 17:00		
t=660 min | Steps=45 | CGM=99.2 | ROC=+0.707 | Mean4-CGM=95.6 | Err=-10.8 | InsLock=0 | Action=1/16 | rsci_RL=0.00 | InsRate=0.00 pmol/min | Delayed_Reward=-0.03 | Cum_Reward=0.59
Sim Day 000, Time 17:15		
t=675 min | Steps=46 | CGM=98.0 | ROC=+0.146 | Mean4-CGM=97.2 | Err=-12.0 | InsLock=0 | Action=1/16 | rsci_RL=0.00 | InsRate=0.00 pmol/min | Delayed_Reward=-0.06 | Cum_Reward=0.53
Sim Day 000, Time 17:30		
t=690 min | Steps=47 | CGM=101.9 | ROC=+0.678 | Mean4-CGM=99.1 | Err=-8.1 | InsLock=0 | Action=1/16 | rsci_RL=0.00 | InsRate=0.00 pmol/min | Delayed_Reward=-0.03 | Cum_Reward=0.50
Sim Day 000, Time 17:45		
t=705 min | Steps=48 | CGM=98.6 | ROC=-0.570 | Mean4-CGM=100.5 | Err=-11.4 | InsLock=0 | Action=1/16 | rsci_RL=0.00 | InsRate=0.00 pmol/min | Delayed_Reward=-0.03 | Cum_Reward=0.47
Sim Day 000, Time 18:00		
t=720 min | Steps=49 | CGM=103.3 | ROC=-0.869 | Mean4-CGM=102.9 | Err=-6.7 | InsLock=0 | Action=1/16 | rsci_RL=0.00 | InsRate=0.00 pmol/min | Delayed_Reward=-0.05 | Cum_Reward=0.42
Sim Day 000, Time 18:15		
t=735 min | Steps=50 | CGM=107.3 | ROC=+0.868 | Mean4-CGM=103.8 | Err=-2.7 | InsLock=0 | Action=1/16 | rsci_RL=0.00 | InsRate=0.00 pmol/min | Delayed_Reward=0.05 | Cum_Reward=0.47
Sim Day 000, Time 18:30		
t=750 min | Steps=51 | CGM=108.4 | ROC=+1.061 | Mean4-CGM=106.1 | Err=-1.6 | InsLock=0 | Action=1/16 | rsci_RL=0.00 | InsRate=0.00 pmol/min | Delayed_Reward=0.06 | Cum_Reward=0.52
Sim Day 000, Time 18:45		
t=765 min | Steps=52 | CGM=107.2 | ROC=+0.070 | Mean4-CGM=106.5 | Err=-2.8 | InsLock=0 | Action=1/16 | rsci_RL=0.00 | InsRate=0.00 pmol/min | Delayed_Reward=0.00 | Cum_Reward=0.53
Sim Day 000, Time 19:00		
t=780 min | Steps=53 | CGM=117.2 | ROC=+1.551 | Mean4-CGM=110.8 | Err=+7.2 | InsLock=0 | Action=1/16 | rsci_RL=0.00 | InsRate=0.00 pmol/min | Delayed_Reward=0.09 | Cum_Reward=0.61
Sim Day 000, Time 19:15		
t=795 min | Steps=54 | CGM=132.3 | ROC=+2.031 | Mean4-CGM=121.6 | Err=+22.3 | InsLock=1 | Action=6/16 | rsci_RL=33.33 | InsRate=200.00 pmol/min | Delayed_Reward=0.09 | Cum_Reward=0.70
Sim Day 000, Time 19:30		
t=810 min | Steps=55 | CGM=159.5 | ROC=+1.590 | Mean4-CGM=145.4 | Err=+49.5 | InsLock=1 | Action=16/16 | rsci_RL=100.00 | InsRate=600.00 pmol/min | Delayed_Reward=-0.03 | Cum_Reward=0.67
Sim Day 000, Time 19:45		
t=825 min | Steps=56 | CGM=171.0 | ROC=-0.408 | Mean4-CGM=167.5 | Err=+61.0 | InsLock=1 | Action=16/16 | rsci_RL=100.00 | InsRate=600.00 pmol/min | Delayed_Reward=0.01 | Cum_Reward=0.68
Sim Day 000, Time 20:00		
t=840 min | Steps=57 | CGM=163.0 | ROC=-0.630 | Mean4-CGM=167.2 | Err=+53.0 | InsLock=1 | Action=15/16 | rsci_RL=93.33 | InsRate=560.00 pmol/min | Delayed_Reward=0.01 | Cum_Reward=0.69
Sim Day 000, Time 20:15		
t=855 min | Steps=58 | CGM=131.2 | ROC=-2.769 | Mean4-CGM=148.3 | Err=+21.2 | InsLock=1 | Action=3/16 | rsci_RL=13.33 | InsRate=80.00 pmol/min | Delayed_Reward=0.05 | Cum_Reward=0.74
Sim Day 000, Time 20:30		
t=870 min | Steps=59 | CGM=100.4 | ROC=-2.011 | Mean4-CGM=116.1 | Err=-9.6 | InsLock=0 | Action=1/16 | rsci_RL=0.00 | InsRate=0.00 pmol/min | Delayed_Reward=0.09 | Cum_Reward=0.82
Sim Day 000, Time 20:45		
t=885 min | Steps=60 | CGM=76.2 | ROC=-1.111 | Mean4-CGM=87.0 | Err=-33.8 | InsLock=0 | Action=1/16 | rsci_RL=0.00 | InsRate=0.00 pmol/min | Delayed_Reward=-0.13 | Cum_Reward=0.70
Sim Day 000, Time 21:00		
t=900 min | Steps=61 | CGM=63.3 | ROC=-0.494 | Mean4-CGM=69.4 | Err=-46.7 | InsLock=0 | Action=1/16 | rsci_RL=0.00 | InsRate=0.00 pmol/min | Delayed_Reward=-0.09 | Cum_Reward=0.61
Sim Day 000, Time 21:15		
t=915 min | Steps=62 | CGM=58.5 | ROC=-0.059 | Mean4-CGM=61.2 | Err=-51.5 | InsLock=0 | Action=1/16 | rsci_RL=0.00 | InsRate=0.00 pmol/min | Delayed_Reward=-0.07 | Cum_Reward=0.54
Sim Day 000, Time 21:30		
t=930 min | Steps=63 | CGM=59.4 | ROC=-0.191 | Mean4-CGM=59.2 | Err=-50.6 | InsLock=0 | Action=1/16 | rsci_RL=0.00 | InsRate=0.00 pmol/min | Delayed_Reward=-0.08 | Cum_Reward=0.46
Sim Day 000, Time 21:45		
t=945 min | Steps=64 | CGM=65.4 | ROC=-0.404 | Mean4-CGM=63.6 | Err=-44.6 | InsLock=0 | Action=1/16 | rsci_RL=0.00 | InsRate=0.00 pmol/min | Delayed_Reward=-0.09 | Cum_Reward=0.37
Sim Day 000, Time 22:00		
t=960 min | Steps=65 | CGM=72.5 | ROC=+0.073 | Mean4-CGM=70.3 | Err=-37.5 | InsLock=0 | Action=1/16 | rsci_RL=0.00 | InsRate=0.00 pmol/min | Delayed_Reward=-0.06 | Cum_Reward=0.31
Sim Day 000, Time 22:15		
t=975 min | Steps=66 | CGM=73.7 | ROC=-0.460 | Mean4-CGM=74.3 | Err=-36.3 | InsLock=0 | Action=1/16 | rsci_RL=0.00 | InsRate=0.00 pmol/min | Delayed_Reward=-0.09 | Cum_Reward=0.22
Sim Day 000, Time 22:30		
t=990 min | Steps=67 | CGM=78.6 | ROC=+0.783 | Mean4-CGM=75.6 | Err=-31.4 | InsLock=0 | Action=1/16 | rsci_RL=0.00 | InsRate=0.00 pmol/min | Delayed_Reward=-0.02 | Cum_Reward=0.19
Sim Day 000, Time 22:45		
t=1005 min | Steps=68 | CGM=78.4 | ROC=-0.702 | Mean4-CGM=79.4 | Err=-31.6 | InsLock=0 | Action=1/16 | rsci_RL=0.00 | InsRate=0.00 pmol/min | Delayed_Reward=-0.10 | Cum_Reward=0.09
Sim Day 000, Time 23:00		
t=1020 min | Steps=69 | CGM=82.1 | ROC=+0.460 | Mean4-CGM=80.5 | Err=-27.9 | InsLock=0 | Action=1/16 | rsci_RL=0.00 | InsRate=0.00 pmol/min | Delayed_Reward=-0.04 | Cum_Reward=0.05
Sim Day 000, Time 23:15		
t=1035 min | Steps=70 | CGM=83.2 | ROC=+0.546 | Mean4-CGM=81.7 | Err=-26.8 | InsLock=0 | Action=1/16 | rsci_RL=0.00 | InsRate=0.00 pmol/min | Delayed_Reward=-0.04 | Cum_Reward=0.01
Sim Day 000, Time 23:30		
t=1050 min | Steps=71 | CGM=88.4 | ROC=+0.694 | Mean4-CGM=84.9 | Err=-21.6 | InsLock=0 | Action=1/16 | rsci_RL=0.00 | InsRate=0.00 pmol/min | Delayed_Reward=-0.03 | Cum_Reward=-0.02
Sim Day 000, Time 23:45		
t=1065 min | Steps=72 | CGM=85.5 | ROC=-0.211 | Mean4-CGM=85.7 | Err=-24.5 | InsLock=0 | Action=1/16 | rsci_RL=0.00 | InsRate=0.00 pmol/min | Delayed_Reward=-0.08 | Cum_Reward=-0.10
Sim Day 000, Time 00:00		
t=1080 min | Steps=73 | CGM=86.9 | ROC=-0.699 | Mean4-CGM=87.6 | Err=-23.1 | InsLock=0 | Action=1/16 | rsci_RL=0.00 | InsRate=0.00 pmol/min | Delayed_Reward=-0.10 | Cum_Reward=-0.20
Sim Day 000, Time 00:15		
t=1095 min | Steps=74 | CGM=89.1 | ROC=+0.871 | Mean4-CGM=87.1 | Err=-20.9 | InsLock=0 | Action=1/16 | rsci_RL=0.00 | InsRate=0.00 pmol/min | Delayed_Reward=-0.02 | Cum_Reward=-0.22
Sim Day 000, Time 00:30		
t=1110 min | Steps=75 | CGM=88.4 | ROC=-0.497 | Mean4-CGM=89.6 | Err=-21.6 | InsLock=0 | Action=1/16 | rsci_RL=0.00 | InsRate=0.00 pmol/min | Delayed_Reward=-0.09 | Cum_Reward=-0.32
Sim Day 000, Time 00:45		
t=1125 min | Steps=76 | CGM=96.4 | ROC=+0.791 | Mean4-CGM=91.5 | Err=-13.6 | InsLock=0 | Action=1/16 | rsci_RL=0.00 | InsRate=0.00 pmol/min | Delayed_Reward=-0.02 | Cum_Reward=-0.34
Sim Day 000, Time 01:00		
t=1140 min | Steps=77 | CGM=96.3 | ROC=-0.553 | Mean4-CGM=97.4 | Err=-13.7 | InsLock=0 | Action=1/16 | rsci_RL=0.00 | InsRate=0.00 pmol/min | Delayed_Reward=-0.10 | Cum_Reward=-0.44
Sim Day 000, Time 01:15		
t=1155 min | Steps=78 | CGM=99.8 | ROC=+0.591 | Mean4-CGM=97.2 | Err=-10.2 | InsLock=0 | Action=1/16 | rsci_RL=0.00 | InsRate=0.00 pmol/min | Delayed_Reward=-0.04 | Cum_Reward=-0.47
Sim Day 000, Time 01:30		
t=1170 min | Steps=79 | CGM=103.9 | ROC=+0.770 | Mean4-CGM=100.6 | Err=-6.1 | InsLock=0 | Action=1/16 | rsci_RL=0.00 | InsRate=0.00 pmol/min | Delayed_Reward=0.04 | Cum_Reward=-0.43
Sim Day 000, Time 01:45		
t=1185 min | Steps=80 | CGM=106.8 | ROC=+1.385 | Mean4-CGM=103.3 | Err=-3.2 | InsLock=0 | Action=1/16 | rsci_RL=0.00 | InsRate=0.00 pmol/min | Delayed_Reward=0.07 | Cum_Reward=-0.36
Sim Day 000, Time 02:00		
t=1200 min | Steps=81 | CGM=104.4 | ROC=-0.233 | Mean4-CGM=105.8 | Err=-5.6 | InsLock=0 | Action=1/16 | rsci_RL=0.00 | InsRate=0.00 pmol/min | Delayed_Reward=-0.01 | Cum_Reward=-0.37
Sim Day 000, Time 02:15		
t=1215 min | Steps=82 | CGM=106.2 | ROC=-0.466 | Mean4-CGM=107.5 | Err=-3.8 | InsLock=0 | Action=1/16 | rsci_RL=0.00 | InsRate=0.00 pmol/min | Delayed_Reward=-0.02 | Cum_Reward=-0.40
Sim Day 000, Time 02:30		
t=1230 min | Steps=83 | CGM=109.3 | ROC=+0.138 | Mean4-CGM=108.5 | Err=-0.7 | InsLock=0 | Action=1/16 | rsci_RL=0.00 | InsRate=0.00 pmol/min | Delayed_Reward=0.01 | Cum_Reward=-0.39
Sim Day 000, Time 02:45		
t=1245 min | Steps=84 | CGM=112.1 | ROC=+0.559 | Mean4-CGM=110.8 | Err=+2.1 | InsLock=0 | Action=1/16 | rsci_RL=0.00 | InsRate=0.00 pmol/min | Delayed_Reward=0.09 | Cum_Reward=-0.30
Sim Day 000, Time 03:00		
t=1260 min | Steps=85 | CGM=114.6 | ROC=-0.373 | Mean4-CGM=114.4 | Err=+4.6 | InsLock=0 | Action=1/16 | rsci_RL=0.00 | InsRate=0.00 pmol/min | Delayed_Reward=0.09 | Cum_Reward=-0.21
Sim Day 000, Time 03:15		
t=1275 min | Steps=86 | CGM=117.9 | ROC=-0.337 | Mean4-CGM=116.6 | Err=+7.9 | InsLock=0 | Action=1/16 | rsci_RL=0.00 | InsRate=0.00 pmol/min | Delayed_Reward=0.09 | Cum_Reward=-0.13
Sim Day 000, Time 03:30		
t=1290 min | Steps=87 | CGM=121.0 | ROC=+0.324 | Mean4-CGM=118.9 | Err=+11.0 | InsLock=0 | Action=1/16 | rsci_RL=0.00 | InsRate=0.00 pmol/min | Delayed_Reward=0.09 | Cum_Reward=-0.04
Sim Day 000, Time 03:45		
t=1305 min | Steps=88 | CGM=124.1 | ROC=+0.457 | Mean4-CGM=121.9 | Err=+14.1 | InsLock=0 | Action=1/16 | rsci_RL=0.00 | InsRate=0.00 pmol/min | Delayed_Reward=0.09 | Cum_Reward=0.05
Sim Day 000, Time 04:00		
t=1320 min | Steps=89 | CGM=123.9 | ROC=+0.481 | Mean4-CGM=123.7 | Err=+13.9 | InsLock=0 | Action=1/16 | rsci_RL=0.00 | InsRate=0.00 pmol/min | Delayed_Reward=0.09 | Cum_Reward=0.13
Sim Day 000, Time 04:15		
t=1335 min | Steps=90 | CGM=124.8 | ROC=-0.037 | Mean4-CGM=125.1 | Err=+14.8 | InsLock=0 | Action=1/16 | rsci_RL=0.00 | InsRate=0.00 pmol/min | Delayed_Reward=0.09 | Cum_Reward=0.22
Sim Day 000, Time 04:30		
t=1350 min | Steps=91 | CGM=128.7 | ROC=+0.654 | Mean4-CGM=126.1 | Err=+18.7 | InsLock=1 | Action=6/16 | rsci_RL=33.33 | InsRate=200.00 pmol/min | Delayed_Reward=0.09 | Cum_Reward=0.31
Sim Day 000, Time 04:45		
t=1365 min | Steps=92 | CGM=129.2 | ROC=+0.781 | Mean4-CGM=128.8 | Err=+19.2 | InsLock=1 | Action=2/16 | rsci_RL=6.67 | InsRate=40.00 pmol/min | Delayed_Reward=0.09 | Cum_Reward=0.39
Sim Day 000, Time 05:00		
t=1380 min | Steps=93 | CGM=128.5 | ROC=-0.339 | Mean4-CGM=129.1 | Err=+18.5 | InsLock=1 | Action=1/16 | rsci_RL=0.00 | InsRate=0.00 pmol/min | Delayed_Reward=0.09 | Cum_Reward=0.48
Sim Day 000, Time 05:15		
t=1395 min | Steps=94 | CGM=128.9 | ROC=+0.684 | Mean4-CGM=127.3 | Err=+18.9 | InsLock=1 | Action=3/16 | rsci_RL=13.33 | InsRate=80.00 pmol/min | Delayed_Reward=0.09 | Cum_Reward=0.57
Sim Day 000, Time 05:30		
t=1410 min | Steps=95 | CGM=126.5 | ROC=+0.665 | Mean4-CGM=126.9 | Err=+16.5 | InsLock=1 | Action=3/16 | rsci_RL=13.33 | InsRate=80.00 pmol/min | Delayed_Reward=0.09 | Cum_Reward=0.65
Sim Day 000, Time 05:45		
t=1425 min | Steps=96 | CGM=125.3 | ROC=-0.508 | Mean4-CGM=125.8 | Err=+15.3 | InsLock=1 | Action=1/16 | rsci_RL=0.00 | InsRate=0.00 pmol/min | Delayed_Reward=0.09 | Cum_Reward=0.74
Sim Day 001, Time 06:00		
t=1440 min | Steps=97 | CGM=124.8 | ROC=-0.737 | Mean4-CGM=126.3 | Err=+14.8 | InsLock=0 | Action=1/16 | rsci_RL=0.00 | InsRate=0.00 pmol/min | Delayed_Reward=0.09 | Cum_Reward=0.83

24h-RESUME | subject=adult#004 | Total_Steps=97 |  Total_Reward=0.83 |  Average_Reward=0.009
