Sim Day 000, Time 06:00		
rlController INIT | subject=adult#010 | pop=Type1 Adult | Gb=113.3 | dailyBasal=29.97U | convFactor=6.00 | cgm_t0=112.3 mg/dL
t=0  min | Steps=1 | CGM=112.3 | ROC=+0.000 | Mean4-CGM=112.3 | Err=+2.3 | InsLock=0 | Action=1/16 | rsci_RL=0.00 | InsRate=0.00 pmol/min | 
Sim Day 000, Time 06:15		
t=15 min | Steps=2 | CGM=116.4 | ROC=+0.464 | Mean4-CGM=113.8 | Err=+6.4 | InsLock=0 | Action=1/16 | rsci_RL=0.00 | InsRate=0.00 pmol/min | Delayed_Reward=0.09 | Cum_Reward=0.09
Sim Day 000, Time 06:30		
t=30 min | Steps=3 | CGM=120.4 | ROC=+0.665 | Mean4-CGM=117.4 | Err=+10.4 | InsLock=0 | Action=1/16 | rsci_RL=0.00 | InsRate=0.00 pmol/min | Delayed_Reward=0.09 | Cum_Reward=0.17
Sim Day 000, Time 06:45		
t=45 min | Steps=4 | CGM=125.3 | ROC=+0.215 | Mean4-CGM=122.5 | Err=+15.3 | InsLock=1 | Action=6/16 | rsci_RL=33.33 | InsRate=200.00 pmol/min | Delayed_Reward=0.09 | Cum_Reward=0.26
Sim Day 000, Time 07:00		
t=60 min | Steps=5 | CGM=127.8 | ROC=+0.503 | Mean4-CGM=126.5 | Err=+17.8 | InsLock=1 | Action=2/16 | rsci_RL=6.67 | InsRate=40.00 pmol/min | Delayed_Reward=0.09 | Cum_Reward=0.35
Sim Day 000, Time 07:15		
t=75 min | Steps=6 | CGM=129.0 | ROC=+0.678 | Mean4-CGM=128.4 | Err=+19.0 | InsLock=1 | Action=3/16 | rsci_RL=13.33 | InsRate=80.00 pmol/min | Delayed_Reward=0.09 | Cum_Reward=0.43
Sim Day 000, Time 07:30		
t=90 min | Steps=7 | CGM=136.6 | ROC=+1.434 | Mean4-CGM=131.3 | Err=+26.6 | InsLock=1 | Action=15/16 | rsci_RL=93.33 | InsRate=560.00 pmol/min | Delayed_Reward=0.09 | Cum_Reward=0.52
Sim Day 000, Time 07:45		
t=105 min | Steps=8 | CGM=154.8 | ROC=+1.620 | Mean4-CGM=143.3 | Err=+44.8 | InsLock=1 | Action=15/16 | rsci_RL=93.33 | InsRate=560.00 pmol/min | Delayed_Reward=-0.03 | Cum_Reward=0.49
Sim Day 000, Time 08:00		
t=120 min | Steps=9 | CGM=164.4 | ROC=-0.005 | Mean4-CGM=160.5 | Err=+54.4 | InsLock=1 | Action=15/16 | rsci_RL=93.33 | InsRate=560.00 pmol/min | Delayed_Reward=0.00 | Cum_Reward=0.49
Sim Day 000, Time 08:15		
t=135 min | Steps=10 | CGM=167.5 | ROC=-0.316 | Mean4-CGM=168.3 | Err=+57.5 | InsLock=1 | Action=15/16 | rsci_RL=93.33 | InsRate=560.00 pmol/min | Delayed_Reward=0.01 | Cum_Reward=0.50
Sim Day 000, Time 08:30		
t=150 min | Steps=11 | CGM=154.2 | ROC=-1.772 | Mean4-CGM=161.8 | Err=+44.2 | InsLock=1 | Action=7/16 | rsci_RL=40.00 | InsRate=240.00 pmol/min | Delayed_Reward=0.03 | Cum_Reward=0.53
Sim Day 000, Time 08:45		
t=165 min | Steps=12 | CGM=142.0 | ROC=-1.407 | Mean4-CGM=149.3 | Err=+32.0 | InsLock=1 | Action=3/16 | rsci_RL=13.33 | InsRate=80.00 pmol/min | Delayed_Reward=0.02 | Cum_Reward=0.55
Sim Day 000, Time 09:00		
t=180 min | Steps=13 | CGM=132.8 | ROC=-1.014 | Mean4-CGM=137.1 | Err=+22.8 | InsLock=1 | Action=1/16 | rsci_RL=0.00 | InsRate=0.00 pmol/min | Delayed_Reward=0.09 | Cum_Reward=0.64
Sim Day 000, Time 09:15		
t=195 min | Steps=14 | CGM=127.5 | ROC=+0.020 | Mean4-CGM=129.2 | Err=+17.5 | InsLock=1 | Action=3/16 | rsci_RL=13.33 | InsRate=80.00 pmol/min | Delayed_Reward=0.09 | Cum_Reward=0.72
Sim Day 000, Time 09:30		
t=210 min | Steps=15 | CGM=126.1 | ROC=+0.220 | Mean4-CGM=125.8 | Err=+16.1 | InsLock=1 | Action=1/16 | rsci_RL=0.00 | InsRate=0.00 pmol/min | Delayed_Reward=0.09 | Cum_Reward=0.81
Sim Day 000, Time 09:45		
t=225 min | Steps=16 | CGM=126.4 | ROC=+0.159 | Mean4-CGM=125.1 | Err=+16.4 | InsLock=1 | Action=1/16 | rsci_RL=0.00 | InsRate=0.00 pmol/min | Delayed_Reward=0.09 | Cum_Reward=0.90
Sim Day 000, Time 10:00		
t=240 min | Steps=17 | CGM=128.2 | ROC=+0.026 | Mean4-CGM=127.3 | Err=+18.2 | InsLock=1 | Action=1/16 | rsci_RL=0.00 | InsRate=0.00 pmol/min | Delayed_Reward=0.09 | Cum_Reward=0.98
Sim Day 000, Time 10:15		
t=255 min | Steps=18 | CGM=131.0 | ROC=+0.452 | Mean4-CGM=129.8 | Err=+21.0 | InsLock=1 | Action=3/16 | rsci_RL=13.33 | InsRate=80.00 pmol/min | Delayed_Reward=0.09 | Cum_Reward=1.07
Sim Day 000, Time 10:30		
t=270 min | Steps=19 | CGM=135.3 | ROC=+0.376 | Mean4-CGM=132.6 | Err=+25.3 | InsLock=1 | Action=3/16 | rsci_RL=13.33 | InsRate=80.00 pmol/min | Delayed_Reward=0.09 | Cum_Reward=1.16
Sim Day 000, Time 10:45		
t=285 min | Steps=20 | CGM=138.3 | ROC=+0.241 | Mean4-CGM=136.8 | Err=+28.3 | InsLock=1 | Action=3/16 | rsci_RL=13.33 | InsRate=80.00 pmol/min | Delayed_Reward=0.09 | Cum_Reward=1.24
Sim Day 000, Time 11:00		
t=300 min | Steps=21 | CGM=135.1 | ROC=-0.345 | Mean4-CGM=137.2 | Err=+25.1 | InsLock=1 | Action=3/16 | rsci_RL=13.33 | InsRate=80.00 pmol/min | Delayed_Reward=0.09 | Cum_Reward=1.33
Sim Day 000, Time 11:15		
t=315 min | Steps=22 | CGM=133.4 | ROC=-0.326 | Mean4-CGM=135.2 | Err=+23.4 | InsLock=1 | Action=3/16 | rsci_RL=13.33 | InsRate=80.00 pmol/min | Delayed_Reward=0.09 | Cum_Reward=1.42
Sim Day 000, Time 11:30		
t=330 min | Steps=23 | CGM=128.2 | ROC=-0.371 | Mean4-CGM=130.7 | Err=+18.2 | InsLock=1 | Action=1/16 | rsci_RL=0.00 | InsRate=0.00 pmol/min | Delayed_Reward=0.09 | Cum_Reward=1.50
Sim Day 000, Time 11:45		
t=345 min | Steps=24 | CGM=128.2 | ROC=-0.142 | Mean4-CGM=129.0 | Err=+18.2 | InsLock=1 | Action=1/16 | rsci_RL=0.00 | InsRate=0.00 pmol/min | Delayed_Reward=0.09 | Cum_Reward=1.59
Sim Day 000, Time 12:00		
t=360 min | Steps=25 | CGM=119.9 | ROC=-1.422 | Mean4-CGM=124.8 | Err=+9.9 | InsLock=0 | Action=1/16 | rsci_RL=0.00 | InsRate=0.00 pmol/min | Delayed_Reward=0.09 | Cum_Reward=1.68
Sim Day 000, Time 12:15		
t=375 min | Steps=26 | CGM=120.4 | ROC=-0.592 | Mean4-CGM=121.3 | Err=+10.4 | InsLock=0 | Action=1/16 | rsci_RL=0.00 | InsRate=0.00 pmol/min | Delayed_Reward=0.09 | Cum_Reward=1.76
Sim Day 000, Time 12:30		
t=390 min | Steps=27 | CGM=116.1 | ROC=-0.552 | Mean4-CGM=118.9 | Err=+6.1 | InsLock=0 | Action=1/16 | rsci_RL=0.00 | InsRate=0.00 pmol/min | Delayed_Reward=0.09 | Cum_Reward=1.85
Sim Day 000, Time 12:45		
t=405 min | Steps=28 | CGM=138.4 | ROC=+1.860 | Mean4-CGM=126.9 | Err=+28.4 | InsLock=1 | Action=6/16 | rsci_RL=33.33 | InsRate=200.00 pmol/min | Delayed_Reward=0.09 | Cum_Reward=1.94
Sim Day 000, Time 13:00		
t=420 min | Steps=29 | CGM=168.2 | ROC=+1.436 | Mean4-CGM=154.4 | Err=+58.2 | InsLock=1 | Action=16/16 | rsci_RL=100.00 | InsRate=600.00 pmol/min | Delayed_Reward=-0.02 | Cum_Reward=1.91
Sim Day 000, Time 13:15		
t=435 min | Steps=30 | CGM=187.1 | ROC=+0.529 | Mean4-CGM=179.5 | Err=+77.1 | InsLock=1 | Action=15/16 | rsci_RL=93.33 | InsRate=560.00 pmol/min | Delayed_Reward=-0.01 | Cum_Reward=1.91
Sim Day 000, Time 13:30		
t=450 min | Steps=31 | CGM=173.0 | ROC=-2.146 | Mean4-CGM=182.9 | Err=+63.0 | InsLock=1 | Action=15/16 | rsci_RL=93.33 | InsRate=560.00 pmol/min | Delayed_Reward=0.04 | Cum_Reward=1.94
Sim Day 000, Time 13:45		
t=465 min | Steps=32 | CGM=147.1 | ROC=-2.399 | Mean4-CGM=162.3 | Err=+37.1 | InsLock=1 | Action=3/16 | rsci_RL=13.33 | InsRate=80.00 pmol/min | Delayed_Reward=0.04 | Cum_Reward=1.98
Sim Day 000, Time 14:00		
t=480 min | Steps=33 | CGM=119.7 | ROC=-1.655 | Mean4-CGM=133.7 | Err=+9.7 | InsLock=0 | Action=1/16 | rsci_RL=0.00 | InsRate=0.00 pmol/min | Delayed_Reward=0.09 | Cum_Reward=2.07
Sim Day 000, Time 14:15		
t=495 min | Steps=34 | CGM=103.0 | ROC=-0.553 | Mean4-CGM=110.7 | Err=-7.0 | InsLock=0 | Action=1/16 | rsci_RL=0.00 | InsRate=0.00 pmol/min | Delayed_Reward=0.09 | Cum_Reward=2.15
Sim Day 000, Time 14:30		
t=510 min | Steps=35 | CGM=95.2 | ROC=-1.102 | Mean4-CGM=99.7 | Err=-14.8 | InsLock=0 | Action=1/16 | rsci_RL=0.00 | InsRate=0.00 pmol/min | Delayed_Reward=-0.13 | Cum_Reward=2.03
Sim Day 000, Time 14:45		
t=525 min | Steps=36 | CGM=96.2 | ROC=+0.330 | Mean4-CGM=94.6 | Err=-13.8 | InsLock=0 | Action=1/16 | rsci_RL=0.00 | InsRate=0.00 pmol/min | Delayed_Reward=-0.05 | Cum_Reward=1.98
Sim Day 000, Time 15:00		
t=540 min | Steps=37 | CGM=102.5 | ROC=+0.178 | Mean4-CGM=99.3 | Err=-7.5 | InsLock=0 | Action=1/16 | rsci_RL=0.00 | InsRate=0.00 pmol/min | Delayed_Reward=-0.06 | Cum_Reward=1.92
Sim Day 000, Time 15:15		
t=555 min | Steps=38 | CGM=110.6 | ROC=+1.178 | Mean4-CGM=105.0 | Err=+0.6 | InsLock=0 | Action=1/16 | rsci_RL=0.00 | InsRate=0.00 pmol/min | Delayed_Reward=0.06 | Cum_Reward=1.99
Sim Day 000, Time 15:30		
t=570 min | Steps=39 | CGM=117.4 | ROC=+0.676 | Mean4-CGM=114.1 | Err=+7.4 | InsLock=0 | Action=1/16 | rsci_RL=0.00 | InsRate=0.00 pmol/min | Delayed_Reward=0.09 | Cum_Reward=2.07
Sim Day 000, Time 15:45		
t=585 min | Steps=40 | CGM=121.1 | ROC=+0.303 | Mean4-CGM=119.1 | Err=+11.1 | InsLock=0 | Action=1/16 | rsci_RL=0.00 | InsRate=0.00 pmol/min | Delayed_Reward=0.09 | Cum_Reward=2.16
Sim Day 000, Time 16:00		
t=600 min | Steps=41 | CGM=122.4 | ROC=-0.552 | Mean4-CGM=122.4 | Err=+12.4 | InsLock=0 | Action=1/16 | rsci_RL=0.00 | InsRate=0.00 pmol/min | Delayed_Reward=0.09 | Cum_Reward=2.25
Sim Day 000, Time 16:15		
t=615 min | Steps=42 | CGM=126.2 | ROC=-0.035 | Mean4-CGM=124.8 | Err=+16.2 | InsLock=1 | Action=6/16 | rsci_RL=33.33 | InsRate=200.00 pmol/min | Delayed_Reward=0.09 | Cum_Reward=2.33
Sim Day 000, Time 16:30		
t=630 min | Steps=43 | CGM=122.2 | ROC=-0.556 | Mean4-CGM=124.4 | Err=+12.2 | InsLock=0 | Action=1/16 | rsci_RL=0.00 | InsRate=0.00 pmol/min | Delayed_Reward=0.09 | Cum_Reward=2.42
Sim Day 000, Time 16:45		
t=645 min | Steps=44 | CGM=117.7 | ROC=-0.323 | Mean4-CGM=120.2 | Err=+7.7 | InsLock=0 | Action=1/16 | rsci_RL=0.00 | InsRate=0.00 pmol/min | Delayed_Reward=0.09 | Cum_Reward=2.51
Sim Day 000, Time 17:00		
t=660 min | Steps=45 | CGM=116.2 | ROC=+0.275 | Mean4-CGM=116.0 | Err=+6.2 | InsLock=0 | Action=1/16 | rsci_RL=0.00 | InsRate=0.00 pmol/min | Delayed_Reward=0.09 | Cum_Reward=2.59
Sim Day 000, Time 17:15		
t=675 min | Steps=46 | CGM=109.6 | ROC=-0.179 | Mean4-CGM=111.4 | Err=-0.4 | InsLock=0 | Action=1/16 | rsci_RL=0.00 | InsRate=0.00 pmol/min | Delayed_Reward=0.09 | Cum_Reward=2.68
Sim Day 000, Time 17:30		
t=690 min | Steps=47 | CGM=109.6 | ROC=+0.453 | Mean4-CGM=108.7 | Err=-0.4 | InsLock=0 | Action=1/16 | rsci_RL=0.00 | InsRate=0.00 pmol/min | Delayed_Reward=0.02 | Cum_Reward=2.70
Sim Day 000, Time 17:45		
t=705 min | Steps=48 | CGM=103.8 | ROC=-0.720 | Mean4-CGM=106.8 | Err=-6.2 | InsLock=0 | Action=1/16 | rsci_RL=0.00 | InsRate=0.00 pmol/min | Delayed_Reward=-0.04 | Cum_Reward=2.66
Sim Day 000, Time 18:00		
t=720 min | Steps=49 | CGM=106.7 | ROC=-0.967 | Mean4-CGM=107.1 | Err=-3.3 | InsLock=0 | Action=1/16 | rsci_RL=0.00 | InsRate=0.00 pmol/min | Delayed_Reward=-0.05 | Cum_Reward=2.61
Sim Day 000, Time 18:15		
t=735 min | Steps=50 | CGM=109.6 | ROC=+0.803 | Mean4-CGM=106.6 | Err=-0.4 | InsLock=0 | Action=1/16 | rsci_RL=0.00 | InsRate=0.00 pmol/min | Delayed_Reward=0.04 | Cum_Reward=2.66
Sim Day 000, Time 18:30		
t=750 min | Steps=51 | CGM=109.9 | ROC=+1.016 | Mean4-CGM=108.0 | Err=-0.1 | InsLock=0 | Action=1/16 | rsci_RL=0.00 | InsRate=0.00 pmol/min | Delayed_Reward=0.05 | Cum_Reward=2.71
Sim Day 000, Time 18:45		
t=765 min | Steps=52 | CGM=108.2 | ROC=+0.038 | Mean4-CGM=107.8 | Err=-1.8 | InsLock=0 | Action=1/16 | rsci_RL=0.00 | InsRate=0.00 pmol/min | Delayed_Reward=0.00 | Cum_Reward=2.71
Sim Day 000, Time 19:00		
t=780 min | Steps=53 | CGM=115.3 | ROC=+1.130 | Mean4-CGM=110.8 | Err=+5.3 | InsLock=0 | Action=1/16 | rsci_RL=0.00 | InsRate=0.00 pmol/min | Delayed_Reward=0.09 | Cum_Reward=2.80
Sim Day 000, Time 19:15		
t=795 min | Steps=54 | CGM=111.7 | ROC=+0.434 | Mean4-CGM=111.3 | Err=+1.7 | InsLock=0 | Action=1/16 | rsci_RL=0.00 | InsRate=0.00 pmol/min | Delayed_Reward=0.09 | Cum_Reward=2.89
Sim Day 000, Time 19:30		
t=810 min | Steps=55 | CGM=114.1 | ROC=+0.057 | Mean4-CGM=112.2 | Err=+4.1 | InsLock=0 | Action=1/16 | rsci_RL=0.00 | InsRate=0.00 pmol/min | Delayed_Reward=0.09 | Cum_Reward=2.97
Sim Day 000, Time 19:45		
t=825 min | Steps=56 | CGM=113.1 | ROC=-0.765 | Mean4-CGM=114.7 | Err=+3.1 | InsLock=0 | Action=1/16 | rsci_RL=0.00 | InsRate=0.00 pmol/min | Delayed_Reward=0.09 | Cum_Reward=3.06
Sim Day 000, Time 20:00		
t=840 min | Steps=57 | CGM=118.6 | ROC=+0.869 | Mean4-CGM=114.5 | Err=+8.6 | InsLock=0 | Action=1/16 | rsci_RL=0.00 | InsRate=0.00 pmol/min | Delayed_Reward=0.09 | Cum_Reward=3.15
Sim Day 000, Time 20:15		
t=855 min | Steps=58 | CGM=120.6 | ROC=-0.205 | Mean4-CGM=120.0 | Err=+10.6 | InsLock=0 | Action=1/16 | rsci_RL=0.00 | InsRate=0.00 pmol/min | Delayed_Reward=0.09 | Cum_Reward=3.23
Sim Day 000, Time 20:30		
t=870 min | Steps=59 | CGM=136.3 | ROC=+1.259 | Mean4-CGM=128.2 | Err=+26.3 | InsLock=1 | Action=6/16 | rsci_RL=33.33 | InsRate=200.00 pmol/min | Delayed_Reward=0.09 | Cum_Reward=3.32
Sim Day 000, Time 20:45		
t=885 min | Steps=60 | CGM=157.2 | ROC=+1.602 | Mean4-CGM=146.2 | Err=+47.2 | InsLock=1 | Action=16/16 | rsci_RL=100.00 | InsRate=600.00 pmol/min | Delayed_Reward=-0.03 | Cum_Reward=3.29
Sim Day 000, Time 21:00		
t=900 min | Steps=61 | CGM=168.7 | ROC=+0.473 | Mean4-CGM=164.2 | Err=+58.7 | InsLock=1 | Action=15/16 | rsci_RL=93.33 | InsRate=560.00 pmol/min | Delayed_Reward=-0.01 | Cum_Reward=3.28
Sim Day 000, Time 21:15		
t=915 min | Steps=62 | CGM=156.5 | ROC=-1.205 | Mean4-CGM=164.6 | Err=+46.5 | InsLock=1 | Action=15/16 | rsci_RL=93.33 | InsRate=560.00 pmol/min | Delayed_Reward=0.02 | Cum_Reward=3.30
Sim Day 000, Time 21:30		
t=930 min | Steps=63 | CGM=129.5 | ROC=-2.252 | Mean4-CGM=143.9 | Err=+19.5 | InsLock=1 | Action=1/16 | rsci_RL=0.00 | InsRate=0.00 pmol/min | Delayed_Reward=0.04 | Cum_Reward=3.34
Sim Day 000, Time 21:45		
t=945 min | Steps=64 | CGM=106.1 | ROC=-2.193 | Mean4-CGM=118.7 | Err=-3.9 | InsLock=0 | Action=1/16 | rsci_RL=0.00 | InsRate=0.00 pmol/min | Delayed_Reward=0.09 | Cum_Reward=3.43
Sim Day 000, Time 22:00		
t=960 min | Steps=65 | CGM=94.7 | ROC=-0.883 | Mean4-CGM=101.1 | Err=-15.3 | InsLock=0 | Action=1/16 | rsci_RL=0.00 | InsRate=0.00 pmol/min | Delayed_Reward=-0.05 | Cum_Reward=3.38
Sim Day 000, Time 22:15		
t=975 min | Steps=66 | CGM=88.4 | ROC=-0.778 | Mean4-CGM=92.3 | Err=-21.6 | InsLock=0 | Action=1/16 | rsci_RL=0.00 | InsRate=0.00 pmol/min | Delayed_Reward=-0.11 | Cum_Reward=3.27
Sim Day 000, Time 22:30		
t=990 min | Steps=67 | CGM=92.2 | ROC=+0.808 | Mean4-CGM=89.4 | Err=-17.8 | InsLock=0 | Action=1/16 | rsci_RL=0.00 | InsRate=0.00 pmol/min | Delayed_Reward=-0.02 | Cum_Reward=3.25
Sim Day 000, Time 22:45		
t=1005 min | Steps=68 | CGM=94.1 | ROC=-0.517 | Mean4-CGM=93.9 | Err=-15.9 | InsLock=0 | Action=1/16 | rsci_RL=0.00 | InsRate=0.00 pmol/min | Delayed_Reward=-0.09 | Cum_Reward=3.16
Sim Day 000, Time 23:00		
t=1020 min | Steps=69 | CGM=101.4 | ROC=+0.722 | Mean4-CGM=98.0 | Err=-8.6 | InsLock=0 | Action=1/16 | rsci_RL=0.00 | InsRate=0.00 pmol/min | Delayed_Reward=-0.03 | Cum_Reward=3.13
Sim Day 000, Time 23:15		
t=1035 min | Steps=70 | CGM=106.7 | ROC=+0.823 | Mean4-CGM=103.1 | Err=-3.3 | InsLock=0 | Action=1/16 | rsci_RL=0.00 | InsRate=0.00 pmol/min | Delayed_Reward=0.04 | Cum_Reward=3.17
Sim Day 000, Time 23:30		
t=1050 min | Steps=71 | CGM=114.8 | ROC=+0.833 | Mean4-CGM=110.0 | Err=+4.8 | InsLock=0 | Action=1/16 | rsci_RL=0.00 | InsRate=0.00 pmol/min | Delayed_Reward=0.09 | Cum_Reward=3.26
Sim Day 000, Time 23:45		
t=1065 min | Steps=72 | CGM=112.0 | ROC=-0.262 | Mean4-CGM=112.3 | Err=+2.0 | InsLock=0 | Action=1/16 | rsci_RL=0.00 | InsRate=0.00 pmol/min | Delayed_Reward=0.09 | Cum_Reward=3.34
Sim Day 000, Time 00:00		
t=1080 min | Steps=73 | CGM=111.3 | ROC=-0.879 | Mean4-CGM=113.2 | Err=+1.3 | InsLock=0 | Action=1/16 | rsci_RL=0.00 | InsRate=0.00 pmol/min | Delayed_Reward=0.09 | Cum_Reward=3.43
Sim Day 000, Time 00:15		
t=1095 min | Steps=74 | CGM=110.3 | ROC=+0.641 | Mean4-CGM=109.9 | Err=+0.3 | InsLock=0 | Action=1/16 | rsci_RL=0.00 | InsRate=0.00 pmol/min | Delayed_Reward=0.03 | Cum_Reward=3.47
Sim Day 000, Time 00:30		
t=1110 min | Steps=75 | CGM=106.1 | ROC=-0.717 | Mean4-CGM=109.0 | Err=-3.9 | InsLock=0 | Action=1/16 | rsci_RL=0.00 | InsRate=0.00 pmol/min | Delayed_Reward=-0.04 | Cum_Reward=3.43
Sim Day 000, Time 00:45		
t=1125 min | Steps=76 | CGM=111.2 | ROC=+0.614 | Mean4-CGM=107.8 | Err=+1.2 | InsLock=0 | Action=1/16 | rsci_RL=0.00 | InsRate=0.00 pmol/min | Delayed_Reward=0.03 | Cum_Reward=3.46
Sim Day 000, Time 01:00		
t=1140 min | Steps=77 | CGM=109.0 | ROC=-0.675 | Mean4-CGM=111.2 | Err=-1.0 | InsLock=0 | Action=1/16 | rsci_RL=0.00 | InsRate=0.00 pmol/min | Delayed_Reward=0.09 | Cum_Reward=3.55
Sim Day 000, Time 01:15		
t=1155 min | Steps=78 | CGM=111.2 | ROC=+0.517 | Mean4-CGM=109.2 | Err=+1.2 | InsLock=0 | Action=1/16 | rsci_RL=0.00 | InsRate=0.00 pmol/min | Delayed_Reward=0.03 | Cum_Reward=3.57
Sim Day 000, Time 01:30		
t=1170 min | Steps=79 | CGM=114.6 | ROC=+0.733 | Mean4-CGM=111.6 | Err=+4.6 | InsLock=0 | Action=1/16 | rsci_RL=0.00 | InsRate=0.00 pmol/min | Delayed_Reward=0.09 | Cum_Reward=3.66
Sim Day 000, Time 01:45		
t=1185 min | Steps=80 | CGM=117.2 | ROC=+1.374 | Mean4-CGM=113.8 | Err=+7.2 | InsLock=0 | Action=1/16 | rsci_RL=0.00 | InsRate=0.00 pmol/min | Delayed_Reward=0.09 | Cum_Reward=3.75
Sim Day 000, Time 02:00		
t=1200 min | Steps=81 | CGM=114.8 | ROC=-0.223 | Mean4-CGM=116.2 | Err=+4.8 | InsLock=0 | Action=1/16 | rsci_RL=0.00 | InsRate=0.00 pmol/min | Delayed_Reward=0.09 | Cum_Reward=3.83
Sim Day 000, Time 02:15		
t=1215 min | Steps=82 | CGM=117.0 | ROC=-0.436 | Mean4-CGM=118.1 | Err=+7.0 | InsLock=0 | Action=1/16 | rsci_RL=0.00 | InsRate=0.00 pmol/min | Delayed_Reward=0.09 | Cum_Reward=3.92
Sim Day 000, Time 02:30		
t=1230 min | Steps=83 | CGM=120.7 | ROC=+0.186 | Mean4-CGM=119.6 | Err=+10.7 | InsLock=0 | Action=1/16 | rsci_RL=0.00 | InsRate=0.00 pmol/min | Delayed_Reward=0.09 | Cum_Reward=4.01
Sim Day 000, Time 02:45		
t=1245 min | Steps=84 | CGM=124.4 | ROC=+0.621 | Mean4-CGM=122.7 | Err=+14.4 | InsLock=0 | Action=1/16 | rsci_RL=0.00 | InsRate=0.00 pmol/min | Delayed_Reward=0.09 | Cum_Reward=4.09
Sim Day 000, Time 03:00		
t=1260 min | Steps=85 | CGM=127.9 | ROC=-0.304 | Mean4-CGM=127.2 | Err=+17.9 | InsLock=1 | Action=6/16 | rsci_RL=33.33 | InsRate=200.00 pmol/min | Delayed_Reward=0.09 | Cum_Reward=4.18
Sim Day 000, Time 03:15		
t=1275 min | Steps=86 | CGM=132.2 | ROC=-0.287 | Mean4-CGM=130.4 | Err=+22.2 | InsLock=1 | Action=2/16 | rsci_RL=6.67 | InsRate=40.00 pmol/min | Delayed_Reward=0.09 | Cum_Reward=4.27
Sim Day 000, Time 03:30		
t=1290 min | Steps=87 | CGM=134.8 | ROC=+0.265 | Mean4-CGM=133.0 | Err=+24.8 | InsLock=1 | Action=3/16 | rsci_RL=13.33 | InsRate=80.00 pmol/min | Delayed_Reward=0.09 | Cum_Reward=4.35
Sim Day 000, Time 03:45		
t=1305 min | Steps=88 | CGM=137.2 | ROC=+0.422 | Mean4-CGM=135.4 | Err=+27.2 | InsLock=1 | Action=3/16 | rsci_RL=13.33 | InsRate=80.00 pmol/min | Delayed_Reward=0.09 | Cum_Reward=4.44
Sim Day 000, Time 04:00		
t=1320 min | Steps=89 | CGM=137.0 | ROC=+0.490 | Mean4-CGM=136.8 | Err=+27.0 | InsLock=1 | Action=3/16 | rsci_RL=13.33 | InsRate=80.00 pmol/min | Delayed_Reward=0.09 | Cum_Reward=4.53
Sim Day 000, Time 04:15		
t=1335 min | Steps=90 | CGM=138.3 | ROC=-0.006 | Mean4-CGM=138.3 | Err=+28.3 | InsLock=1 | Action=3/16 | rsci_RL=13.33 | InsRate=80.00 pmol/min | Delayed_Reward=0.09 | Cum_Reward=4.61
Sim Day 000, Time 04:30		
t=1350 min | Steps=91 | CGM=142.7 | ROC=+0.690 | Mean4-CGM=139.8 | Err=+32.7 | InsLock=1 | Action=15/16 | rsci_RL=93.33 | InsRate=560.00 pmol/min | Delayed_Reward=0.09 | Cum_Reward=4.70
Sim Day 000, Time 04:45		
t=1365 min | Steps=92 | CGM=142.9 | ROC=+0.700 | Mean4-CGM=142.8 | Err=+32.9 | InsLock=1 | Action=15/16 | rsci_RL=93.33 | InsRate=560.00 pmol/min | Delayed_Reward=-0.01 | Cum_Reward=4.69
Sim Day 000, Time 05:00		
t=1380 min | Steps=93 | CGM=136.8 | ROC=-0.861 | Mean4-CGM=140.5 | Err=+26.8 | InsLock=1 | Action=3/16 | rsci_RL=13.33 | InsRate=80.00 pmol/min | Delayed_Reward=0.01 | Cum_Reward=4.70
Sim Day 000, Time 05:15		
t=1395 min | Steps=94 | CGM=126.0 | ROC=-0.101 | Mean4-CGM=130.1 | Err=+16.0 | InsLock=1 | Action=3/16 | rsci_RL=13.33 | InsRate=80.00 pmol/min | Delayed_Reward=0.09 | Cum_Reward=4.79
Sim Day 000, Time 05:30		
t=1410 min | Steps=95 | CGM=114.5 | ROC=+0.179 | Mean4-CGM=119.1 | Err=+4.5 | InsLock=0 | Action=1/16 | rsci_RL=0.00 | InsRate=0.00 pmol/min | Delayed_Reward=0.09 | Cum_Reward=4.88
Sim Day 000, Time 05:45		
t=1425 min | Steps=96 | CGM=109.6 | ROC=-0.646 | Mean4-CGM=111.7 | Err=-0.4 | InsLock=0 | Action=1/16 | rsci_RL=0.00 | InsRate=0.00 pmol/min | Delayed_Reward=0.09 | Cum_Reward=4.96
Sim Day 001, Time 06:00		
t=1440 min | Steps=97 | CGM=109.3 | ROC=-0.663 | Mean4-CGM=110.6 | Err=-0.7 | InsLock=0 | Action=1/16 | rsci_RL=0.00 | InsRate=0.00 pmol/min | Delayed_Reward=0.09 | Cum_Reward=5.05

24h-RESUME | subject=adult#010 | Total_Steps=97 |  Total_Reward=5.05 |  Average_Reward=0.052
